Archive member included to satisfy reference by file (symbol)

c:/program files (x86)/atmel/studio/7.0/toolchain/arm/arm-gnu-toolchain/bin/../lib/gcc/arm-none-eabi/6.3.1/../../../../arm-none-eabi/lib/thumb/v7e-m\libc.a(lib_a-exit.o)
                              c:/program files (x86)/atmel/studio/7.0/toolchain/arm/arm-gnu-toolchain/bin/../lib/gcc/arm-none-eabi/6.3.1/../../../../arm-none-eabi/lib/thumb/v7e-m/crt0.o (exit)
c:/program files (x86)/atmel/studio/7.0/toolchain/arm/arm-gnu-toolchain/bin/../lib/gcc/arm-none-eabi/6.3.1/../../../../arm-none-eabi/lib/thumb/v7e-m\libc.a(lib_a-impure.o)
                              c:/program files (x86)/atmel/studio/7.0/toolchain/arm/arm-gnu-toolchain/bin/../lib/gcc/arm-none-eabi/6.3.1/../../../../arm-none-eabi/lib/thumb/v7e-m\libc.a(lib_a-exit.o) (_global_impure_ptr)
c:/program files (x86)/atmel/studio/7.0/toolchain/arm/arm-gnu-toolchain/bin/../lib/gcc/arm-none-eabi/6.3.1/../../../../arm-none-eabi/lib/thumb/v7e-m\libc.a(lib_a-init.o)
                              c:/program files (x86)/atmel/studio/7.0/toolchain/arm/arm-gnu-toolchain/bin/../lib/gcc/arm-none-eabi/6.3.1/../../../../arm-none-eabi/lib/thumb/v7e-m/crt0.o (__libc_init_array)
c:/program files (x86)/atmel/studio/7.0/toolchain/arm/arm-gnu-toolchain/bin/../lib/gcc/arm-none-eabi/6.3.1/../../../../arm-none-eabi/lib/thumb/v7e-m\libc.a(lib_a-iprintf.o)
                              src/main.o (iprintf)
c:/program files (x86)/atmel/studio/7.0/toolchain/arm/arm-gnu-toolchain/bin/../lib/gcc/arm-none-eabi/6.3.1/../../../../arm-none-eabi/lib/thumb/v7e-m\libc.a(lib_a-memset.o)
                              c:/program files (x86)/atmel/studio/7.0/toolchain/arm/arm-gnu-toolchain/bin/../lib/gcc/arm-none-eabi/6.3.1/../../../../arm-none-eabi/lib/thumb/v7e-m/crt0.o (memset)
c:/program files (x86)/atmel/studio/7.0/toolchain/arm/arm-gnu-toolchain/bin/../lib/gcc/arm-none-eabi/6.3.1/../../../../arm-none-eabi/lib/thumb/v7e-m\libc.a(lib_a-puts.o)
                              src/main.o (puts)
c:/program files (x86)/atmel/studio/7.0/toolchain/arm/arm-gnu-toolchain/bin/../lib/gcc/arm-none-eabi/6.3.1/../../../../arm-none-eabi/lib/thumb/v7e-m\libc.a(lib_a-setbuf.o)
                              src/main.o (setbuf)
c:/program files (x86)/atmel/studio/7.0/toolchain/arm/arm-gnu-toolchain/bin/../lib/gcc/arm-none-eabi/6.3.1/../../../../arm-none-eabi/lib/thumb/v7e-m\libc.a(lib_a-setvbuf.o)
                              c:/program files (x86)/atmel/studio/7.0/toolchain/arm/arm-gnu-toolchain/bin/../lib/gcc/arm-none-eabi/6.3.1/../../../../arm-none-eabi/lib/thumb/v7e-m\libc.a(lib_a-setbuf.o) (setvbuf)
c:/program files (x86)/atmel/studio/7.0/toolchain/arm/arm-gnu-toolchain/bin/../lib/gcc/arm-none-eabi/6.3.1/../../../../arm-none-eabi/lib/thumb/v7e-m\libc.a(lib_a-strlen.o)
                              c:/program files (x86)/atmel/studio/7.0/toolchain/arm/arm-gnu-toolchain/bin/../lib/gcc/arm-none-eabi/6.3.1/../../../../arm-none-eabi/lib/thumb/v7e-m\libc.a(lib_a-puts.o) (strlen)
c:/program files (x86)/atmel/studio/7.0/toolchain/arm/arm-gnu-toolchain/bin/../lib/gcc/arm-none-eabi/6.3.1/../../../../arm-none-eabi/lib/thumb/v7e-m\libc.a(lib_a-vfiprintf.o)
                              c:/program files (x86)/atmel/studio/7.0/toolchain/arm/arm-gnu-toolchain/bin/../lib/gcc/arm-none-eabi/6.3.1/../../../../arm-none-eabi/lib/thumb/v7e-m\libc.a(lib_a-iprintf.o) (_vfiprintf_r)
c:/program files (x86)/atmel/studio/7.0/toolchain/arm/arm-gnu-toolchain/bin/../lib/gcc/arm-none-eabi/6.3.1/../../../../arm-none-eabi/lib/thumb/v7e-m\libc.a(lib_a-wsetup.o)
                              c:/program files (x86)/atmel/studio/7.0/toolchain/arm/arm-gnu-toolchain/bin/../lib/gcc/arm-none-eabi/6.3.1/../../../../arm-none-eabi/lib/thumb/v7e-m\libc.a(lib_a-vfiprintf.o) (__swsetup_r)
c:/program files (x86)/atmel/studio/7.0/toolchain/arm/arm-gnu-toolchain/bin/../lib/gcc/arm-none-eabi/6.3.1/../../../../arm-none-eabi/lib/thumb/v7e-m\libc.a(lib_a-__call_atexit.o)
                              c:/program files (x86)/atmel/studio/7.0/toolchain/arm/arm-gnu-toolchain/bin/../lib/gcc/arm-none-eabi/6.3.1/../../../../arm-none-eabi/lib/thumb/v7e-m\libc.a(lib_a-exit.o) (__call_exitprocs)
c:/program files (x86)/atmel/studio/7.0/toolchain/arm/arm-gnu-toolchain/bin/../lib/gcc/arm-none-eabi/6.3.1/../../../../arm-none-eabi/lib/thumb/v7e-m\libc.a(lib_a-atexit.o)
                              c:/program files (x86)/atmel/studio/7.0/toolchain/arm/arm-gnu-toolchain/bin/../lib/gcc/arm-none-eabi/6.3.1/../../../../arm-none-eabi/lib/thumb/v7e-m\libc.a(lib_a-__call_atexit.o) (atexit)
c:/program files (x86)/atmel/studio/7.0/toolchain/arm/arm-gnu-toolchain/bin/../lib/gcc/arm-none-eabi/6.3.1/../../../../arm-none-eabi/lib/thumb/v7e-m\libc.a(lib_a-fflush.o)
                              c:/program files (x86)/atmel/studio/7.0/toolchain/arm/arm-gnu-toolchain/bin/../lib/gcc/arm-none-eabi/6.3.1/../../../../arm-none-eabi/lib/thumb/v7e-m\libc.a(lib_a-setvbuf.o) (_fflush_r)
[...]
Memory Configuration

Name             Origin             Length             Attributes
rom              0x00400000         0x00200000         xr
ram              0x20400000         0x00060000         xrw
*default*        0x00000000         0xffffffff

Linker script and memory map

LOAD c:/program files (x86)/atmel/studio/7.0/toolchain/arm/arm-gnu-toolchain/bin/../lib/gcc/arm-none-eabi/6.3.1/thumb/v7e-m/crti.o
LOAD c:/program files (x86)/atmel/studio/7.0/toolchain/arm/arm-gnu-toolchain/bin/../lib/gcc/arm-none-eabi/6.3.1/thumb/v7e-m/crtbegin.o
LOAD c:/program files (x86)/atmel/studio/7.0/toolchain/arm/arm-gnu-toolchain/bin/../lib/gcc/arm-none-eabi/6.3.1/../../../../arm-none-eabi/lib/thumb/v7e-m/crt0.o
LOAD src/main.o
LOAD src/ASF/common/services/delay/sam/cycle_counter.o
LOAD src/ASF/sam/drivers/rtc/rtc.o
LOAD src/ASF/sam/drivers/tc/tc.o
LOAD src/ASF/common/services/clock/same70/sysclk.o
LOAD src/ASF/common/services/serial/usart_serial.o
LOAD src/ASF/common/services/sleepmgr/sam/sleepmgr.o
LOAD src/ASF/common/utils/interrupt/interrupt_sam_nvic.o
LOAD src/ASF/common/utils/stdio/read.o
LOAD src/ASF/common/utils/stdio/write.o
LOAD src/ASF/sam/boards/same70_xplained/init.o
LOAD src/ASF/sam/drivers/afec/afec.o
LOAD src/ASF/sam/drivers/mpu/mpu.o
LOAD src/ASF/sam/drivers/pio/pio.o
LOAD src/ASF/sam/drivers/pio/pio_handler.o
LOAD src/ASF/sam/drivers/pmc/pmc.o
LOAD src/ASF/sam/drivers/pmc/sleep.o
LOAD src/ASF/sam/drivers/uart/uart.o
LOAD src/ASF/sam/drivers/usart/usart.o
LOAD src/ASF/sam/utils/cmsis/same70/source/templates/gcc/startup_same70.o
LOAD src/ASF/sam/utils/cmsis/same70/source/templates/system_same70.o
LOAD src/ASF/sam/utils/syscalls/gcc/syscalls.o
START GROUP
LOAD ../src/ASF/thirdparty/CMSIS/Lib/GCC\libarm_cortexM7lfsp_math_softfp.a
LOAD c:/program files (x86)/atmel/studio/7.0/toolchain/arm/arm-gnu-toolchain/bin/../lib/gcc/arm-none-eabi/6.3.1/../../../../arm-none-eabi/lib/thumb/v7e-m\libm.a
END GROUP
START GROUP
LOAD c:/program files (x86)/atmel/studio/7.0/toolchain/arm/arm-gnu-toolchain/bin/../lib/gcc/arm-none-eabi/6.3.1/thumb/v7e-m\libgcc.a
LOAD c:/program files (x86)/atmel/studio/7.0/toolchain/arm/arm-gnu-toolchain/bin/../lib/gcc/arm-none-eabi/6.3.1/../../../../arm-none-eabi/lib/thumb/v7e-m\libc.a
END GROUP
LOAD c:/program files (x86)/atmel/studio/7.0/toolchain/arm/arm-gnu-toolchain/bin/../lib/gcc/arm-none-eabi/6.3.1/thumb/v7e-m/crtend.o
LOAD c:/program files (x86)/atmel/studio/7.0/toolchain/arm/arm-gnu-toolchain/bin/../lib/gcc/arm-none-eabi/6.3.1/thumb/v7e-m/crtn.o
                0x00002000                STACK_SIZE = DEFINED (STACK_SIZE)?STACK_SIZE:0x2000
                0x2045fffc                __ram_end__ = ((ORIGIN (ram) + LENGTH (ram)) - 0x4)
                0x00000200                HEAP_SIZE = DEFINED (HEAP_SIZE)?HEAP_SIZE:0x200

.text           0x00400000     0x477c
                0x00400000                . = ALIGN (0x4)
                0x00400000                _sfixed = .
 *(.vectors .vectors.*)
 .vectors       0x00400000      0x140 src/ASF/sam/utils/cmsis/same70/source/templates/gcc/startup_same70.o
                0x00400000                exception_table
 *(.text .text.* .gnu.linkonce.t.*)
 .text          0x00400140       0x6c c:/program files (x86)/atmel/studio/7.0/toolchain/arm/arm-gnu-toolchain/bin/../lib/gcc/arm-none-eabi/6.3.1/thumb/v7e-m/crtbegin.o
 .text.AFEC_Temp_callback
                0x004001ac       0x20 src/main.o
 .text.usart_serial_getchar
                0x004001cc       0xdc src/main.o
 .text.usart_serial_putchar
                0x004002a8       0xd4 src/main.o
 .text.TC_init  0x0040037c       0xb0 src/main.o
                0x0040037c                TC_init
 .text.TC1_Handler
                0x0040042c       0xa4 src/main.o
                0x0040042c                TC1_Handler
 .text.main     0x004004d0      0x16c src/main.o
                0x004004d0                main
 .text.tc_init  0x0040063c       0x1a src/ASF/sam/drivers/tc/tc.o
                0x0040063c                tc_init
 .text.tc_start
                0x00400656        0x8 src/ASF/sam/drivers/tc/tc.o
                0x00400656                tc_start
 .text.tc_write_rc
                0x0040065e        0x8 src/ASF/sam/drivers/tc/tc.o
                0x0040065e                tc_write_rc
 .text.tc_enable_interrupt
                0x00400666        0x8 src/ASF/sam/drivers/tc/tc.o
                0x00400666                tc_enable_interrupt
 .text.tc_get_status
                0x0040066e        0x8 src/ASF/sam/drivers/tc/tc.o
                0x0040066e                tc_get_status
 .text.tc_find_mck_divisor
                0x00400676       0x70 src/ASF/sam/drivers/tc/tc.o
                0x00400676                tc_find_mck_divisor
 *fill*         0x004006e6        0x2 
 .text.sysclk_init
                0x004006e8       0x70 src/ASF/common/services/clock/same70/sysclk.o
                0x004006e8                sysclk_init
 .text._read    0x00400758       0x3c src/ASF/common/utils/stdio/read.o
                0x00400758                _read
 .text._write   0x00400794       0x50 src/ASF/common/utils/stdio/write.o
                0x00400794                _write
 .text.board_init
                0x004007e4      0x198 src/ASF/sam/boards/same70_xplained/init.o
                0x004007e4                board_init
 .text.afec_process_callback
                0x0040097c       0x88 src/ASF/sam/drivers/afec/afec.o
 .text.afec_ch_set_config
                0x00400a04       0x30 src/ASF/sam/drivers/afec/afec.o
                0x00400a04                afec_ch_set_config
 .text.afec_temp_sensor_set_config
                0x00400a34       0x14 src/ASF/sam/drivers/afec/afec.o
                0x00400a34                afec_temp_sensor_set_config
 .text.afec_get_config_defaults
                0x00400a48       0x30 src/ASF/sam/drivers/afec/afec.o
                0x00400a48                afec_get_config_defaults
 .text.afec_ch_get_config_defaults
                0x00400a78        0xa src/ASF/sam/drivers/afec/afec.o
                0x00400a78                afec_ch_get_config_defaults
 .text.afec_temp_sensor_get_config_defaults
                0x00400a82       0x14 src/ASF/sam/drivers/afec/afec.o
                0x00400a82                afec_temp_sensor_get_config_defaults
 *fill*         0x00400a96        0x2 
 .text.afec_init
                0x00400a98       0xc8 src/ASF/sam/drivers/afec/afec.o
                0x00400a98                afec_init
 .text.afec_enable_interrupt
                0x00400b60       0x38 src/ASF/sam/drivers/afec/afec.o
                0x00400b60                afec_enable_interrupt
 .text.afec_set_callback
                0x00400b98       0x58 src/ASF/sam/drivers/afec/afec.o
                0x00400b98                afec_set_callback
 .text.AFEC0_Handler
                0x00400bf0       0x14 src/ASF/sam/drivers/afec/afec.o
                0x00400bf0                AFEC0_Handler
 .text.AFEC1_Handler
                0x00400c04       0x14 src/ASF/sam/drivers/afec/afec.o
                0x00400c04                AFEC1_Handler
 .text.afec_enable
                0x00400c18       0x64 src/ASF/sam/drivers/afec/afec.o
                0x00400c18                afec_enable
 .text.pio_get_interrupt_status
                0x00400c7c        0x4 src/ASF/sam/drivers/pio/pio.o
                0x00400c7c                pio_get_interrupt_status
 .text.pio_get_interrupt_mask
                0x00400c80        0x4 src/ASF/sam/drivers/pio/pio.o
                0x00400c80                pio_get_interrupt_mask
 .text.pio_handler_process
                0x00400c84       0x50 src/ASF/sam/drivers/pio/pio_handler.o
                0x00400c84                pio_handler_process
 .text.PIOA_Handler
                0x00400cd4       0x14 src/ASF/sam/drivers/pio/pio_handler.o
                0x00400cd4                PIOA_Handler
 .text.PIOB_Handler
                0x00400ce8       0x14 src/ASF/sam/drivers/pio/pio_handler.o
                0x00400ce8                PIOB_Handler
 .text.PIOC_Handler
                0x00400cfc       0x14 src/ASF/sam/drivers/pio/pio_handler.o
                0x00400cfc                PIOC_Handler
 .text.PIOD_Handler
                0x00400d10       0x14 src/ASF/sam/drivers/pio/pio_handler.o
                0x00400d10                PIOD_Handler
 .text.PIOE_Handler
                0x00400d24       0x14 src/ASF/sam/drivers/pio/pio_handler.o
                0x00400d24                PIOE_Handler
 .text.pmc_mck_set_division
                0x00400d38       0x38 src/ASF/sam/drivers/pmc/pmc.o
                0x00400d38                pmc_mck_set_division
 .text.pmc_switch_mck_to_pllack
                0x00400d70       0x64 src/ASF/sam/drivers/pmc/pmc.o
                0x00400d70                pmc_switch_mck_to_pllack
 .text.pmc_switch_mainck_to_xtal
                0x00400dd4       0x54 src/ASF/sam/drivers/pmc/pmc.o
                0x00400dd4                pmc_switch_mainck_to_xtal
 .text.pmc_osc_is_ready_mainck
                0x00400e28       0x10 src/ASF/sam/drivers/pmc/pmc.o
                0x00400e28                pmc_osc_is_ready_mainck
 .text.pmc_disable_pllack
                0x00400e38       0x10 src/ASF/sam/drivers/pmc/pmc.o
                0x00400e38                pmc_disable_pllack
 .text.pmc_is_locked_pllack
                0x00400e48       0x10 src/ASF/sam/drivers/pmc/pmc.o
                0x00400e48                pmc_is_locked_pllack
 .text.pmc_enable_periph_clk
                0x00400e58       0x54 src/ASF/sam/drivers/pmc/pmc.o
                0x00400e58                pmc_enable_periph_clk
 .text.pmc_set_flash_in_wait_mode
                0x00400eac        0x2 src/ASF/sam/drivers/pmc/pmc.o
                0x00400eac                pmc_set_flash_in_wait_mode
 *fill*         0x00400eae        0x2 
 .text.pmc_enable_waitmode
                0x00400eb0       0x4c src/ASF/sam/drivers/pmc/pmc.o
                0x00400eb0                pmc_enable_waitmode
 .text.pmc_sleep
                0x00400efc      0x274 src/ASF/sam/drivers/pmc/sleep.o
                0x00400efc                pmc_sleep
 .text.uart_write
                0x00401170       0x12 src/ASF/sam/drivers/uart/uart.o
                0x00401170                uart_write
 .text.uart_read
                0x00401182       0x14 src/ASF/sam/drivers/uart/uart.o
                0x00401182                uart_read
 .text.usart_set_async_baudrate
                0x00401196       0x5a src/ASF/sam/drivers/usart/usart.o
                0x00401196                usart_set_async_baudrate
 .text.usart_reset
                0x004011f0       0x28 src/ASF/sam/drivers/usart/usart.o
                0x004011f0                usart_reset
 .text.usart_init_rs232
                0x00401218       0x54 src/ASF/sam/drivers/usart/usart.o
                0x00401218                usart_init_rs232
 .text.usart_enable_tx
                0x0040126c        0x6 src/ASF/sam/drivers/usart/usart.o
                0x0040126c                usart_enable_tx
 .text.usart_enable_rx
                0x00401272        0x6 src/ASF/sam/drivers/usart/usart.o
                0x00401272                usart_enable_rx
 .text.usart_write
                0x00401278       0x16 src/ASF/sam/drivers/usart/usart.o
                0x00401278                usart_write
 .text.usart_read
                0x0040128e       0x18 src/ASF/sam/drivers/usart/usart.o
                0x0040128e                usart_read
 .text.Dummy_Handler
                0x004012a6        0x2 src/ASF/sam/utils/cmsis/same70/source/templates/gcc/startup_same70.o
                0x004012a6                DACC_Handler
                0x004012a6                DebugMon_Handler
                0x004012a6                UART3_Handler
                0x004012a6                UART2_Handler
                0x004012a6                TRNG_Handler
                0x004012a6                HardFault_Handler
                0x004012a6                TC2_Handler
                0x004012a6                SysTick_Handler
                0x004012a6                PendSV_Handler
                0x004012a6                NMI_Handler
                0x004012a6                TC7_Handler
                0x004012a6                QSPI_Handler
                0x004012a6                ISI_Handler
                0x004012a6                TC9_Handler
                0x004012a6                RSWDT_Handler
                0x004012a6                MCAN1_Handler
                0x004012a6                USART0_Handler
                0x004012a6                RTT_Handler
                0x004012a6                USBHS_Handler
                0x004012a6                RTC_Handler
                0x004012a6                UsageFault_Handler
                0x004012a6                TC6_Handler
                0x004012a6                WDT_Handler
                0x004012a6                TC4_Handler
                0x004012a6                HSMCI_Handler
                0x004012a6                UART1_Handler
                0x004012a6                TC3_Handler
                0x004012a6                Dummy_Handler
                0x004012a6                TWIHS1_Handler
                0x004012a6                XDMAC_Handler
                0x004012a6                UART4_Handler
                0x004012a6                PWM1_Handler
                0x004012a6                USART1_Handler
                0x004012a6                PWM0_Handler
                0x004012a6                SSC_Handler
                0x004012a6                TC11_Handler
                0x004012a6                ACC_Handler
                0x004012a6                PMC_Handler
                0x004012a6                GMAC_Handler
                0x004012a6                MemManage_Handler
                0x004012a6                SUPC_Handler
                0x004012a6                SVC_Handler
                0x004012a6                TC8_Handler
                0x004012a6                EFC_Handler
                0x004012a6                USART2_Handler
                0x004012a6                SDRAMC_Handler
                0x004012a6                SPI1_Handler
                0x004012a6                MCAN0_Handler
                0x004012a6                TC10_Handler
                0x004012a6                TWIHS2_Handler
                0x004012a6                UART0_Handler
                0x004012a6                BusFault_Handler
                0x004012a6                RSTC_Handler
                0x004012a6                TC0_Handler
                0x004012a6                TC5_Handler
                0x004012a6                ICM_Handler
                0x004012a6                AES_Handler
                0x004012a6                TWIHS0_Handler
                0x004012a6                SPI0_Handler
 .text.Reset_Handler
                0x004012a8       0xc8 src/ASF/sam/utils/cmsis/same70/source/templates/gcc/startup_same70.o
                0x004012a8                Reset_Handler
 .text.SystemCoreClockUpdate
                0x00401370      0x10c src/ASF/sam/utils/cmsis/same70/source/templates/system_same70.o
                0x00401370                SystemCoreClockUpdate
 .text.system_init_flash
                0x0040147c       0x8c src/ASF/sam/utils/cmsis/same70/source/templates/system_same70.o
                0x0040147c                system_init_flash
 .text._sbrk    0x00401508       0x38 src/ASF/sam/utils/syscalls/gcc/syscalls.o
                0x00401508                _sbrk
 .text._close   0x00401540        0x6 src/ASF/sam/utils/syscalls/gcc/syscalls.o
                0x00401540                _close
 .text._fstat   0x00401546        0xa src/ASF/sam/utils/syscalls/gcc/syscalls.o
                0x00401546                _fstat
 .text._isatty  0x00401550        0x4 src/ASF/sam/utils/syscalls/gcc/syscalls.o
                0x00401550                _isatty
 .text._lseek   0x00401554        0x4 src/ASF/sam/utils/syscalls/gcc/syscalls.o
                0x00401554                _lseek
 .text.__libc_init_array
                0x00401558       0x50 c:/program files (x86)/atmel/studio/7.0/toolchain/arm/arm-gnu-toolchain/bin/../lib/gcc/arm-none-eabi/6.3.1/../../../../arm-none-eabi/lib/thumb/v7e-m\libc.a(lib_a-init.o)
                0x00401558                __libc_init_array
 .text.iprintf  0x004015a8       0x28 c:/program files (x86)/atmel/studio/7.0/toolchain/arm/arm-gnu-toolchain/bin/../lib/gcc/arm-none-eabi/6.3.1/../../../../arm-none-eabi/lib/thumb/v7e-m\libc.a(lib_a-iprintf.o)
                0x004015a8                iprintf
 .text.memset   0x004015d0       0x9c c:/program files (x86)/atmel/studio/7.0/toolchain/arm/arm-gnu-toolchain/bin/../lib/gcc/arm-none-eabi/6.3.1/../../../../arm-none-eabi/lib/thumb/v7e-m\libc.a(lib_a-memset.o)
                0x004015d0                memset
 .text._puts_r  0x0040166c       0x9c c:/program files (x86)/atmel/studio/7.0/toolchain/arm/arm-gnu-toolchain/bin/../lib/gcc/arm-none-eabi/6.3.1/../../../../arm-none-eabi/lib/thumb/v7e-m\libc.a(lib_a-puts.o)
                0x0040166c                _puts_r
 .text.puts     0x00401708       0x10 c:/program files (x86)/atmel/studio/7.0/toolchain/arm/arm-gnu-toolchain/bin/../lib/gcc/arm-none-eabi/6.3.1/../../../../arm-none-eabi/lib/thumb/v7e-m\libc.a(lib_a-puts.o)
                0x00401708                puts
 .text.setbuf   0x00401718       0x10 c:/program files (x86)/atmel/studio/7.0/toolchain/arm/arm-gnu-toolchain/bin/../lib/gcc/arm-none-eabi/6.3.1/../../../../arm-none-eabi/lib/thumb/v7e-m\libc.a(lib_a-setbuf.o)
                0x00401718                setbuf
 .text.setvbuf  0x00401728      0x190 c:/program files (x86)/atmel/studio/7.0/toolchain/arm/arm-gnu-toolchain/bin/../lib/gcc/arm-none-eabi/6.3.1/../../../../arm-none-eabi/lib/thumb/v7e-m\libc.a(lib_a-setvbuf.o)
                0x00401728                setvbuf
 *fill*         0x004018b8        0x8 
 .text          0x004018c0       0xdc c:/program files (x86)/atmel/studio/7.0/toolchain/arm/arm-gnu-toolchain/bin/../lib/gcc/arm-none-eabi/6.3.1/../../../../arm-none-eabi/lib/thumb/v7e-m\libc.a(lib_a-strlen.o)
                0x004018c0                strlen
 .text.__sprint_r.part.0
                0x0040199c       0x80 c:/program files (x86)/atmel/studio/7.0/toolchain/arm/arm-gnu-toolchain/bin/../lib/gcc/arm-none-eabi/6.3.1/../../../../arm-none-eabi/lib/thumb/v7e-m\libc.a(lib_a-vfiprintf.o)
 .text._vfiprintf_r
                0x00401a1c      0xc90 c:/program files (x86)/atmel/studio/7.0/toolchain/arm/arm-gnu-toolchain/bin/../lib/gcc/arm-none-eabi/6.3.1/../../../../arm-none-eabi/lib/thumb/v7e-m\libc.a(lib_a-vfiprintf.o)
                0x00401a1c                _vfiprintf_r
 .text.__sbprintf
                0x004026ac       0x84 c:/program files (x86)/atmel/studio/7.0/toolchain/arm/arm-gnu-toolchain/bin/../lib/gcc/arm-none-eabi/6.3.1/../../../../arm-none-eabi/lib/thumb/v7e-m\libc.a(lib_a-vfiprintf.o)
 .text.__swsetup_r
                0x00402730       0xc8 c:/program files (x86)/atmel/studio/7.0/toolchain/arm/arm-gnu-toolchain/bin/../lib/gcc/arm-none-eabi/6.3.1/../../../../arm-none-eabi/lib/thumb/v7e-m\libc.a(lib_a-wsetup.o)
                0x00402730                __swsetup_r
 .text.startup.register_fini
                0x004027f8       0x14 c:/program files (x86)/atmel/studio/7.0/toolchain/arm/arm-gnu-toolchain/bin/../lib/gcc/arm-none-eabi/6.3.1/../../../../arm-none-eabi/lib/thumb/v7e-m\libc.a(lib_a-__call_atexit.o)
 .text.atexit   0x0040280c        0xc c:/program files (x86)/atmel/studio/7.0/toolchain/arm/arm-gnu-toolchain/bin/../lib/gcc/arm-none-eabi/6.3.1/../../../../arm-none-eabi/lib/thumb/v7e-m\libc.a(lib_a-atexit.o)
                0x0040280c                atexit
 .text.__sflush_r
                0x00402818      0x140 c:/program files (x86)/atmel/studio/7.0/toolchain/arm/arm-gnu-toolchain/bin/../lib/gcc/arm-none-eabi/6.3.1/../../../../arm-none-eabi/lib/thumb/v7e-m\libc.a(lib_a-fflush.o)
                0x00402818                __sflush_r
 .text._fflush_r
                0x00402958       0x54 c:/program files (x86)/atmel/studio/7.0/toolchain/arm/arm-gnu-toolchain/bin/../lib/gcc/arm-none-eabi/6.3.1/../../../../arm-none-eabi/lib/thumb/v7e-m\libc.a(lib_a-fflush.o)
                0x00402958                _fflush_r
 .text._cleanup_r
                0x004029ac        0xc c:/program files (x86)/atmel/studio/7.0/toolchain/arm/arm-gnu-toolchain/bin/../lib/gcc/arm-none-eabi/6.3.1/../../../../arm-none-eabi/lib/thumb/v7e-m\libc.a(lib_a-findfp.o)
                0x004029ac                _cleanup_r
 .text.std.isra.0
                0x004029b8       0x50 c:/program files (x86)/atmel/studio/7.0/toolchain/arm/arm-gnu-toolchain/bin/../lib/gcc/arm-none-eabi/6.3.1/../../../../arm-none-eabi/lib/thumb/v7e-m\libc.a(lib_a-findfp.o)
 .text.__sinit  0x00402a08       0x58 c:/program files (x86)/atmel/studio/7.0/toolchain/arm/arm-gnu-toolchain/bin/../lib/gcc/arm-none-eabi/6.3.1/../../../../arm-none-eabi/lib/thumb/v7e-m\libc.a(lib_a-findfp.o)
                0x00402a08                __sinit
 .text.__sfp_lock_acquire
                0x00402a60        0xc c:/program files (x86)/atmel/studio/7.0/toolchain/arm/arm-gnu-toolchain/bin/../lib/gcc/arm-none-eabi/6.3.1/../../../../arm-none-eabi/lib/thumb/v7e-m\libc.a(lib_a-findfp.o)
                0x00402a60                __sfp_lock_acquire
 .text.__sfp_lock_release
                0x00402a6c        0xc c:/program files (x86)/atmel/studio/7.0/toolchain/arm/arm-gnu-toolchain/bin/../lib/gcc/arm-none-eabi/6.3.1/../../../../arm-none-eabi/lib/thumb/v7e-m\libc.a(lib_a-findfp.o)
                0x00402a6c                __sfp_lock_release
 .text.__libc_fini_array
                0x00402a78       0x34 c:/program files (x86)/atmel/studio/7.0/toolchain/arm/arm-gnu-toolchain/bin/../lib/gcc/arm-none-eabi/6.3.1/../../../../arm-none-eabi/lib/thumb/v7e-m\libc.a(lib_a-fini.o)
                0x00402a78                __libc_fini_array
 .text.__fputwc
                0x00402aac       0xa0 c:/program files (x86)/atmel/studio/7.0/toolchain/arm/arm-gnu-toolchain/bin/../lib/gcc/arm-none-eabi/6.3.1/../../../../arm-none-eabi/lib/thumb/v7e-m\libc.a(lib_a-fputwc.o)
                0x00402aac                __fputwc
 .text._fputwc_r
                0x00402b4c       0x68 c:/program files (x86)/atmel/studio/7.0/toolchain/arm/arm-gnu-toolchain/bin/../lib/gcc/arm-none-eabi/6.3.1/../../../../arm-none-eabi/lib/thumb/v7e-m\libc.a(lib_a-fputwc.o)
                0x00402b4c                _fputwc_r
 .text._malloc_trim_r
                0x00402bb4       0xa0 c:/program files (x86)/atmel/studio/7.0/toolchain/arm/arm-gnu-toolchain/bin/../lib/gcc/arm-none-eabi/6.3.1/../../../../arm-none-eabi/lib/thumb/v7e-m\libc.a(lib_a-freer.o)
                0x00402bb4                _malloc_trim_r
 .text._free_r  0x00402c54      0x1cc c:/program files (x86)/atmel/studio/7.0/toolchain/arm/arm-gnu-toolchain/bin/../lib/gcc/arm-none-eabi/6.3.1/../../../../arm-none-eabi/lib/thumb/v7e-m\libc.a(lib_a-freer.o)
                0x00402c54                _free_r
 .text.__sfvwrite_r
                0x00402e20      0x2f0 c:/program files (x86)/atmel/studio/7.0/toolchain/arm/arm-gnu-toolchain/bin/../lib/gcc/arm-none-eabi/6.3.1/../../../../arm-none-eabi/lib/thumb/v7e-m\libc.a(lib_a-fvwrite.o)
                0x00402e20                __sfvwrite_r
 .text._fwalk_reent
                0x00403110       0x54 c:/program files (x86)/atmel/studio/7.0/toolchain/arm/arm-gnu-toolchain/bin/../lib/gcc/arm-none-eabi/6.3.1/../../../../arm-none-eabi/lib/thumb/v7e-m\libc.a(lib_a-fwalk.o)
                0x00403110                _fwalk_reent
 .text.__locale_mb_cur_max
                0x00403164       0x1c c:/program files (x86)/atmel/studio/7.0/toolchain/arm/arm-gnu-toolchain/bin/../lib/gcc/arm-none-eabi/6.3.1/../../../../arm-none-eabi/lib/thumb/v7e-m\libc.a(lib_a-locale.o)
                0x00403164                __locale_mb_cur_max
 .text.__retarget_lock_init_recursive
                0x00403180        0x4 c:/program files (x86)/atmel/studio/7.0/toolchain/arm/arm-gnu-toolchain/bin/../lib/gcc/arm-none-eabi/6.3.1/../../../../arm-none-eabi/lib/thumb/v7e-m\libc.a(lib_a-lock.o)
                0x00403180                __retarget_lock_init_recursive
 .text.__retarget_lock_close_recursive
                0x00403184        0x4 c:/program files (x86)/atmel/studio/7.0/toolchain/arm/arm-gnu-toolchain/bin/../lib/gcc/arm-none-eabi/6.3.1/../../../../arm-none-eabi/lib/thumb/v7e-m\libc.a(lib_a-lock.o)
                0x00403184                __retarget_lock_close_recursive
 .text.__retarget_lock_acquire_recursive
                0x00403188        0x4 c:/program files (x86)/atmel/studio/7.0/toolchain/arm/arm-gnu-toolchain/bin/../lib/gcc/arm-none-eabi/6.3.1/../../../../arm-none-eabi/lib/thumb/v7e-m\libc.a(lib_a-lock.o)
                0x00403188                __retarget_lock_acquire_recursive
 .text.__retarget_lock_release_recursive
                0x0040318c        0x4 c:/program files (x86)/atmel/studio/7.0/toolchain/arm/arm-gnu-toolchain/bin/../lib/gcc/arm-none-eabi/6.3.1/../../../../arm-none-eabi/lib/thumb/v7e-m\libc.a(lib_a-lock.o)
                0x0040318c                __retarget_lock_release_recursive
 .text.__swhatbuf_r
                0x00403190       0x5c c:/program files (x86)/atmel/studio/7.0/toolchain/arm/arm-gnu-toolchain/bin/../lib/gcc/arm-none-eabi/6.3.1/../../../../arm-none-eabi/lib/thumb/v7e-m\libc.a(lib_a-makebuf.o)
                0x00403190                __swhatbuf_r
 .text.__smakebuf_r
                0x004031ec       0x94 c:/program files (x86)/atmel/studio/7.0/toolchain/arm/arm-gnu-toolchain/bin/../lib/gcc/arm-none-eabi/6.3.1/../../../../arm-none-eabi/lib/thumb/v7e-m\libc.a(lib_a-makebuf.o)
                0x004031ec                __smakebuf_r
 .text.malloc   0x00403280       0x10 c:/program files (x86)/atmel/studio/7.0/toolchain/arm/arm-gnu-toolchain/bin/../lib/gcc/arm-none-eabi/6.3.1/../../../../arm-none-eabi/lib/thumb/v7e-m\libc.a(lib_a-malloc.o)
                0x00403280                malloc
 .text._malloc_r
                0x00403290      0x560 c:/program files (x86)/atmel/studio/7.0/toolchain/arm/arm-gnu-toolchain/bin/../lib/gcc/arm-none-eabi/6.3.1/../../../../arm-none-eabi/lib/thumb/v7e-m\libc.a(lib_a-mallocr.o)
                0x00403290                _malloc_r
 .text.__ascii_mbtowc
                0x004037f0       0x2c c:/program files (x86)/atmel/studio/7.0/toolchain/arm/arm-gnu-toolchain/bin/../lib/gcc/arm-none-eabi/6.3.1/../../../../arm-none-eabi/lib/thumb/v7e-m\libc.a(lib_a-mbtowc_r.o)
                0x004037f0                __ascii_mbtowc
 *fill*         0x0040381c        0x4 
 .text          0x00403820       0xa0 c:/program files (x86)/atmel/studio/7.0/toolchain/arm/arm-gnu-toolchain/bin/../lib/gcc/arm-none-eabi/6.3.1/../../../../arm-none-eabi/lib/thumb/v7e-m\libc.a(lib_a-memchr.o)
                0x00403820                memchr
 .text          0x004038c0      0x134 c:/program files (x86)/atmel/studio/7.0/toolchain/arm/arm-gnu-toolchain/bin/../lib/gcc/arm-none-eabi/6.3.1/../../../../arm-none-eabi/lib/thumb/v7e-m\libc.a(lib_a-memcpy.o)
                0x004038c0                memcpy
 .text.memmove  0x004039f4       0xc8 c:/program files (x86)/atmel/studio/7.0/toolchain/arm/arm-gnu-toolchain/bin/../lib/gcc/arm-none-eabi/6.3.1/../../../../arm-none-eabi/lib/thumb/v7e-m\libc.a(lib_a-memmove.o)
                0x004039f4                memmove
 .text.__malloc_lock
                0x00403abc        0xc c:/program files (x86)/atmel/studio/7.0/toolchain/arm/arm-gnu-toolchain/bin/../lib/gcc/arm-none-eabi/6.3.1/../../../../arm-none-eabi/lib/thumb/v7e-m\libc.a(lib_a-mlock.o)
                0x00403abc                __malloc_lock
 .text.__malloc_unlock
                0x00403ac8        0xc c:/program files (x86)/atmel/studio/7.0/toolchain/arm/arm-gnu-toolchain/bin/../lib/gcc/arm-none-eabi/6.3.1/../../../../arm-none-eabi/lib/thumb/v7e-m\libc.a(lib_a-mlock.o)
                0x00403ac8                __malloc_unlock
 .text._realloc_r
                0x00403ad4      0x34c c:/program files (x86)/atmel/studio/7.0/toolchain/arm/arm-gnu-toolchain/bin/../lib/gcc/arm-none-eabi/6.3.1/../../../../arm-none-eabi/lib/thumb/v7e-m\libc.a(lib_a-reallocr.o)
                0x00403ad4                _realloc_r
 .text._sbrk_r  0x00403e20       0x24 c:/program files (x86)/atmel/studio/7.0/toolchain/arm/arm-gnu-toolchain/bin/../lib/gcc/arm-none-eabi/6.3.1/../../../../arm-none-eabi/lib/thumb/v7e-m\libc.a(lib_a-sbrkr.o)
                0x00403e20                _sbrk_r
 .text.__sread  0x00403e44       0x24 c:/program files (x86)/atmel/studio/7.0/toolchain/arm/arm-gnu-toolchain/bin/../lib/gcc/arm-none-eabi/6.3.1/../../../../arm-none-eabi/lib/thumb/v7e-m\libc.a(lib_a-stdio.o)
                0x00403e44                __sread
 .text.__swrite
                0x00403e68       0x3c c:/program files (x86)/atmel/studio/7.0/toolchain/arm/arm-gnu-toolchain/bin/../lib/gcc/arm-none-eabi/6.3.1/../../../../arm-none-eabi/lib/thumb/v7e-m\libc.a(lib_a-stdio.o)
                0x00403e68                __swrite
 .text.__sseek  0x00403ea4       0x20 c:/program files (x86)/atmel/studio/7.0/toolchain/arm/arm-gnu-toolchain/bin/../lib/gcc/arm-none-eabi/6.3.1/../../../../arm-none-eabi/lib/thumb/v7e-m\libc.a(lib_a-stdio.o)
                0x00403ea4                __sseek
 .text.__sclose
                0x00403ec4        0x8 c:/program files (x86)/atmel/studio/7.0/toolchain/arm/arm-gnu-toolchain/bin/../lib/gcc/arm-none-eabi/6.3.1/../../../../arm-none-eabi/lib/thumb/v7e-m\libc.a(lib_a-stdio.o)
                0x00403ec4                __sclose
 .text.__swbuf_r
                0x00403ecc       0xb0 c:/program files (x86)/atmel/studio/7.0/toolchain/arm/arm-gnu-toolchain/bin/../lib/gcc/arm-none-eabi/6.3.1/../../../../arm-none-eabi/lib/thumb/v7e-m\libc.a(lib_a-wbuf.o)
                0x00403ecc                __swbuf_r
 .text._wcrtomb_r
                0x00403f7c       0x54 c:/program files (x86)/atmel/studio/7.0/toolchain/arm/arm-gnu-toolchain/bin/../lib/gcc/arm-none-eabi/6.3.1/../../../../arm-none-eabi/lib/thumb/v7e-m\libc.a(lib_a-wcrtomb.o)
                0x00403f7c                _wcrtomb_r
 .text.__ascii_wctomb
                0x00403fd0       0x1c c:/program files (x86)/atmel/studio/7.0/toolchain/arm/arm-gnu-toolchain/bin/../lib/gcc/arm-none-eabi/6.3.1/../../../../arm-none-eabi/lib/thumb/v7e-m\libc.a(lib_a-wctomb_r.o)
                0x00403fd0                __ascii_wctomb
 .text._write_r
                0x00403fec       0x2c c:/program files (x86)/atmel/studio/7.0/toolchain/arm/arm-gnu-toolchain/bin/../lib/gcc/arm-none-eabi/6.3.1/../../../../arm-none-eabi/lib/thumb/v7e-m\libc.a(lib_a-writer.o)
                0x00403fec                _write_r
 .text.__register_exitproc
                0x00404018       0xc4 c:/program files (x86)/atmel/studio/7.0/toolchain/arm/arm-gnu-toolchain/bin/../lib/gcc/arm-none-eabi/6.3.1/../../../../arm-none-eabi/lib/thumb/v7e-m\libc.a(lib_a-__atexit.o)
                0x00404018                __register_exitproc
 .text._close_r
                0x004040dc       0x24 c:/program files (x86)/atmel/studio/7.0/toolchain/arm/arm-gnu-toolchain/bin/../lib/gcc/arm-none-eabi/6.3.1/../../../../arm-none-eabi/lib/thumb/v7e-m\libc.a(lib_a-closer.o)
                0x004040dc                _close_r
 .text._fclose_r
                0x00404100       0xc4 c:/program files (x86)/atmel/studio/7.0/toolchain/arm/arm-gnu-toolchain/bin/../lib/gcc/arm-none-eabi/6.3.1/../../../../arm-none-eabi/lib/thumb/v7e-m\libc.a(lib_a-fclose.o)
                0x00404100                _fclose_r
 .text._fstat_r
                0x004041c4       0x28 c:/program files (x86)/atmel/studio/7.0/toolchain/arm/arm-gnu-toolchain/bin/../lib/gcc/arm-none-eabi/6.3.1/../../../../arm-none-eabi/lib/thumb/v7e-m\libc.a(lib_a-fstatr.o)
                0x004041c4                _fstat_r
 .text._isatty_r
                0x004041ec       0x24 c:/program files (x86)/atmel/studio/7.0/toolchain/arm/arm-gnu-toolchain/bin/../lib/gcc/arm-none-eabi/6.3.1/../../../../arm-none-eabi/lib/thumb/v7e-m\libc.a(lib_a-isattyr.o)
                0x004041ec                _isatty_r
 .text._lseek_r
                0x00404210       0x2c c:/program files (x86)/atmel/studio/7.0/toolchain/arm/arm-gnu-toolchain/bin/../lib/gcc/arm-none-eabi/6.3.1/../../../../arm-none-eabi/lib/thumb/v7e-m\libc.a(lib_a-lseekr.o)
                0x00404210                _lseek_r
 .text._read_r  0x0040423c       0x2c c:/program files (x86)/atmel/studio/7.0/toolchain/arm/arm-gnu-toolchain/bin/../lib/gcc/arm-none-eabi/6.3.1/../../../../arm-none-eabi/lib/thumb/v7e-m\libc.a(lib_a-readr.o)
                0x0040423c                _read_r
 .text          0x00404268       0x30 c:/program files (x86)/atmel/studio/7.0/toolchain/arm/arm-gnu-toolchain/bin/../lib/gcc/arm-none-eabi/6.3.1/thumb/v7e-m\libgcc.a(_aeabi_uldivmod.o)
                0x00404268                __aeabi_uldivmod
 .text          0x00404298      0x2dc c:/program files (x86)/atmel/studio/7.0/toolchain/arm/arm-gnu-toolchain/bin/../lib/gcc/arm-none-eabi/6.3.1/thumb/v7e-m\libgcc.a(_udivmoddi4.o)
                0x00404298                __udivmoddi4
 .text          0x00404574        0x4 c:/program files (x86)/atmel/studio/7.0/toolchain/arm/arm-gnu-toolchain/bin/../lib/gcc/arm-none-eabi/6.3.1/thumb/v7e-m\libgcc.a(_dvmd_tls.o)
                0x00404574                __aeabi_idiv0
                0x00404574                __aeabi_ldiv0
 *(.glue_7t)
 .glue_7t       0x00404578        0x0 linker stubs
 *(.glue_7)
 .glue_7        0x00404578        0x0 linker stubs
 *(.rodata .rodata* .gnu.linkonce.r.*)
 .rodata.TC1_Handler.str1.4
                0x00404578       0x11 src/main.o
 *fill*         0x00404589        0x3 
 .rodata.main.str1.4
                0x0040458c       0x60 src/main.o
 .rodata._global_impure_ptr
                0x004045ec        0x4 c:/program files (x86)/atmel/studio/7.0/toolchain/arm/arm-gnu-toolchain/bin/../lib/gcc/arm-none-eabi/6.3.1/../../../../arm-none-eabi/lib/thumb/v7e-m\libc.a(lib_a-impure.o)
                0x004045ec                _global_impure_ptr
 .rodata._puts_r.str1.4
                0x004045f0        0x2 c:/program files (x86)/atmel/studio/7.0/toolchain/arm/arm-gnu-toolchain/bin/../lib/gcc/arm-none-eabi/6.3.1/../../../../arm-none-eabi/lib/thumb/v7e-m\libc.a(lib_a-puts.o)
 *fill*         0x004045f2        0x2 
 .rodata._vfiprintf_r.str1.4
                0x004045f4       0x2f c:/program files (x86)/atmel/studio/7.0/toolchain/arm/arm-gnu-toolchain/bin/../lib/gcc/arm-none-eabi/6.3.1/../../../../arm-none-eabi/lib/thumb/v7e-m\libc.a(lib_a-vfiprintf.o)
 *fill*         0x00404623        0x1 
 .rodata.blanks.7217
                0x00404624       0x10 c:/program files (x86)/atmel/studio/7.0/toolchain/arm/arm-gnu-toolchain/bin/../lib/gcc/arm-none-eabi/6.3.1/../../../../arm-none-eabi/lib/thumb/v7e-m\libc.a(lib_a-vfiprintf.o)
 .rodata.zeroes.7218
                0x00404634       0x10 c:/program files (x86)/atmel/studio/7.0/toolchain/arm/arm-gnu-toolchain/bin/../lib/gcc/arm-none-eabi/6.3.1/../../../../arm-none-eabi/lib/thumb/v7e-m\libc.a(lib_a-vfiprintf.o)
 .rodata._setlocale_r.str1.4
                0x00404644        0xa c:/program files (x86)/atmel/studio/7.0/toolchain/arm/arm-gnu-toolchain/bin/../lib/gcc/arm-none-eabi/6.3.1/../../../../arm-none-eabi/lib/thumb/v7e-m\libc.a(lib_a-locale.o)
                                  0xd (size before relaxing)
 *fill*         0x0040464e        0x2 
 .rodata.str1.4
                0x00404650        0x4 c:/program files (x86)/atmel/studio/7.0/toolchain/arm/arm-gnu-toolchain/bin/../lib/gcc/arm-none-eabi/6.3.1/../../../../arm-none-eabi/lib/thumb/v7e-m\libc.a(lib_a-locale.o)
                                  0x2 (size before relaxing)
 .rodata._ctype_
                0x00404654      0x101 c:/program files (x86)/atmel/studio/7.0/toolchain/arm/arm-gnu-toolchain/bin/../lib/gcc/arm-none-eabi/6.3.1/../../../../arm-none-eabi/lib/thumb/v7e-m\libc.a(lib_a-ctype_.o)
                0x00404654                _ctype_
 *(.ARM.extab* .gnu.linkonce.armextab.*)
                0x00404758                . = ALIGN (0x4)
 *fill*         0x00404755        0x3 
 *(.init)
 .init          0x00404758        0x4 c:/program files (x86)/atmel/studio/7.0/toolchain/arm/arm-gnu-toolchain/bin/../lib/gcc/arm-none-eabi/6.3.1/thumb/v7e-m/crti.o
                0x00404758                _init
 .init          0x0040475c        0x8 c:/program files (x86)/atmel/studio/7.0/toolchain/arm/arm-gnu-toolchain/bin/../lib/gcc/arm-none-eabi/6.3.1/thumb/v7e-m/crtn.o
                0x00404764                . = ALIGN (0x4)
                0x00404764                __preinit_array_start = .
 *(.preinit_array)
                0x00404764                __preinit_array_end = .
                0x00404764                . = ALIGN (0x4)
                0x00404764                __init_array_start = .
 *(SORT(.init_array.*))
 .init_array.00000
                0x00404764        0x4 c:/program files (x86)/atmel/studio/7.0/toolchain/arm/arm-gnu-toolchain/bin/../lib/gcc/arm-none-eabi/6.3.1/../../../../arm-none-eabi/lib/thumb/v7e-m\libc.a(lib_a-__call_atexit.o)
 *(.init_array)
 .init_array    0x00404768        0x4 c:/program files (x86)/atmel/studio/7.0/toolchain/arm/arm-gnu-toolchain/bin/../lib/gcc/arm-none-eabi/6.3.1/thumb/v7e-m/crtbegin.o
                0x0040476c                __init_array_end = .
                0x0040476c                . = ALIGN (0x4)
 *crtbegin.o(.ctors)
 *(EXCLUDE_FILE(*crtend.o) .ctors)
 *(SORT(.ctors.*))
 *crtend.o(.ctors)
                0x0040476c                . = ALIGN (0x4)
 *(.fini)
 .fini          0x0040476c        0x4 c:/program files (x86)/atmel/studio/7.0/toolchain/arm/arm-gnu-toolchain/bin/../lib/gcc/arm-none-eabi/6.3.1/thumb/v7e-m/crti.o
                0x0040476c                _fini
 .fini          0x00404770        0x8 c:/program files (x86)/atmel/studio/7.0/toolchain/arm/arm-gnu-toolchain/bin/../lib/gcc/arm-none-eabi/6.3.1/thumb/v7e-m/crtn.o
                0x00404778                . = ALIGN (0x4)
                0x00404778                __fini_array_start = .
 *(.fini_array)
 .fini_array    0x00404778        0x4 c:/program files (x86)/atmel/studio/7.0/toolchain/arm/arm-gnu-toolchain/bin/../lib/gcc/arm-none-eabi/6.3.1/thumb/v7e-m/crtbegin.o
 *(SORT(.fini_array.*))
                0x0040477c                __fini_array_end = .
 *crtbegin.o(.dtors)
 *(EXCLUDE_FILE(*crtend.o) .dtors)
 *(SORT(.dtors.*))
 *crtend.o(.dtors)
                0x0040477c                . = ALIGN (0x4)
                0x0040477c                _efixed = .
                [!provide]                PROVIDE (__exidx_start, .)

.vfp11_veneer   0x0040477c        0x0
 .vfp11_veneer  0x0040477c        0x0 linker stubs

.v4_bx          0x0040477c        0x0
 .v4_bx         0x0040477c        0x0 linker stubs

.iplt           0x0040477c        0x0
 .iplt          0x0040477c        0x0 c:/program files (x86)/atmel/studio/7.0/toolchain/arm/arm-gnu-toolchain/bin/../lib/gcc/arm-none-eabi/6.3.1/thumb/v7e-m/crtbegin.o

.ARM.exidx      0x0040477c        0x8
 *(.ARM.exidx* .gnu.linkonce.armexidx.*)
 .ARM.exidx     0x0040477c        0x8 c:/program files (x86)/atmel/studio/7.0/toolchain/arm/arm-gnu-toolchain/bin/../lib/gcc/arm-none-eabi/6.3.1/thumb/v7e-m\libgcc.a(_udivmoddi4.o)
                [!provide]                PROVIDE (__exidx_end, .)

.eh_frame       0x00404784        0x0
 .eh_frame      0x00404784        0x0 c:/program files (x86)/atmel/studio/7.0/toolchain/arm/arm-gnu-toolchain/bin/../lib/gcc/arm-none-eabi/6.3.1/thumb/v7e-m/crtbegin.o

.rel.dyn        0x00404784        0x0
 .rel.iplt      0x00404784        0x0 c:/program files (x86)/atmel/studio/7.0/toolchain/arm/arm-gnu-toolchain/bin/../lib/gcc/arm-none-eabi/6.3.1/thumb/v7e-m/crtbegin.o

.jcr            0x00404784        0x0
 .jcr           0x00404784        0x0 c:/program files (x86)/atmel/studio/7.0/toolchain/arm/arm-gnu-toolchain/bin/../lib/gcc/arm-none-eabi/6.3.1/thumb/v7e-m/crtbegin.o

.igot.plt       0x00404784        0x0
 .igot.plt      0x00404784        0x0 c:/program files (x86)/atmel/studio/7.0/toolchain/arm/arm-gnu-toolchain/bin/../lib/gcc/arm-none-eabi/6.3.1/thumb/v7e-m/crtbegin.o
                0x00404784                . = ALIGN (0x4)
                0x00404784                _etext = .

.relocate       0x20400000      0x9b8 load address 0x00404784
                0x20400000                . = ALIGN (0x4)
                0x20400000                _srelocate = .
 *(.ramfunc .ramfunc.*)
 *(.data .data.*)
 .data.g_interrupt_enabled
                0x20400000        0x1 src/ASF/common/utils/interrupt/interrupt_sam_nvic.o
                0x20400000                g_interrupt_enabled
 *fill*         0x20400001        0x3 
 .data.SystemCoreClock
                0x20400004        0x4 src/ASF/sam/utils/cmsis/same70/source/templates/system_same70.o
                0x20400004                SystemCoreClock
 .data._impure_ptr
                0x20400008        0x4 c:/program files (x86)/atmel/studio/7.0/toolchain/arm/arm-gnu-toolchain/bin/../lib/gcc/arm-none-eabi/6.3.1/../../../../arm-none-eabi/lib/thumb/v7e-m\libc.a(lib_a-impure.o)
                0x20400008                _impure_ptr
 *fill*         0x2040000c        0x4 
 .data.impure_data
                0x20400010      0x428 c:/program files (x86)/atmel/studio/7.0/toolchain/arm/arm-gnu-toolchain/bin/../lib/gcc/arm-none-eabi/6.3.1/../../../../arm-none-eabi/lib/thumb/v7e-m\libc.a(lib_a-impure.o)
 .data.__atexit_recursive_mutex
                0x20400438        0x4 c:/program files (x86)/atmel/studio/7.0/toolchain/arm/arm-gnu-toolchain/bin/../lib/gcc/arm-none-eabi/6.3.1/../../../../arm-none-eabi/lib/thumb/v7e-m\libc.a(lib_a-__call_atexit.o)
                0x20400438                __atexit_recursive_mutex
 .data.__global_locale
                0x2040043c      0x16c c:/program files (x86)/atmel/studio/7.0/toolchain/arm/arm-gnu-toolchain/bin/../lib/gcc/arm-none-eabi/6.3.1/../../../../arm-none-eabi/lib/thumb/v7e-m\libc.a(lib_a-locale.o)
                0x2040043c                __global_locale
 .data.__malloc_av_
                0x204005a8      0x408 c:/program files (x86)/atmel/studio/7.0/toolchain/arm/arm-gnu-toolchain/bin/../lib/gcc/arm-none-eabi/6.3.1/../../../../arm-none-eabi/lib/thumb/v7e-m\libc.a(lib_a-mallocr.o)
                0x204005a8                __malloc_av_
 .data.__malloc_sbrk_base
                0x204009b0        0x4 c:/program files (x86)/atmel/studio/7.0/toolchain/arm/arm-gnu-toolchain/bin/../lib/gcc/arm-none-eabi/6.3.1/../../../../arm-none-eabi/lib/thumb/v7e-m\libc.a(lib_a-mallocr.o)
                0x204009b0                __malloc_sbrk_base
 .data.__malloc_trim_threshold
                0x204009b4        0x4 c:/program files (x86)/atmel/studio/7.0/toolchain/arm/arm-gnu-toolchain/bin/../lib/gcc/arm-none-eabi/6.3.1/../../../../arm-none-eabi/lib/thumb/v7e-m\libc.a(lib_a-mallocr.o)
                0x204009b4                __malloc_trim_threshold
                0x204009b8                . = ALIGN (0x4)
                0x204009b8                _erelocate = .

.bss            0x204009b8      0x194 load address 0x0040513c
                0x204009b8                . = ALIGN (0x4)
                0x204009b8                _sbss = .
                0x204009b8                _szero = .
 *(.bss .bss.*)
 .bss           0x204009b8       0x1c c:/program files (x86)/atmel/studio/7.0/toolchain/arm/arm-gnu-toolchain/bin/../lib/gcc/arm-none-eabi/6.3.1/thumb/v7e-m/crtbegin.o
 .bss.g_is_conversion_done
                0x204009d4        0x1 src/main.o
                0x204009d4                g_is_conversion_done
 *fill*         0x204009d5        0x3 
 .bss.g_ul_value
                0x204009d8        0x4 src/main.o
                0x204009d8                g_ul_value
 .bss.gs_interrupt_sources
                0x204009dc       0x70 src/ASF/sam/drivers/pio/pio_handler.o
 .bss.b_is_sleep_clock_used
                0x20400a4c        0x1 src/ASF/sam/drivers/pmc/sleep.o
 *fill*         0x20400a4d        0x3 
 .bss.callback_clocks_restored
                0x20400a50        0x4 src/ASF/sam/drivers/pmc/sleep.o
 .bss.ul_reg_val.9325
                0x20400a54        0x4 src/ASF/sam/drivers/usart/usart.o
 .bss.heap.6420
                0x20400a58        0x4 src/ASF/sam/utils/syscalls/gcc/syscalls.o
 .bss.__malloc_current_mallinfo
                0x20400a5c       0x28 c:/program files (x86)/atmel/studio/7.0/toolchain/arm/arm-gnu-toolchain/bin/../lib/gcc/arm-none-eabi/6.3.1/../../../../arm-none-eabi/lib/thumb/v7e-m\libc.a(lib_a-mallocr.o)
                0x20400a5c                __malloc_current_mallinfo
 .bss.__malloc_max_sbrked_mem
                0x20400a84        0x4 c:/program files (x86)/atmel/studio/7.0/toolchain/arm/arm-gnu-toolchain/bin/../lib/gcc/arm-none-eabi/6.3.1/../../../../arm-none-eabi/lib/thumb/v7e-m\libc.a(lib_a-mallocr.o)
                0x20400a84                __malloc_max_sbrked_mem
 .bss.__malloc_max_total_mem
                0x20400a88        0x4 c:/program files (x86)/atmel/studio/7.0/toolchain/arm/arm-gnu-toolchain/bin/../lib/gcc/arm-none-eabi/6.3.1/../../../../arm-none-eabi/lib/thumb/v7e-m\libc.a(lib_a-mallocr.o)
                0x20400a88                __malloc_max_total_mem
 .bss.__malloc_top_pad
                0x20400a8c        0x4 c:/program files (x86)/atmel/studio/7.0/toolchain/arm/arm-gnu-toolchain/bin/../lib/gcc/arm-none-eabi/6.3.1/../../../../arm-none-eabi/lib/thumb/v7e-m\libc.a(lib_a-mallocr.o)
                0x20400a8c                __malloc_top_pad
 *(COMMON)
 COMMON         0x20400a90        0x6 src/ASF/common/services/sleepmgr/sam/sleepmgr.o
                0x20400a90                sleepmgr_locks
 *fill*         0x20400a96        0x2 
 COMMON         0x20400a98        0x4 src/ASF/common/utils/stdio/read.o
                0x20400a98                ptr_get
 COMMON         0x20400a9c        0x8 src/ASF/common/utils/stdio/write.o
                0x20400a9c                ptr_put
                0x20400aa0                stdio_base
 COMMON         0x20400aa4       0x80 src/ASF/sam/drivers/afec/afec.o
                0x20400aa4                afec_callback_pointer
 COMMON         0x20400b24       0x21 c:/program files (x86)/atmel/studio/7.0/toolchain/arm/arm-gnu-toolchain/bin/../lib/gcc/arm-none-eabi/6.3.1/../../../../arm-none-eabi/lib/thumb/v7e-m\libc.a(lib_a-lock.o)
                0x20400b24                __lock___atexit_recursive_mutex
                0x20400b28                __lock___arc4random_mutex
                0x20400b2c                __lock___env_recursive_mutex
                0x20400b30                __lock___sinit_recursive_mutex
                0x20400b34                __lock___malloc_recursive_mutex
                0x20400b38                __lock___at_quick_exit_mutex
                0x20400b3c                __lock___dd_hash_mutex
                0x20400b40                __lock___tz_mutex
                0x20400b44                __lock___sfp_recursive_mutex
 *fill*         0x20400b45        0x3 
 COMMON         0x20400b48        0x4 c:/program files (x86)/atmel/studio/7.0/toolchain/arm/arm-gnu-toolchain/bin/../lib/gcc/arm-none-eabi/6.3.1/../../../../arm-none-eabi/lib/thumb/v7e-m\libc.a(lib_a-reent.o)
                0x20400b48                errno
                0x20400b4c                . = ALIGN (0x4)
                0x20400b4c                _ebss = .
                0x20400b4c                _ezero = .

.stack          0x20400b4c     0x2004 load address 0x004052d0
                0x20400b50                . = ALIGN (0x8)
 *fill*         0x20400b4c        0x4 
                0x20400b50                _sstack = .
                0x20402b50                . = (. + STACK_SIZE)
 *fill*         0x20400b50     0x2000 
                0x20402b50                . = ALIGN (0x8)
                0x20402b50                _estack = .

.heap           0x20402b50      0x200 load address 0x004072d4
                0x20402b50                . = ALIGN (0x8)
                0x20402b50                _sheap = .
                0x20402d50                . = (. + HEAP_SIZE)
 *fill*         0x20402b50      0x200 
                0x20402d50                . = ALIGN (0x8)
                0x20402d50                _eheap = .
                0x20402d50                . = ALIGN (0x4)
                0x20402d50                _end = .
                0x2045ffff                _ram_end_ = ((ORIGIN (ram) + LENGTH (ram)) - 0x1)
OUTPUT(ADC.elf elf32-littlearm)

.ARM.attributes
                0x00000000       0x2e
 .ARM.attributes
                0x00000000       0x1e c:/program files (x86)/atmel/studio/7.0/toolchain/arm/arm-gnu-toolchain/bin/../lib/gcc/arm-none-eabi/6.3.1/thumb/v7e-m/crti.o
 .ARM.attributes
                0x0000001e       0x2e c:/program files (x86)/atmel/studio/7.0/toolchain/arm/arm-gnu-toolchain/bin/../lib/gcc/arm-none-eabi/6.3.1/thumb/v7e-m/crtbegin.o
 .ARM.attributes
                0x0000004c       0x37 src/main.o
 .ARM.attributes
                0x00000083       0x37 src/ASF/sam/drivers/tc/tc.o
 .ARM.attributes
                0x000000ba       0x37 src/ASF/common/services/clock/same70/sysclk.o
 .ARM.attributes
                0x000000f1       0x37 src/ASF/common/services/sleepmgr/sam/sleepmgr.o
 .ARM.attributes
                0x00000128       0x37 src/ASF/common/utils/interrupt/interrupt_sam_nvic.o
 .ARM.attributes
                0x0000015f       0x37 src/ASF/common/utils/stdio/read.o
 .ARM.attributes
                0x00000196       0x37 src/ASF/common/utils/stdio/write.o
 .ARM.attributes
                0x000001cd       0x37 src/ASF/sam/boards/same70_xplained/init.o
 .ARM.attributes
                0x00000204       0x37 src/ASF/sam/drivers/afec/afec.o
 .ARM.attributes
                0x0000023b       0x37 src/ASF/sam/drivers/pio/pio.o
 .ARM.attributes
                0x00000272       0x37 src/ASF/sam/drivers/pio/pio_handler.o
 .ARM.attributes
                0x000002a9       0x37 src/ASF/sam/drivers/pmc/pmc.o
 .ARM.attributes
                0x000002e0       0x37 src/ASF/sam/drivers/pmc/sleep.o
 .ARM.attributes
                0x00000317       0x37 src/ASF/sam/drivers/uart/uart.o
 .ARM.attributes
                0x0000034e       0x37 src/ASF/sam/drivers/usart/usart.o
 .ARM.attributes
                0x00000385       0x37 src/ASF/sam/utils/cmsis/same70/source/templates/gcc/startup_same70.o
 .ARM.attributes
                0x000003bc       0x37 src/ASF/sam/utils/cmsis/same70/source/templates/system_same70.o
 .ARM.attributes
                0x000003f3       0x37 src/ASF/sam/utils/syscalls/gcc/syscalls.o
 .ARM.attributes
                0x0000042a       0x2e c:/program files (x86)/atmel/studio/7.0/toolchain/arm/arm-gnu-toolchain/bin/../lib/gcc/arm-none-eabi/6.3.1/../../../../arm-none-eabi/lib/thumb/v7e-m\libc.a(lib_a-impure.o)
 .ARM.attributes
                0x00000458       0x2e c:/program files (x86)/atmel/studio/7.0/toolchain/arm/arm-gnu-toolchain/bin/../lib/gcc/arm-none-eabi/6.3.1/../../../../arm-none-eabi/lib/thumb/v7e-m\libc.a(lib_a-init.o)
 .ARM.attributes
                0x00000486       0x2e c:/program files (x86)/atmel/studio/7.0/toolchain/arm/arm-gnu-toolchain/bin/../lib/gcc/arm-none-eabi/6.3.1/../../../../arm-none-eabi/lib/thumb/v7e-m\libc.a(lib_a-iprintf.o)
 .ARM.attributes
                0x000004b4       0x2e c:/program files (x86)/atmel/studio/7.0/toolchain/arm/arm-gnu-toolchain/bin/../lib/gcc/arm-none-eabi/6.3.1/../../../../arm-none-eabi/lib/thumb/v7e-m\libc.a(lib_a-memset.o)
 .ARM.attributes
                0x000004e2       0x2e c:/program files (x86)/atmel/studio/7.0/toolchain/arm/arm-gnu-toolchain/bin/../lib/gcc/arm-none-eabi/6.3.1/../../../../arm-none-eabi/lib/thumb/v7e-m\libc.a(lib_a-puts.o)
 .ARM.attributes
                0x00000510       0x2e c:/program files (x86)/atmel/studio/7.0/toolchain/arm/arm-gnu-toolchain/bin/../lib/gcc/arm-none-eabi/6.3.1/../../../../arm-none-eabi/lib/thumb/v7e-m\libc.a(lib_a-setbuf.o)
 .ARM.attributes
                0x0000053e       0x2e c:/program files (x86)/atmel/studio/7.0/toolchain/arm/arm-gnu-toolchain/bin/../lib/gcc/arm-none-eabi/6.3.1/../../../../arm-none-eabi/lib/thumb/v7e-m\libc.a(lib_a-setvbuf.o)
 .ARM.attributes
                0x0000056c       0x1c c:/program files (x86)/atmel/studio/7.0/toolchain/arm/arm-gnu-toolchain/bin/../lib/gcc/arm-none-eabi/6.3.1/../../../../arm-none-eabi/lib/thumb/v7e-m\libc.a(lib_a-strlen.o)
 .ARM.attributes
                0x00000588       0x2e c:/program files (x86)/atmel/studio/7.0/toolchain/arm/arm-gnu-toolchain/bin/../lib/gcc/arm-none-eabi/6.3.1/../../../../arm-none-eabi/lib/thumb/v7e-m\libc.a(lib_a-vfiprintf.o)
 .ARM.attributes
                0x000005b6       0x2e c:/program files (x86)/atmel/studio/7.0/toolchain/arm/arm-gnu-toolchain/bin/../lib/gcc/arm-none-eabi/6.3.1/../../../../arm-none-eabi/lib/thumb/v7e-m\libc.a(lib_a-wsetup.o)
 .ARM.attributes
                0x000005e4       0x2e c:/program files (x86)/atmel/studio/7.0/toolchain/arm/arm-gnu-toolchain/bin/../lib/gcc/arm-none-eabi/6.3.1/../../../../arm-none-eabi/lib/thumb/v7e-m\libc.a(lib_a-__call_atexit.o)
 .ARM.attributes
                0x00000612       0x2e c:/program files (x86)/atmel/studio/7.0/toolchain/arm/arm-gnu-toolchain/bin/../lib/gcc/arm-none-eabi/6.3.1/../../../../arm-none-eabi/lib/thumb/v7e-m\libc.a(lib_a-atexit.o)
 .ARM.attributes
                0x00000640       0x2e c:/program files (x86)/atmel/studio/7.0/toolchain/arm/arm-gnu-toolchain/bin/../lib/gcc/arm-none-eabi/6.3.1/../../../../arm-none-eabi/lib/thumb/v7e-m\libc.a(lib_a-fflush.o)
 .ARM.attributes
                0x0000066e       0x2e c:/program files (x86)/atmel/studio/7.0/toolchain/arm/arm-gnu-toolchain/bin/../lib/gcc/arm-none-eabi/6.3.1/../../../../arm-none-eabi/lib/thumb/v7e-m\libc.a(lib_a-findfp.o)
 .ARM.attributes
                0x0000069c       0x2e c:/program files (x86)/atmel/studio/7.0/toolchain/arm/arm-gnu-toolchain/bin/../lib/gcc/arm-none-eabi/6.3.1/../../../../arm-none-eabi/lib/thumb/v7e-m\libc.a(lib_a-fini.o)
 .ARM.attributes
                0x000006ca       0x2e c:/program files (x86)/atmel/studio/7.0/toolchain/arm/arm-gnu-toolchain/bin/../lib/gcc/arm-none-eabi/6.3.1/../../../../arm-none-eabi/lib/thumb/v7e-m\libc.a(lib_a-fputwc.o)
 .ARM.attributes
                0x000006f8       0x2e c:/program files (x86)/atmel/studio/7.0/toolchain/arm/arm-gnu-toolchain/bin/../lib/gcc/arm-none-eabi/6.3.1/../../../../arm-none-eabi/lib/thumb/v7e-m\libc.a(lib_a-freer.o)
 .ARM.attributes
                0x00000726       0x2e c:/program files (x86)/atmel/studio/7.0/toolchain/arm/arm-gnu-toolchain/bin/../lib/gcc/arm-none-eabi/6.3.1/../../../../arm-none-eabi/lib/thumb/v7e-m\libc.a(lib_a-fvwrite.o)
 .ARM.attributes
                0x00000754       0x2e c:/program files (x86)/atmel/studio/7.0/toolchain/arm/arm-gnu-toolchain/bin/../lib/gcc/arm-none-eabi/6.3.1/../../../../arm-none-eabi/lib/thumb/v7e-m\libc.a(lib_a-fwalk.o)
 .ARM.attributes
                0x00000782       0x2e c:/program files (x86)/atmel/studio/7.0/toolchain/arm/arm-gnu-toolchain/bin/../lib/gcc/arm-none-eabi/6.3.1/../../../../arm-none-eabi/lib/thumb/v7e-m\libc.a(lib_a-locale.o)
 .ARM.attributes
                0x000007b0       0x2e c:/program files (x86)/atmel/studio/7.0/toolchain/arm/arm-gnu-toolchain/bin/../lib/gcc/arm-none-eabi/6.3.1/../../../../arm-none-eabi/lib/thumb/v7e-m\libc.a(lib_a-lock.o)
 .ARM.attributes
                0x000007de       0x2e c:/program files (x86)/atmel/studio/7.0/toolchain/arm/arm-gnu-toolchain/bin/../lib/gcc/arm-none-eabi/6.3.1/../../../../arm-none-eabi/lib/thumb/v7e-m\libc.a(lib_a-makebuf.o)
 .ARM.attributes
                0x0000080c       0x2e c:/program files (x86)/atmel/studio/7.0/toolchain/arm/arm-gnu-toolchain/bin/../lib/gcc/arm-none-eabi/6.3.1/../../../../arm-none-eabi/lib/thumb/v7e-m\libc.a(lib_a-malloc.o)
 .ARM.attributes
                0x0000083a       0x2e c:/program files (x86)/atmel/studio/7.0/toolchain/arm/arm-gnu-toolchain/bin/../lib/gcc/arm-none-eabi/6.3.1/../../../../arm-none-eabi/lib/thumb/v7e-m\libc.a(lib_a-mallocr.o)
 .ARM.attributes
                0x00000868       0x2e c:/program files (x86)/atmel/studio/7.0/toolchain/arm/arm-gnu-toolchain/bin/../lib/gcc/arm-none-eabi/6.3.1/../../../../arm-none-eabi/lib/thumb/v7e-m\libc.a(lib_a-mbtowc_r.o)
 .ARM.attributes
                0x00000896       0x1c c:/program files (x86)/atmel/studio/7.0/toolchain/arm/arm-gnu-toolchain/bin/../lib/gcc/arm-none-eabi/6.3.1/../../../../arm-none-eabi/lib/thumb/v7e-m\libc.a(lib_a-memchr.o)
 .ARM.attributes
                0x000008b2       0x1c c:/program files (x86)/atmel/studio/7.0/toolchain/arm/arm-gnu-toolchain/bin/../lib/gcc/arm-none-eabi/6.3.1/../../../../arm-none-eabi/lib/thumb/v7e-m\libc.a(lib_a-memcpy.o)
 .ARM.attributes
                0x000008ce       0x2e c:/program files (x86)/atmel/studio/7.0/toolchain/arm/arm-gnu-toolchain/bin/../lib/gcc/arm-none-eabi/6.3.1/../../../../arm-none-eabi/lib/thumb/v7e-m\libc.a(lib_a-memmove.o)
 .ARM.attributes
                0x000008fc       0x2e c:/program files (x86)/atmel/studio/7.0/toolchain/arm/arm-gnu-toolchain/bin/../lib/gcc/arm-none-eabi/6.3.1/../../../../arm-none-eabi/lib/thumb/v7e-m\libc.a(lib_a-mlock.o)
 .ARM.attributes
                0x0000092a       0x2e c:/program files (x86)/atmel/studio/7.0/toolchain/arm/arm-gnu-toolchain/bin/../lib/gcc/arm-none-eabi/6.3.1/../../../../arm-none-eabi/lib/thumb/v7e-m\libc.a(lib_a-reallocr.o)
 .ARM.attributes
                0x00000958       0x2e c:/program files (x86)/atmel/studio/7.0/toolchain/arm/arm-gnu-toolchain/bin/../lib/gcc/arm-none-eabi/6.3.1/../../../../arm-none-eabi/lib/thumb/v7e-m\libc.a(lib_a-sbrkr.o)
 .ARM.attributes
                0x00000986       0x2e c:/program files (x86)/atmel/studio/7.0/toolchain/arm/arm-gnu-toolchain/bin/../lib/gcc/arm-none-eabi/6.3.1/../../../../arm-none-eabi/lib/thumb/v7e-m\libc.a(lib_a-stdio.o)
 .ARM.attributes
                0x000009b4       0x2e c:/program files (x86)/atmel/studio/7.0/toolchain/arm/arm-gnu-toolchain/bin/../lib/gcc/arm-none-eabi/6.3.1/../../../../arm-none-eabi/lib/thumb/v7e-m\libc.a(lib_a-wbuf.o)
 .ARM.attributes
                0x000009e2       0x2e c:/program files (x86)/atmel/studio/7.0/toolchain/arm/arm-gnu-toolchain/bin/../lib/gcc/arm-none-eabi/6.3.1/../../../../arm-none-eabi/lib/thumb/v7e-m\libc.a(lib_a-wcrtomb.o)
 .ARM.attributes
                0x00000a10       0x2e c:/program files (x86)/atmel/studio/7.0/toolchain/arm/arm-gnu-toolchain/bin/../lib/gcc/arm-none-eabi/6.3.1/../../../../arm-none-eabi/lib/thumb/v7e-m\libc.a(lib_a-wctomb_r.o)
 .ARM.attributes
                0x00000a3e       0x2e c:/program files (x86)/atmel/studio/7.0/toolchain/arm/arm-gnu-toolchain/bin/../lib/gcc/arm-none-eabi/6.3.1/../../../../arm-none-eabi/lib/thumb/v7e-m\libc.a(lib_a-writer.o)
 .ARM.attributes
                0x00000a6c       0x2e c:/program files (x86)/atmel/studio/7.0/toolchain/arm/arm-gnu-toolchain/bin/../lib/gcc/arm-none-eabi/6.3.1/../../../../arm-none-eabi/lib/thumb/v7e-m\libc.a(lib_a-__atexit.o)
 .ARM.attributes
                0x00000a9a       0x2e c:/program files (x86)/atmel/studio/7.0/toolchain/arm/arm-gnu-toolchain/bin/../lib/gcc/arm-none-eabi/6.3.1/../../../../arm-none-eabi/lib/thumb/v7e-m\libc.a(lib_a-closer.o)
 .ARM.attributes
                0x00000ac8       0x2e c:/program files (x86)/atmel/studio/7.0/toolchain/arm/arm-gnu-toolchain/bin/../lib/gcc/arm-none-eabi/6.3.1/../../../../arm-none-eabi/lib/thumb/v7e-m\libc.a(lib_a-ctype_.o)
 .ARM.attributes
                0x00000af6       0x2e c:/program files (x86)/atmel/studio/7.0/toolchain/arm/arm-gnu-toolchain/bin/../lib/gcc/arm-none-eabi/6.3.1/../../../../arm-none-eabi/lib/thumb/v7e-m\libc.a(lib_a-fclose.o)
 .ARM.attributes
                0x00000b24       0x2e c:/program files (x86)/atmel/studio/7.0/toolchain/arm/arm-gnu-toolchain/bin/../lib/gcc/arm-none-eabi/6.3.1/../../../../arm-none-eabi/lib/thumb/v7e-m\libc.a(lib_a-fstatr.o)
 .ARM.attributes
                0x00000b52       0x2e c:/program files (x86)/atmel/studio/7.0/toolchain/arm/arm-gnu-toolchain/bin/../lib/gcc/arm-none-eabi/6.3.1/../../../../arm-none-eabi/lib/thumb/v7e-m\libc.a(lib_a-isattyr.o)
 .ARM.attributes
                0x00000b80       0x2e c:/program files (x86)/atmel/studio/7.0/toolchain/arm/arm-gnu-toolchain/bin/../lib/gcc/arm-none-eabi/6.3.1/../../../../arm-none-eabi/lib/thumb/v7e-m\libc.a(lib_a-lseekr.o)
 .ARM.attributes
                0x00000bae       0x2e c:/program files (x86)/atmel/studio/7.0/toolchain/arm/arm-gnu-toolchain/bin/../lib/gcc/arm-none-eabi/6.3.1/../../../../arm-none-eabi/lib/thumb/v7e-m\libc.a(lib_a-readr.o)
 .ARM.attributes
                0x00000bdc       0x2e c:/program files (x86)/atmel/studio/7.0/toolchain/arm/arm-gnu-toolchain/bin/../lib/gcc/arm-none-eabi/6.3.1/../../../../arm-none-eabi/lib/thumb/v7e-m\libc.a(lib_a-reent.o)
 .ARM.attributes
                0x00000c0a       0x1e c:/program files (x86)/atmel/studio/7.0/toolchain/arm/arm-gnu-toolchain/bin/../lib/gcc/arm-none-eabi/6.3.1/thumb/v7e-m\libgcc.a(_aeabi_uldivmod.o)
 .ARM.attributes
                0x00000c28       0x2e c:/program files (x86)/atmel/studio/7.0/toolchain/arm/arm-gnu-toolchain/bin/../lib/gcc/arm-none-eabi/6.3.1/thumb/v7e-m\libgcc.a(_udivmoddi4.o)
 .ARM.attributes
                0x00000c56       0x1e c:/program files (x86)/atmel/studio/7.0/toolchain/arm/arm-gnu-toolchain/bin/../lib/gcc/arm-none-eabi/6.3.1/thumb/v7e-m\libgcc.a(_dvmd_tls.o)
 .ARM.attributes
                0x00000c74       0x1e c:/program files (x86)/atmel/studio/7.0/toolchain/arm/arm-gnu-toolchain/bin/../lib/gcc/arm-none-eabi/6.3.1/thumb/v7e-m/crtn.o

.comment        0x00000000       0x59
 .comment       0x00000000       0x59 src/main.o
                                 0x5a (size before relaxing)
 .comment       0x00000059       0x5a src/ASF/sam/drivers/tc/tc.o
 .comment       0x00000059       0x5a src/ASF/common/services/clock/same70/sysclk.o
 .comment       0x00000059       0x5a src/ASF/common/services/sleepmgr/sam/sleepmgr.o
 .comment       0x00000059       0x5a src/ASF/common/utils/interrupt/interrupt_sam_nvic.o
 .comment       0x00000059       0x5a src/ASF/common/utils/stdio/read.o
 .comment       0x00000059       0x5a src/ASF/common/utils/stdio/write.o
 .comment       0x00000059       0x5a src/ASF/sam/boards/same70_xplained/init.o
 .comment       0x00000059       0x5a src/ASF/sam/drivers/afec/afec.o
 .comment       0x00000059       0x5a src/ASF/sam/drivers/pio/pio.o
 .comment       0x00000059       0x5a src/ASF/sam/drivers/pio/pio_handler.o
 .comment       0x00000059       0x5a src/ASF/sam/drivers/pmc/pmc.o
 .comment       0x00000059       0x5a src/ASF/sam/drivers/pmc/sleep.o
 .comment       0x00000059       0x5a src/ASF/sam/drivers/uart/uart.o
 .comment       0x00000059       0x5a src/ASF/sam/drivers/usart/usart.o
 .comment       0x00000059       0x5a src/ASF/sam/utils/cmsis/same70/source/templates/gcc/startup_same70.o
 .comment       0x00000059       0x5a src/ASF/sam/utils/cmsis/same70/source/templates/system_same70.o
 .comment       0x00000059       0x5a src/ASF/sam/utils/syscalls/gcc/syscalls.o

.debug_info     0x00000000    0x18b38
 .debug_info    0x00000000     0x2a59 src/main.o
 .debug_info    0x00002a59     0x1233 src/ASF/sam/drivers/tc/tc.o
 .debug_info    0x00003c8c     0x1267 src/ASF/common/services/clock/same70/sysclk.o
 .debug_info    0x00004ef3      0xa8e src/ASF/common/services/sleepmgr/sam/sleepmgr.o
 .debug_info    0x00005981      0xb01 src/ASF/common/utils/interrupt/interrupt_sam_nvic.o
 .debug_info    0x00006482      0xac9 src/ASF/common/utils/stdio/read.o
 .debug_info    0x00006f4b      0xac6 src/ASF/common/utils/stdio/write.o
 .debug_info    0x00007a11     0x201f src/ASF/sam/boards/same70_xplained/init.o
 .debug_info    0x00009a30     0x245a src/ASF/sam/drivers/afec/afec.o
 .debug_info    0x0000be8a     0x2150 src/ASF/sam/drivers/pio/pio.o
 .debug_info    0x0000dfda     0x1b22 src/ASF/sam/drivers/pio/pio_handler.o
 .debug_info    0x0000fafc     0x1e0e src/ASF/sam/drivers/pmc/pmc.o
 .debug_info    0x0001190a     0x165a src/ASF/sam/drivers/pmc/sleep.o
 .debug_info    0x00012f64     0x103b src/ASF/sam/drivers/uart/uart.o
 .debug_info    0x00013f9f     0x2324 src/ASF/sam/drivers/usart/usart.o
 .debug_info    0x000162c3     0x156a src/ASF/sam/utils/cmsis/same70/source/templates/gcc/startup_same70.o
 .debug_info    0x0001782d      0x55b src/ASF/sam/utils/cmsis/same70/source/templates/system_same70.o
 .debug_info    0x00017d88      0xdb0 src/ASF/sam/utils/syscalls/gcc/syscalls.o

.debug_abbrev   0x00000000     0x345a
 .debug_abbrev  0x00000000      0x476 src/main.o
 .debug_abbrev  0x00000476      0x293 src/ASF/sam/drivers/tc/tc.o
 .debug_abbrev  0x00000709      0x31f src/ASF/common/services/clock/same70/sysclk.o
 .debug_abbrev  0x00000a28      0x1b2 src/ASF/common/services/sleepmgr/sam/sleepmgr.o
 .debug_abbrev  0x00000bda      0x212 src/ASF/common/utils/interrupt/interrupt_sam_nvic.o
 .debug_abbrev  0x00000dec      0x1fe src/ASF/common/utils/stdio/read.o
 .debug_abbrev  0x00000fea      0x1e9 src/ASF/common/utils/stdio/write.o
 .debug_abbrev  0x000011d3      0x368 src/ASF/sam/boards/same70_xplained/init.o
 .debug_abbrev  0x0000153b      0x4d7 src/ASF/sam/drivers/afec/afec.o
 .debug_abbrev  0x00001a12      0x410 src/ASF/sam/drivers/pio/pio.o
 .debug_abbrev  0x00001e22      0x32f src/ASF/sam/drivers/pio/pio_handler.o
 .debug_abbrev  0x00002151      0x369 src/ASF/sam/drivers/pmc/pmc.o
 .debug_abbrev  0x000024ba      0x32b src/ASF/sam/drivers/pmc/sleep.o
 .debug_abbrev  0x000027e5      0x26e src/ASF/sam/drivers/uart/uart.o
 .debug_abbrev  0x00002a53      0x3bd src/ASF/sam/drivers/usart/usart.o
 .debug_abbrev  0x00002e10      0x2e4 src/ASF/sam/utils/cmsis/same70/source/templates/gcc/startup_same70.o
 .debug_abbrev  0x000030f4      0x102 src/ASF/sam/utils/cmsis/same70/source/templates/system_same70.o
 .debug_abbrev  0x000031f6      0x264 src/ASF/sam/utils/syscalls/gcc/syscalls.o

.debug_loc      0x00000000     0x5454
 .debug_loc     0x00000000      0x67f src/main.o
 .debug_loc     0x0000067f      0x5a4 src/ASF/sam/drivers/tc/tc.o
 .debug_loc     0x00000c23      0x183 src/ASF/common/services/clock/same70/sysclk.o
 .debug_loc     0x00000da6       0xb3 src/ASF/common/utils/stdio/read.o
 .debug_loc     0x00000e59      0x12b src/ASF/common/utils/stdio/write.o
 .debug_loc     0x00000f84      0x261 src/ASF/sam/boards/same70_xplained/init.o
 .debug_loc     0x000011e5      0xa8b src/ASF/sam/drivers/afec/afec.o
 .debug_loc     0x00001c70      0xea4 src/ASF/sam/drivers/pio/pio.o
 .debug_loc     0x00002b14      0x588 src/ASF/sam/drivers/pio/pio_handler.o
 .debug_loc     0x0000309c      0xce3 src/ASF/sam/drivers/pmc/pmc.o
 .debug_loc     0x00003d7f      0x389 src/ASF/sam/drivers/pmc/sleep.o
 .debug_loc     0x00004108      0x2a3 src/ASF/sam/drivers/uart/uart.o
 .debug_loc     0x000043ab      0xf35 src/ASF/sam/drivers/usart/usart.o
 .debug_loc     0x000052e0       0x77 src/ASF/sam/utils/cmsis/same70/source/templates/gcc/startup_same70.o
 .debug_loc     0x00005357       0xfd src/ASF/sam/utils/syscalls/gcc/syscalls.o

.debug_aranges  0x00000000      0xb70
 .debug_aranges
                0x00000000       0x48 src/main.o
 .debug_aranges
                0x00000048       0xd0 src/ASF/sam/drivers/tc/tc.o
 .debug_aranges
                0x00000118       0x40 src/ASF/common/services/clock/same70/sysclk.o
 .debug_aranges
                0x00000158       0x18 src/ASF/common/services/sleepmgr/sam/sleepmgr.o
 .debug_aranges
                0x00000170       0x28 src/ASF/common/utils/interrupt/interrupt_sam_nvic.o
 .debug_aranges
                0x00000198       0x20 src/ASF/common/utils/stdio/read.o
 .debug_aranges
                0x000001b8       0x20 src/ASF/common/utils/stdio/write.o
 .debug_aranges
                0x000001d8       0x20 src/ASF/sam/boards/same70_xplained/init.o
 .debug_aranges
                0x000001f8       0xb8 src/ASF/sam/drivers/afec/afec.o
 .debug_aranges
                0x000002b0      0x1a8 src/ASF/sam/drivers/pio/pio.o
 .debug_aranges
                0x00000458       0x60 src/ASF/sam/drivers/pio/pio_handler.o
 .debug_aranges
                0x000004b8      0x250 src/ASF/sam/drivers/pmc/pmc.o
 .debug_aranges
                0x00000708       0x30 src/ASF/sam/drivers/pmc/sleep.o
 .debug_aranges
                0x00000738       0xd8 src/ASF/sam/drivers/uart/uart.o
 .debug_aranges
                0x00000810      0x2a8 src/ASF/sam/drivers/usart/usart.o
 .debug_aranges
                0x00000ab8       0x28 src/ASF/sam/utils/cmsis/same70/source/templates/gcc/startup_same70.o
 .debug_aranges
                0x00000ae0       0x30 src/ASF/sam/utils/cmsis/same70/source/templates/system_same70.o
 .debug_aranges
                0x00000b10       0x60 src/ASF/sam/utils/syscalls/gcc/syscalls.o

.debug_ranges   0x00000000      0xbc8
 .debug_ranges  0x00000000       0x50 src/main.o
 .debug_ranges  0x00000050       0xc0 src/ASF/sam/drivers/tc/tc.o
 .debug_ranges  0x00000110       0x30 src/ASF/common/services/clock/same70/sysclk.o
 .debug_ranges  0x00000140       0x18 src/ASF/common/utils/interrupt/interrupt_sam_nvic.o
 .debug_ranges  0x00000158       0x10 src/ASF/common/utils/stdio/read.o
 .debug_ranges  0x00000168       0x10 src/ASF/common/utils/stdio/write.o
 .debug_ranges  0x00000178       0x10 src/ASF/sam/boards/same70_xplained/init.o
 .debug_ranges  0x00000188       0xc0 src/ASF/sam/drivers/afec/afec.o
 .debug_ranges  0x00000248      0x2a0 src/ASF/sam/drivers/pio/pio.o
 .debug_ranges  0x000004e8       0x68 src/ASF/sam/drivers/pio/pio_handler.o
 .debug_ranges  0x00000550      0x240 src/ASF/sam/drivers/pmc/pmc.o
 .debug_ranges  0x00000790       0x50 src/ASF/sam/drivers/pmc/sleep.o
 .debug_ranges  0x000007e0       0xc8 src/ASF/sam/drivers/uart/uart.o
 .debug_ranges  0x000008a8      0x298 src/ASF/sam/drivers/usart/usart.o
 .debug_ranges  0x00000b40       0x18 src/ASF/sam/utils/cmsis/same70/source/templates/gcc/startup_same70.o
 .debug_ranges  0x00000b58       0x20 src/ASF/sam/utils/cmsis/same70/source/templates/system_same70.o
 .debug_ranges  0x00000b78       0x50 src/ASF/sam/utils/syscalls/gcc/syscalls.o

.debug_macro    0x00000000    0x1ff4a
 .debug_macro   0x00000000      0x837 src/main.o
 .debug_macro   0x00000837      0x8ce src/main.o
 .debug_macro   0x00001105       0x22 src/main.o
 .debug_macro   0x00001127       0x52 src/main.o
 .debug_macro   0x00001179       0x8d src/main.o
 .debug_macro   0x00001206       0x35 src/main.o
 .debug_macro   0x0000123b       0x9c src/main.o
 .debug_macro   0x000012d7       0x16 src/main.o
 .debug_macro   0x000012ed       0x57 src/main.o
 .debug_macro   0x00001344       0x97 src/main.o
 .debug_macro   0x000013db      0x353 src/main.o
 .debug_macro   0x0000172e       0xf6 src/main.o
 .debug_macro   0x00001824       0x10 src/main.o
 .debug_macro   0x00001834       0x58 src/main.o
 .debug_macro   0x0000188c       0x1f src/main.o
 .debug_macro   0x000018ab       0x43 src/main.o
 .debug_macro   0x000018ee       0x20 src/main.o
 .debug_macro   0x0000190e      0x187 src/main.o
 .debug_macro   0x00001a95       0x10 src/main.o
 .debug_macro   0x00001aa5       0x6a src/main.o
 .debug_macro   0x00001b0f       0x1c src/main.o
 .debug_macro   0x00001b2b       0x52 src/main.o
 .debug_macro   0x00001b7d       0x40 src/main.o
 .debug_macro   0x00001bbd       0x10 src/main.o
 .debug_macro   0x00001bcd       0x40 src/main.o
 .debug_macro   0x00001c0d       0xd7 src/main.o
 .debug_macro   0x00001ce4       0x16 src/main.o
 .debug_macro   0x00001cfa      0x18b src/main.o
 .debug_macro   0x00001e85       0x16 src/main.o
 .debug_macro   0x00001e9b       0x35 src/main.o
 .debug_macro   0x00001ed0       0x16 src/main.o
 .debug_macro   0x00001ee6      0x64b src/main.o
 .debug_macro   0x00002531       0x76 src/main.o
 .debug_macro   0x000025a7       0x16 src/main.o
 .debug_macro   0x000025bd      0x6e4 src/main.o
 .debug_macro   0x00002ca1       0xef src/main.o
 .debug_macro   0x00002d90      0x1df src/main.o
 .debug_macro   0x00002f6f       0x4a src/main.o
 .debug_macro   0x00002fb9       0x3b src/main.o
 .debug_macro   0x00002ff4       0x2d src/main.o
 .debug_macro   0x00003021       0x26 src/main.o
 .debug_macro   0x00003047      0xf9a src/main.o
 .debug_macro   0x00003fe1      0x175 src/main.o
 .debug_macro   0x00004156      0x257 src/main.o
 .debug_macro   0x000043ad      0xa0f src/main.o
 .debug_macro   0x00004dbc      0x1b9 src/main.o
 .debug_macro   0x00004f75      0x336 src/main.o
 .debug_macro   0x000052ab      0x15b src/main.o
 .debug_macro   0x00005406     0x1851 src/main.o
 .debug_macro   0x00006c57       0x1c src/main.o
 .debug_macro   0x00006c73      0x68d src/main.o
 .debug_macro   0x00007300      0x31e src/main.o
 .debug_macro   0x0000761e      0x4d4 src/main.o
 .debug_macro   0x00007af2      0x56e src/main.o
 .debug_macro   0x00008060     0x1332 src/main.o
 .debug_macro   0x00009392     0x278d src/main.o
 .debug_macro   0x0000bb1f     0x102b src/main.o
 .debug_macro   0x0000cb4a      0xe01 src/main.o
 .debug_macro   0x0000d94b      0x3b1 src/main.o
 .debug_macro   0x0000dcfc       0xa0 src/main.o
 .debug_macro   0x0000dd9c       0x76 src/main.o
 .debug_macro   0x0000de12      0x409 src/main.o
 .debug_macro   0x0000e21b       0x64 src/main.o
 .debug_macro   0x0000e27f      0x284 src/main.o
 .debug_macro   0x0000e503      0x1d0 src/main.o
 .debug_macro   0x0000e6d3      0x248 src/main.o
 .debug_macro   0x0000e91b      0x524 src/main.o
 .debug_macro   0x0000ee3f      0x63b src/main.o
 .debug_macro   0x0000f47a      0x6b8 src/main.o
 .debug_macro   0x0000fb32       0x4c src/main.o
 .debug_macro   0x0000fb7e      0x468 src/main.o
 .debug_macro   0x0000ffe6      0x207 src/main.o
 .debug_macro   0x000101ed      0x866 src/main.o
 .debug_macro   0x00010a53     0x1547 src/main.o
 .debug_macro   0x00011f9a       0x40 src/main.o
 .debug_macro   0x00011fda       0x76 src/main.o
 .debug_macro   0x00012050      0xdaf src/main.o
 .debug_macro   0x00012dff       0x82 src/main.o
 .debug_macro   0x00012e81       0x76 src/main.o
 .debug_macro   0x00012ef7       0x4c src/main.o
 .debug_macro   0x00012f43      0x135 src/main.o
 .debug_macro   0x00013078      0x135 src/main.o
 .debug_macro   0x000131ad      0x135 src/main.o
 .debug_macro   0x000132e2       0x6a src/main.o
 .debug_macro   0x0001334c       0x6a src/main.o
 .debug_macro   0x000133b6      0x313 src/main.o
 .debug_macro   0x000136c9       0xb2 src/main.o
 .debug_macro   0x0001377b       0xb2 src/main.o
 .debug_macro   0x0001382d       0xb2 src/main.o
 .debug_macro   0x000138df      0x11d src/main.o
 .debug_macro   0x000139fc      0x11d src/main.o
 .debug_macro   0x00013b19      0x2cd src/main.o
 .debug_macro   0x00013de6       0xb8 src/main.o
 .debug_macro   0x00013e9e       0x5e src/main.o
 .debug_macro   0x00013efc       0x40 src/main.o
 .debug_macro   0x00013f3c       0x4c src/main.o
 .debug_macro   0x00013f88       0xa0 src/main.o
 .debug_macro   0x00014028      0x494 src/main.o
 .debug_macro   0x000144bc      0x135 src/main.o
 .debug_macro   0x000145f1       0x4c src/main.o
 .debug_macro   0x0001463d      0x313 src/main.o
 .debug_macro   0x00014950       0x6a src/main.o
 .debug_macro   0x000149ba       0xb8 src/main.o
 .debug_macro   0x00014a72       0x6a src/main.o
 .debug_macro   0x00014adc       0x2e src/main.o
 .debug_macro   0x00014b0a      0x9b1 src/main.o
 .debug_macro   0x000154bb       0x6a src/main.o
 .debug_macro   0x00015525       0x88 src/main.o
 .debug_macro   0x000155ad       0x58 src/main.o
 .debug_macro   0x00015605       0xe2 src/main.o
 .debug_macro   0x000156e7       0x16 src/main.o
 .debug_macro   0x000156fd       0xe2 src/main.o
 .debug_macro   0x000157df       0x4c src/main.o
 .debug_macro   0x0001582b       0x16 src/main.o
 .debug_macro   0x00015841       0x4c src/main.o
 .debug_macro   0x0001588d       0x2e src/main.o
 .debug_macro   0x000158bb      0x1b5 src/main.o
 .debug_macro   0x00015a70      0x1b5 src/main.o
 .debug_macro   0x00015c25      0x1b5 src/main.o
 .debug_macro   0x00015dda      0x1b5 src/main.o
 .debug_macro   0x00015f8f      0x1b5 src/main.o
 .debug_macro   0x00016144       0x1c src/main.o
 .debug_macro   0x00016160       0x2e src/main.o
 .debug_macro   0x0001618e       0x22 src/main.o
 .debug_macro   0x000161b0       0x1c src/main.o
 .debug_macro   0x000161cc       0x52 src/main.o
 .debug_macro   0x0001621e       0x10 src/main.o
 .debug_macro   0x0001622e       0x1c src/main.o
 .debug_macro   0x0001624a       0x4c src/main.o
 .debug_macro   0x00016296       0x4c src/main.o
 .debug_macro   0x000162e2       0x4c src/main.o
 .debug_macro   0x0001632e      0x31b src/main.o
 .debug_macro   0x00016649     0x1022 src/main.o
 .debug_macro   0x0001766b      0x107 src/main.o
 .debug_macro   0x00017772       0x22 src/main.o
 .debug_macro   0x00017794       0x16 src/main.o
 .debug_macro   0x000177aa       0x16 src/main.o
 .debug_macro   0x000177c0       0x29 src/main.o
 .debug_macro   0x000177e9       0x75 src/main.o
 .debug_macro   0x0001785e       0x3f src/main.o
 .debug_macro   0x0001789d      0x3ca src/main.o
 .debug_macro   0x00017c67       0x12 src/main.o
 .debug_macro   0x00017c79       0x3a src/main.o
 .debug_macro   0x00017cb3      0x2c6 src/main.o
 .debug_macro   0x00017f79      0xa96 src/main.o
 .debug_macro   0x00018a0f       0x70 src/main.o
 .debug_macro   0x00018a7f       0x64 src/main.o
 .debug_macro   0x00018ae3       0x5f src/main.o
 .debug_macro   0x00018b42       0xac src/main.o
 .debug_macro   0x00018bee       0x28 src/main.o
 .debug_macro   0x00018c16       0x23 src/main.o
 .debug_macro   0x00018c39       0x94 src/main.o
 .debug_macro   0x00018ccd       0x40 src/main.o
 .debug_macro   0x00018d0d       0x88 src/main.o
 .debug_macro   0x00018d95      0x1ce src/main.o
 .debug_macro   0x00018f63       0x34 src/main.o
 .debug_macro   0x00018f97       0x16 src/main.o
 .debug_macro   0x00018fad       0x1c src/main.o
 .debug_macro   0x00018fc9       0x10 src/main.o
 .debug_macro   0x00018fd9       0x1c src/main.o
 .debug_macro   0x00018ff5       0x3a src/main.o
 .debug_macro   0x0001902f       0x28 src/main.o
 .debug_macro   0x00019057      0x66d src/ASF/sam/drivers/tc/tc.o
 .debug_macro   0x000196c4       0x1c src/ASF/sam/drivers/tc/tc.o
 .debug_macro   0x000196e0      0x6d1 src/ASF/common/services/clock/same70/sysclk.o
 .debug_macro   0x00019db1      0x2c0 src/ASF/common/services/clock/same70/sysclk.o
 .debug_macro   0x0001a071      0x67f src/ASF/common/services/sleepmgr/sam/sleepmgr.o
 .debug_macro   0x0001a6f0      0x655 src/ASF/common/utils/interrupt/interrupt_sam_nvic.o
 .debug_macro   0x0001ad45      0x655 src/ASF/common/utils/stdio/read.o
 .debug_macro   0x0001b39a      0x655 src/ASF/common/utils/stdio/write.o
 .debug_macro   0x0001b9ef      0x70b src/ASF/sam/boards/same70_xplained/init.o
 .debug_macro   0x0001c0fa       0x16 src/ASF/sam/boards/same70_xplained/init.o
 .debug_macro   0x0001c110       0x82 src/ASF/sam/boards/same70_xplained/init.o
 .debug_macro   0x0001c192      0x72e src/ASF/sam/drivers/afec/afec.o
 .debug_macro   0x0001c8c0      0x66b src/ASF/sam/drivers/pio/pio.o
 .debug_macro   0x0001cf2b       0x8e src/ASF/sam/drivers/pio/pio.o
 .debug_macro   0x0001cfb9      0x676 src/ASF/sam/drivers/pio/pio_handler.o
 .debug_macro   0x0001d62f      0x66b src/ASF/sam/drivers/pmc/pmc.o
 .debug_macro   0x0001dc9a       0x6a src/ASF/sam/drivers/pmc/pmc.o
 .debug_macro   0x0001dd04      0x684 src/ASF/sam/drivers/pmc/sleep.o
 .debug_macro   0x0001e388      0x665 src/ASF/sam/drivers/uart/uart.o
 .debug_macro   0x0001e9ed       0x16 src/ASF/sam/drivers/uart/uart.o
 .debug_macro   0x0001ea03      0x69b src/ASF/sam/drivers/usart/usart.o
 .debug_macro   0x0001f09e       0x34 src/ASF/sam/drivers/usart/usart.o
 .debug_macro   0x0001f0d2      0x664 src/ASF/sam/utils/cmsis/same70/source/templates/gcc/startup_same70.o
 .debug_macro   0x0001f736       0x10 src/ASF/sam/utils/cmsis/same70/source/templates/gcc/startup_same70.o
 .debug_macro   0x0001f746      0x455 src/ASF/sam/utils/cmsis/same70/source/templates/system_same70.o
 .debug_macro   0x0001fb9b      0x1d6 src/ASF/sam/utils/syscalls/gcc/syscalls.o
 .debug_macro   0x0001fd71       0x4c src/ASF/sam/utils/syscalls/gcc/syscalls.o
 .debug_macro   0x0001fdbd       0x16 src/ASF/sam/utils/syscalls/gcc/syscalls.o
 .debug_macro   0x0001fdd3       0x10 src/ASF/sam/utils/syscalls/gcc/syscalls.o
 .debug_macro   0x0001fde3       0x10 src/ASF/sam/utils/syscalls/gcc/syscalls.o
 .debug_macro   0x0001fdf3       0x35 src/ASF/sam/utils/syscalls/gcc/syscalls.o
 .debug_macro   0x0001fe28      0x122 src/ASF/sam/utils/syscalls/gcc/syscalls.o

.debug_line     0x00000000     0xd217
 .debug_line    0x00000000     0x107a src/main.o
 .debug_line    0x0000107a      0xb85 src/ASF/sam/drivers/tc/tc.o
 .debug_line    0x00001bff      0xb4f src/ASF/common/services/clock/same70/sysclk.o
 .debug_line    0x0000274e      0xa4f src/ASF/common/services/sleepmgr/sam/sleepmgr.o
 .debug_line    0x0000319d      0xa01 src/ASF/common/utils/interrupt/interrupt_sam_nvic.o
 .debug_line    0x00003b9e      0x9e7 src/ASF/common/utils/stdio/read.o
 .debug_line    0x00004585      0x9df src/ASF/common/utils/stdio/write.o
 .debug_line    0x00004f64      0xc30 src/ASF/sam/boards/same70_xplained/init.o
 .debug_line    0x00005b94      0xed4 src/ASF/sam/drivers/afec/afec.o
 .debug_line    0x00006a68      0xee3 src/ASF/sam/drivers/pio/pio.o
 .debug_line    0x0000794b      0xabf src/ASF/sam/drivers/pio/pio_handler.o
 .debug_line    0x0000840a     0x106b src/ASF/sam/drivers/pmc/pmc.o
 .debug_line    0x00009475      0xb4c src/ASF/sam/drivers/pmc/sleep.o
 .debug_line    0x00009fc1      0xb79 src/ASF/sam/drivers/uart/uart.o
 .debug_line    0x0000ab3a     0x1076 src/ASF/sam/drivers/usart/usart.o
 .debug_line    0x0000bbb0      0xa73 src/ASF/sam/utils/cmsis/same70/source/templates/gcc/startup_same70.o
 .debug_line    0x0000c623      0x7e9 src/ASF/sam/utils/cmsis/same70/source/templates/system_same70.o
 .debug_line    0x0000ce0c      0x40b src/ASF/sam/utils/syscalls/gcc/syscalls.o

.debug_str      0x00000000    0x8c71f
 .debug_str     0x00000000    0x889b2 src/main.o
                              0x89173 (size before relaxing)
 .debug_str     0x000889b2      0x20b src/ASF/sam/drivers/tc/tc.o
                              0x8213c (size before relaxing)
 .debug_str     0x00088bbd      0x3f2 src/ASF/common/services/clock/same70/sysclk.o
                              0x86477 (size before relaxing)
 .debug_str     0x00088faf       0xbd src/ASF/common/services/sleepmgr/sam/sleepmgr.o
                              0x81f65 (size before relaxing)
 .debug_str     0x0008906c       0x94 src/ASF/common/utils/interrupt/interrupt_sam_nvic.o
                              0x81e29 (size before relaxing)
 .debug_str     0x00089100       0x2c src/ASF/common/utils/stdio/read.o
                              0x81dd2 (size before relaxing)
 .debug_str     0x0008912c       0x26 src/ASF/common/utils/stdio/write.o
                              0x81dd3 (size before relaxing)
 .debug_str     0x00089152      0x87c src/ASF/sam/boards/same70_xplained/init.o
                              0x87075 (size before relaxing)
 .debug_str     0x000899ce      0x534 src/ASF/sam/drivers/afec/afec.o
                              0x8748f (size before relaxing)
 .debug_str     0x00089f02      0x58c src/ASF/sam/drivers/pio/pio.o
                              0x8297f (size before relaxing)
 .debug_str     0x0008a48e      0x111 src/ASF/sam/drivers/pio/pio_handler.o
                              0x82aa1 (size before relaxing)
 .debug_str     0x0008a59f      0x685 src/ASF/sam/drivers/pmc/pmc.o
                              0x82ae3 (size before relaxing)
 .debug_str     0x0008ac24      0x15b src/ASF/sam/drivers/pmc/sleep.o
                              0x85da2 (size before relaxing)
 .debug_str     0x0008ad7f      0x1f1 src/ASF/sam/drivers/uart/uart.o
                              0x820d9 (size before relaxing)
 .debug_str     0x0008af70      0x90a src/ASF/sam/drivers/usart/usart.o
                              0x82971 (size before relaxing)
 .debug_str     0x0008b87a      0x606 src/ASF/sam/utils/cmsis/same70/source/templates/gcc/startup_same70.o
                              0x825f6 (size before relaxing)
 .debug_str     0x0008be80      0x137 src/ASF/sam/utils/cmsis/same70/source/templates/system_same70.o
                              0x7283d (size before relaxing)
 .debug_str     0x0008bfb7      0x768 src/ASF/sam/utils/syscalls/gcc/syscalls.o
                               0x746e (size before relaxing)

.debug_frame    0x00000000     0x2548
 .debug_frame   0x00000000       0xcc src/main.o
 .debug_frame   0x000000cc      0x1a8 src/ASF/sam/drivers/tc/tc.o
 .debug_frame   0x00000274       0x88 src/ASF/common/services/clock/same70/sysclk.o
 .debug_frame   0x000002fc       0x30 src/ASF/common/utils/interrupt/interrupt_sam_nvic.o
 .debug_frame   0x0000032c       0x30 src/ASF/common/utils/stdio/read.o
 .debug_frame   0x0000035c       0x48 src/ASF/common/utils/stdio/write.o
 .debug_frame   0x000003a4       0x30 src/ASF/sam/boards/same70_xplained/init.o
 .debug_frame   0x000003d4      0x1f0 src/ASF/sam/drivers/afec/afec.o
 .debug_frame   0x000005c4      0x390 src/ASF/sam/drivers/pio/pio.o
 .debug_frame   0x00000954      0x110 src/ASF/sam/drivers/pio/pio_handler.o
 .debug_frame   0x00000a64      0x494 src/ASF/sam/drivers/pmc/pmc.o
 .debug_frame   0x00000ef8       0x5c src/ASF/sam/drivers/pmc/sleep.o
 .debug_frame   0x00000f54      0x19c src/ASF/sam/drivers/uart/uart.o
 .debug_frame   0x000010f0      0x5c0 src/ASF/sam/drivers/usart/usart.o
 .debug_frame   0x000016b0       0x38 src/ASF/sam/utils/cmsis/same70/source/templates/gcc/startup_same70.o
 .debug_frame   0x000016e8       0x40 src/ASF/sam/utils/cmsis/same70/source/templates/system_same70.o
 .debug_frame   0x00001728       0xa0 src/ASF/sam/utils/syscalls/gcc/syscalls.o
 .debug_frame   0x000017c8       0x2c c:/program files (x86)/atmel/studio/7.0/toolchain/arm/arm-gnu-toolchain/bin/../lib/gcc/arm-none-eabi/6.3.1/../../../../arm-none-eabi/lib/thumb/v7e-m\libc.a(lib_a-init.o)
 .debug_frame   0x000017f4       0x74 c:/program files (x86)/atmel/studio/7.0/toolchain/arm/arm-gnu-toolchain/bin/../lib/gcc/arm-none-eabi/6.3.1/../../../../arm-none-eabi/lib/thumb/v7e-m\libc.a(lib_a-iprintf.o)
 .debug_frame   0x00001868       0x34 c:/program files (x86)/atmel/studio/7.0/toolchain/arm/arm-gnu-toolchain/bin/../lib/gcc/arm-none-eabi/6.3.1/../../../../arm-none-eabi/lib/thumb/v7e-m\libc.a(lib_a-memset.o)
 .debug_frame   0x0000189c       0x4c c:/program files (x86)/atmel/studio/7.0/toolchain/arm/arm-gnu-toolchain/bin/../lib/gcc/arm-none-eabi/6.3.1/../../../../arm-none-eabi/lib/thumb/v7e-m\libc.a(lib_a-puts.o)
 .debug_frame   0x000018e8       0x20 c:/program files (x86)/atmel/studio/7.0/toolchain/arm/arm-gnu-toolchain/bin/../lib/gcc/arm-none-eabi/6.3.1/../../../../arm-none-eabi/lib/thumb/v7e-m\libc.a(lib_a-setbuf.o)
 .debug_frame   0x00001908       0x48 c:/program files (x86)/atmel/studio/7.0/toolchain/arm/arm-gnu-toolchain/bin/../lib/gcc/arm-none-eabi/6.3.1/../../../../arm-none-eabi/lib/thumb/v7e-m\libc.a(lib_a-setvbuf.o)
 .debug_frame   0x00001950       0xd8 c:/program files (x86)/atmel/studio/7.0/toolchain/arm/arm-gnu-toolchain/bin/../lib/gcc/arm-none-eabi/6.3.1/../../../../arm-none-eabi/lib/thumb/v7e-m\libc.a(lib_a-vfiprintf.o)
 .debug_frame   0x00001a28       0x2c c:/program files (x86)/atmel/studio/7.0/toolchain/arm/arm-gnu-toolchain/bin/../lib/gcc/arm-none-eabi/6.3.1/../../../../arm-none-eabi/lib/thumb/v7e-m\libc.a(lib_a-wsetup.o)
 .debug_frame   0x00001a54       0x5c c:/program files (x86)/atmel/studio/7.0/toolchain/arm/arm-gnu-toolchain/bin/../lib/gcc/arm-none-eabi/6.3.1/../../../../arm-none-eabi/lib/thumb/v7e-m\libc.a(lib_a-__call_atexit.o)
 .debug_frame   0x00001ab0       0x20 c:/program files (x86)/atmel/studio/7.0/toolchain/arm/arm-gnu-toolchain/bin/../lib/gcc/arm-none-eabi/6.3.1/../../../../arm-none-eabi/lib/thumb/v7e-m\libc.a(lib_a-atexit.o)
 .debug_frame   0x00001ad0       0x5c c:/program files (x86)/atmel/studio/7.0/toolchain/arm/arm-gnu-toolchain/bin/../lib/gcc/arm-none-eabi/6.3.1/../../../../arm-none-eabi/lib/thumb/v7e-m\libc.a(lib_a-fflush.o)
 .debug_frame   0x00001b2c      0x148 c:/program files (x86)/atmel/studio/7.0/toolchain/arm/arm-gnu-toolchain/bin/../lib/gcc/arm-none-eabi/6.3.1/../../../../arm-none-eabi/lib/thumb/v7e-m\libc.a(lib_a-findfp.o)
 .debug_frame   0x00001c74       0x34 c:/program files (x86)/atmel/studio/7.0/toolchain/arm/arm-gnu-toolchain/bin/../lib/gcc/arm-none-eabi/6.3.1/../../../../arm-none-eabi/lib/thumb/v7e-m\libc.a(lib_a-fini.o)
 .debug_frame   0x00001ca8       0x94 c:/program files (x86)/atmel/studio/7.0/toolchain/arm/arm-gnu-toolchain/bin/../lib/gcc/arm-none-eabi/6.3.1/../../../../arm-none-eabi/lib/thumb/v7e-m\libc.a(lib_a-fputwc.o)
 .debug_frame   0x00001d3c       0x74 c:/program files (x86)/atmel/studio/7.0/toolchain/arm/arm-gnu-toolchain/bin/../lib/gcc/arm-none-eabi/6.3.1/../../../../arm-none-eabi/lib/thumb/v7e-m\libc.a(lib_a-freer.o)
 .debug_frame   0x00001db0       0x68 c:/program files (x86)/atmel/studio/7.0/toolchain/arm/arm-gnu-toolchain/bin/../lib/gcc/arm-none-eabi/6.3.1/../../../../arm-none-eabi/lib/thumb/v7e-m\libc.a(lib_a-fvwrite.o)
 .debug_frame   0x00001e18       0x54 c:/program files (x86)/atmel/studio/7.0/toolchain/arm/arm-gnu-toolchain/bin/../lib/gcc/arm-none-eabi/6.3.1/../../../../arm-none-eabi/lib/thumb/v7e-m\libc.a(lib_a-fwalk.o)
 .debug_frame   0x00001e6c       0x6c c:/program files (x86)/atmel/studio/7.0/toolchain/arm/arm-gnu-toolchain/bin/../lib/gcc/arm-none-eabi/6.3.1/../../../../arm-none-eabi/lib/thumb/v7e-m\libc.a(lib_a-locale.o)
 .debug_frame   0x00001ed8       0xb0 c:/program files (x86)/atmel/studio/7.0/toolchain/arm/arm-gnu-toolchain/bin/../lib/gcc/arm-none-eabi/6.3.1/../../../../arm-none-eabi/lib/thumb/v7e-m\libc.a(lib_a-lock.o)
 .debug_frame   0x00001f88       0x68 c:/program files (x86)/atmel/studio/7.0/toolchain/arm/arm-gnu-toolchain/bin/../lib/gcc/arm-none-eabi/6.3.1/../../../../arm-none-eabi/lib/thumb/v7e-m\libc.a(lib_a-makebuf.o)
 .debug_frame   0x00001ff0       0x30 c:/program files (x86)/atmel/studio/7.0/toolchain/arm/arm-gnu-toolchain/bin/../lib/gcc/arm-none-eabi/6.3.1/../../../../arm-none-eabi/lib/thumb/v7e-m\libc.a(lib_a-malloc.o)
 .debug_frame   0x00002020       0x58 c:/program files (x86)/atmel/studio/7.0/toolchain/arm/arm-gnu-toolchain/bin/../lib/gcc/arm-none-eabi/6.3.1/../../../../arm-none-eabi/lib/thumb/v7e-m\libc.a(lib_a-mallocr.o)
 .debug_frame   0x00002078       0x4c c:/program files (x86)/atmel/studio/7.0/toolchain/arm/arm-gnu-toolchain/bin/../lib/gcc/arm-none-eabi/6.3.1/../../../../arm-none-eabi/lib/thumb/v7e-m\libc.a(lib_a-mbtowc_r.o)
 .debug_frame   0x000020c4       0x30 c:/program files (x86)/atmel/studio/7.0/toolchain/arm/arm-gnu-toolchain/bin/../lib/gcc/arm-none-eabi/6.3.1/../../../../arm-none-eabi/lib/thumb/v7e-m\libc.a(lib_a-memmove.o)
 .debug_frame   0x000020f4       0x30 c:/program files (x86)/atmel/studio/7.0/toolchain/arm/arm-gnu-toolchain/bin/../lib/gcc/arm-none-eabi/6.3.1/../../../../arm-none-eabi/lib/thumb/v7e-m\libc.a(lib_a-mlock.o)
 .debug_frame   0x00002124       0x68 c:/program files (x86)/atmel/studio/7.0/toolchain/arm/arm-gnu-toolchain/bin/../lib/gcc/arm-none-eabi/6.3.1/../../../../arm-none-eabi/lib/thumb/v7e-m\libc.a(lib_a-reallocr.o)
 .debug_frame   0x0000218c       0x2c c:/program files (x86)/atmel/studio/7.0/toolchain/arm/arm-gnu-toolchain/bin/../lib/gcc/arm-none-eabi/6.3.1/../../../../arm-none-eabi/lib/thumb/v7e-m\libc.a(lib_a-sbrkr.o)
 .debug_frame   0x000021b8       0x88 c:/program files (x86)/atmel/studio/7.0/toolchain/arm/arm-gnu-toolchain/bin/../lib/gcc/arm-none-eabi/6.3.1/../../../../arm-none-eabi/lib/thumb/v7e-m\libc.a(lib_a-stdio.o)
 .debug_frame   0x00002240       0x40 c:/program files (x86)/atmel/studio/7.0/toolchain/arm/arm-gnu-toolchain/bin/../lib/gcc/arm-none-eabi/6.3.1/../../../../arm-none-eabi/lib/thumb/v7e-m\libc.a(lib_a-wbuf.o)
 .debug_frame   0x00002280       0x5c c:/program files (x86)/atmel/studio/7.0/toolchain/arm/arm-gnu-toolchain/bin/../lib/gcc/arm-none-eabi/6.3.1/../../../../arm-none-eabi/lib/thumb/v7e-m\libc.a(lib_a-wcrtomb.o)
 .debug_frame   0x000022dc       0x3c c:/program files (x86)/atmel/studio/7.0/toolchain/arm/arm-gnu-toolchain/bin/../lib/gcc/arm-none-eabi/6.3.1/../../../../arm-none-eabi/lib/thumb/v7e-m\libc.a(lib_a-wctomb_r.o)
 .debug_frame   0x00002318       0x2c c:/program files (x86)/atmel/studio/7.0/toolchain/arm/arm-gnu-toolchain/bin/../lib/gcc/arm-none-eabi/6.3.1/../../../../arm-none-eabi/lib/thumb/v7e-m\libc.a(lib_a-writer.o)
 .debug_frame   0x00002344       0x34 c:/program files (x86)/atmel/studio/7.0/toolchain/arm/arm-gnu-toolchain/bin/../lib/gcc/arm-none-eabi/6.3.1/../../../../arm-none-eabi/lib/thumb/v7e-m\libc.a(lib_a-__atexit.o)
 .debug_frame   0x00002378       0x2c c:/program files (x86)/atmel/studio/7.0/toolchain/arm/arm-gnu-toolchain/bin/../lib/gcc/arm-none-eabi/6.3.1/../../../../arm-none-eabi/lib/thumb/v7e-m\libc.a(lib_a-closer.o)
 .debug_frame   0x000023a4       0x3c c:/program files (x86)/atmel/studio/7.0/toolchain/arm/arm-gnu-toolchain/bin/../lib/gcc/arm-none-eabi/6.3.1/../../../../arm-none-eabi/lib/thumb/v7e-m\libc.a(lib_a-fclose.o)
 .debug_frame   0x000023e0       0x2c c:/program files (x86)/atmel/studio/7.0/toolchain/arm/arm-gnu-toolchain/bin/../lib/gcc/arm-none-eabi/6.3.1/../../../../arm-none-eabi/lib/thumb/v7e-m\libc.a(lib_a-fstatr.o)
 .debug_frame   0x0000240c       0x2c c:/program files (x86)/atmel/studio/7.0/toolchain/arm/arm-gnu-toolchain/bin/../lib/gcc/arm-none-eabi/6.3.1/../../../../arm-none-eabi/lib/thumb/v7e-m\libc.a(lib_a-isattyr.o)
 .debug_frame   0x00002438       0x2c c:/program files (x86)/atmel/studio/7.0/toolchain/arm/arm-gnu-toolchain/bin/../lib/gcc/arm-none-eabi/6.3.1/../../../../arm-none-eabi/lib/thumb/v7e-m\libc.a(lib_a-lseekr.o)
 .debug_frame   0x00002464       0x2c c:/program files (x86)/atmel/studio/7.0/toolchain/arm/arm-gnu-toolchain/bin/../lib/gcc/arm-none-eabi/6.3.1/../../../../arm-none-eabi/lib/thumb/v7e-m\libc.a(lib_a-readr.o)
 .debug_frame   0x00002490       0x58 c:/program files (x86)/atmel/studio/7.0/toolchain/arm/arm-gnu-toolchain/bin/../lib/gcc/arm-none-eabi/6.3.1/../../../../arm-none-eabi/lib/thumb/v7e-m\libc.a(lib_a-reent.o)
 .debug_frame   0x000024e8       0x2c c:/program files (x86)/atmel/studio/7.0/toolchain/arm/arm-gnu-toolchain/bin/../lib/gcc/arm-none-eabi/6.3.1/thumb/v7e-m\libgcc.a(_aeabi_uldivmod.o)
 .debug_frame   0x00002514       0x34 c:/program files (x86)/atmel/studio/7.0/toolchain/arm/arm-gnu-toolchain/bin/../lib/gcc/arm-none-eabi/6.3.1/thumb/v7e-m\libgcc.a(_udivmoddi4.o)

Cross Reference Table

Symbol                                            File
ACC_Handler                                       src/ASF/sam/utils/cmsis/same70/source/templates/gcc/startup_same70.o