Archive member included to satisfy reference by file (symbol)

c:/program files (x86)/atmel/studio/7.0/toolchain/arm/arm-gnu-toolchain/bin/../lib/gcc/arm-none-eabi/6.3.1/../../../../arm-none-eabi/lib/thumb/v7e-m\libc.a(lib_a-exit.o)
                              c:/program files (x86)/atmel/studio/7.0/toolchain/arm/arm-gnu-toolchain/bin/../lib/gcc/arm-none-eabi/6.3.1/../../../../arm-none-eabi/lib/thumb/v7e-m/crt0.o (exit)
c:/program files (x86)/atmel/studio/7.0/toolchain/arm/arm-gnu-toolchain/bin/../lib/gcc/arm-none-eabi/6.3.1/../../../../arm-none-eabi/lib/thumb/v7e-m\libc.a(lib_a-impure.o)
                              c:/program files (x86)/atmel/studio/7.0/toolchain/arm/arm-gnu-toolchain/bin/../lib/gcc/arm-none-eabi/6.3.1/../../../../arm-none-eabi/lib/thumb/v7e-m\libc.a(lib_a-exit.o) (_global_impure_ptr)
c:/program files (x86)/atmel/studio/7.0/toolchain/arm/arm-gnu-toolchain/bin/../lib/gcc/arm-none-eabi/6.3.1/../../../../arm-none-eabi/lib/thumb/v7e-m\libc.a(lib_a-init.o)
                              c:/program files (x86)/atmel/studio/7.0/toolchain/arm/arm-gnu-toolchain/bin/../lib/gcc/arm-none-eabi/6.3.1/../../../../arm-none-eabi/lib/thumb/v7e-m/crt0.o (__libc_init_array)
c:/program files (x86)/atmel/studio/7.0/toolchain/arm/arm-gnu-toolchain/bin/../lib/gcc/arm-none-eabi/6.3.1/../../../../arm-none-eabi/lib/thumb/v7e-m\libc.a(lib_a-iprintf.o)
                              src/main.o (iprintf)
c:/program files (x86)/atmel/studio/7.0/toolchain/arm/arm-gnu-toolchain/bin/../lib/gcc/arm-none-eabi/6.3.1/../../../../arm-none-eabi/lib/thumb/v7e-m\libc.a(lib_a-malloc.o)
                              src/ASF/common/components/touch/mxt/mxt_device_1.o (malloc)
c:/program files (x86)/atmel/studio/7.0/toolchain/arm/arm-gnu-toolchain/bin/../lib/gcc/arm-none-eabi/6.3.1/../../../../arm-none-eabi/lib/thumb/v7e-m\libc.a(lib_a-mallocr.o)
                              c:/program files (x86)/atmel/studio/7.0/toolchain/arm/arm-gnu-toolchain/bin/../lib/gcc/arm-none-eabi/6.3.1/../../../../arm-none-eabi/lib/thumb/v7e-m\libc.a(lib_a-malloc.o) (_malloc_r)
c:/program files (x86)/atmel/studio/7.0/toolchain/arm/arm-gnu-toolchain/bin/../lib/gcc/arm-none-eabi/6.3.1/../../../../arm-none-eabi/lib/thumb/v7e-m\libc.a(lib_a-memset.o)
                              c:/program files (x86)/atmel/studio/7.0/toolchain/arm/arm-gnu-toolchain/bin/../lib/gcc/arm-none-eabi/6.3.1/../../../../arm-none-eabi/lib/thumb/v7e-m/crt0.o (memset)
c:/program files (x86)/atmel/studio/7.0/toolchain/arm/arm-gnu-toolchain/bin/../lib/gcc/arm-none-eabi/6.3.1/../../../../arm-none-eabi/lib/thumb/v7e-m\libc.a(lib_a-mlock.o)
                              c:/program files (x86)/atmel/studio/7.0/toolchain/arm/arm-gnu-toolchain/bin/../lib/gcc/arm-none-eabi/6.3.1/../../../../arm-none-eabi/lib/thumb/v7e-m\libc.a(lib_a-mallocr.o) (__malloc_lock)
c:/program files (x86)/atmel/studio/7.0/toolchain/arm/arm-gnu-toolchain/bin/../lib/gcc/arm-none-eabi/6.3.1/../../../../arm-none-eabi/lib/thumb/v7e-m\libc.a(lib_a-sbrkr.o)
                              c:/program files (x86)/atmel/studio/7.0/toolchain/arm/arm-gnu-toolchain/bin/../lib/gcc/arm-none-eabi/6.3.1/../../../../arm-none-eabi/lib/thumb/v7e-m\libc.a(lib_a-mallocr.o) (_sbrk_r)
c:/program files (x86)/atmel/studio/7.0/toolchain/arm/arm-gnu-toolchain/bin/../lib/gcc/arm-none-eabi/6.3.1/../../../../arm-none-eabi/lib/thumb/v7e-m\libc.a(lib_a-setbuf.o)
                              src/main.o (setbuf)
c:/program files (x86)/atmel/studio/7.0/toolchain/arm/arm-gnu-toolchain/bin/../lib/gcc/arm-none-eabi/6.3.1/../../../../arm-none-eabi/lib/thumb/v7e-m\libc.a(lib_a-setvbuf.o)
                              c:/program files (x86)/atmel/studio/7.0/toolchain/arm/arm-gnu-toolchain/bin/../lib/gcc/arm-none-eabi/6.3.1/../../../../arm-none-eabi/lib/thumb/v7e-m\libc.a(lib_a-setbuf.o) (setvbuf)
c:/program files (x86)/atmel/studio/7.0/toolchain/arm/arm-gnu-toolchain/bin/../lib/gcc/arm-none-eabi/6.3.1/../../../../arm-none-eabi/lib/thumb/v7e-m\libc.a(lib_a-sprintf.o)
                              src/main.o (sprintf)
c:/program files (x86)/atmel/studio/7.0/toolchain/arm/arm-gnu-toolchain/bin/../lib/gcc/arm-none-eabi/6.3.1/../../../../arm-none-eabi/lib/thumb/v7e-m\libc.a(lib_a-strcat.o)
                              src/main.o (strcat)
c:/program files (x86)/atmel/studio/7.0/toolchain/arm/arm-gnu-toolchain/bin/../lib/gcc/arm-none-eabi/6.3.1/../../../../arm-none-eabi/lib/thumb/v7e-m\libc.a(lib_a-strcpy.o)
                              c:/program files (x86)/atmel/studio/7.0/toolchain/arm/arm-gnu-toolchain/bin/../lib/gcc/arm-none-eabi/6.3.1/../../../../arm-none-eabi/lib/thumb/v7e-m\libc.a(lib_a-strcat.o) (strcpy)
c:/program files (x86)/atmel/studio/7.0/toolchain/arm/arm-gnu-toolchain/bin/../lib/gcc/arm-none-eabi/6.3.1/../../../../arm-none-eabi/lib/thumb/v7e-m\libc.a(lib_a-strlen.o)
                              src/main.o (strlen)
[...]
Memory Configuration

Name             Origin             Length             Attributes
rom              0x00400000         0x00200000         xr
ram              0x20400000         0x00060000         xrw
*default*        0x00000000         0xffffffff

Linker script and memory map

LOAD c:/program files (x86)/atmel/studio/7.0/toolchain/arm/arm-gnu-toolchain/bin/../lib/gcc/arm-none-eabi/6.3.1/thumb/v7e-m/crti.o
LOAD c:/program files (x86)/atmel/studio/7.0/toolchain/arm/arm-gnu-toolchain/bin/../lib/gcc/arm-none-eabi/6.3.1/thumb/v7e-m/crtbegin.o
LOAD c:/program files (x86)/atmel/studio/7.0/toolchain/arm/arm-gnu-toolchain/bin/../lib/gcc/arm-none-eabi/6.3.1/../../../../arm-none-eabi/lib/thumb/v7e-m/crt0.o
LOAD src/ASF/sam/drivers/rtc/rtc.o
LOAD src/ASF/sam/drivers/tc/tc.o
LOAD src/ASF/common/components/touch/mxt/mxt_device_1.o
LOAD src/ASF/common/services/clock/same70/sysclk.o
LOAD src/ASF/common/services/delay/sam/cycle_counter.o
LOAD src/ASF/common/services/serial/usart_serial.o
LOAD src/ASF/common/services/spi/sam_spi/spi_master.o
LOAD src/ASF/common/utils/interrupt/interrupt_sam_nvic.o
LOAD src/ASF/common/utils/stdio/read.o
LOAD src/ASF/common/utils/stdio/write.o
LOAD src/ASF/sam/boards/same70_xplained/init.o
LOAD src/ASF/sam/components/display/ili9488/ili9488.o
LOAD src/ASF/sam/drivers/mpu/mpu.o
LOAD src/ASF/sam/drivers/pio/pio.o
LOAD src/ASF/sam/drivers/pio/pio_handler.o
LOAD src/ASF/sam/drivers/pmc/pmc.o
LOAD src/ASF/sam/drivers/pmc/sleep.o
LOAD src/ASF/sam/drivers/spi/spi.o
LOAD src/ASF/sam/drivers/twihs/twihs.o
LOAD src/ASF/sam/drivers/uart/uart.o
LOAD src/ASF/sam/drivers/usart/usart.o
LOAD src/ASF/sam/utils/cmsis/same70/source/templates/gcc/startup_same70.o
LOAD src/ASF/sam/utils/cmsis/same70/source/templates/system_same70.o
LOAD src/ASF/sam/utils/syscalls/gcc/syscalls.o
LOAD src/main.o
START GROUP
LOAD ../src/ASF/thirdparty/CMSIS/Lib/GCC\libarm_cortexM7lfsp_math_softfp.a
LOAD c:/program files (x86)/atmel/studio/7.0/toolchain/arm/arm-gnu-toolchain/bin/../lib/gcc/arm-none-eabi/6.3.1/../../../../arm-none-eabi/lib/thumb/v7e-m\libm.a
END GROUP
START GROUP
LOAD c:/program files (x86)/atmel/studio/7.0/toolchain/arm/arm-gnu-toolchain/bin/../lib/gcc/arm-none-eabi/6.3.1/thumb/v7e-m\libgcc.a
LOAD c:/program files (x86)/atmel/studio/7.0/toolchain/arm/arm-gnu-toolchain/bin/../lib/gcc/arm-none-eabi/6.3.1/../../../../arm-none-eabi/lib/thumb/v7e-m\libc.a
END GROUP
LOAD c:/program files (x86)/atmel/studio/7.0/toolchain/arm/arm-gnu-toolchain/bin/../lib/gcc/arm-none-eabi/6.3.1/thumb/v7e-m/crtend.o
LOAD c:/program files (x86)/atmel/studio/7.0/toolchain/arm/arm-gnu-toolchain/bin/../lib/gcc/arm-none-eabi/6.3.1/thumb/v7e-m/crtn.o
                0x00002000                STACK_SIZE = DEFINED (STACK_SIZE)?STACK_SIZE:0x2000
                0x2045fffc                __ram_end__ = ((ORIGIN (ram) + LENGTH (ram)) - 0x4)
                0x00000200                HEAP_SIZE = DEFINED (HEAP_SIZE)?HEAP_SIZE:0x200

.text           0x00400000    0xa7fb4
                0x00400000                . = ALIGN (0x4)
                0x00400000                _sfixed = .
 *(.vectors .vectors.*)
 .vectors       0x00400000      0x168 src/ASF/sam/utils/cmsis/same70/source/templates/gcc/startup_same70.o
                0x00400000                exception_table
 *(.text .text.* .gnu.linkonce.t.*)
 .text          0x00400168       0x6c c:/program files (x86)/atmel/studio/7.0/toolchain/arm/arm-gnu-toolchain/bin/../lib/gcc/arm-none-eabi/6.3.1/thumb/v7e-m/crtbegin.o
 .text.rtc_set_hour_mode
                0x004001d4       0x16 src/ASF/sam/drivers/rtc/rtc.o
                0x004001d4                rtc_set_hour_mode
 .text.rtc_enable_interrupt
                0x004001ea        0x4 src/ASF/sam/drivers/rtc/rtc.o
                0x004001ea                rtc_enable_interrupt
 .text.rtc_disable_interrupt
                0x004001ee        0x4 src/ASF/sam/drivers/rtc/rtc.o
                0x004001ee                rtc_disable_interrupt
 .text.rtc_get_time
                0x004001f2       0x5a src/ASF/sam/drivers/rtc/rtc.o
                0x004001f2                rtc_get_time
 .text.rtc_set_time
                0x0040024c       0x90 src/ASF/sam/drivers/rtc/rtc.o
                0x0040024c                rtc_set_time
 .text.rtc_set_time_alarm
                0x004002dc       0x94 src/ASF/sam/drivers/rtc/rtc.o
                0x004002dc                rtc_set_time_alarm
 .text.rtc_get_date
                0x00400370       0x72 src/ASF/sam/drivers/rtc/rtc.o
                0x00400370                rtc_get_date
 *fill*         0x004003e2        0x2 
 .text.rtc_set_date
                0x004003e4       0xb8 src/ASF/sam/drivers/rtc/rtc.o
                0x004003e4                rtc_set_date
 .text.rtc_set_date_alarm
                0x0040049c       0x60 src/ASF/sam/drivers/rtc/rtc.o
                0x0040049c                rtc_set_date_alarm
 .text.rtc_get_status
                0x004004fc        0x4 src/ASF/sam/drivers/rtc/rtc.o
                0x004004fc                rtc_get_status
 .text.rtc_clear_status
                0x00400500        0x4 src/ASF/sam/drivers/rtc/rtc.o
                0x00400500                rtc_clear_status
 .text.tc_init  0x00400504       0x1a src/ASF/sam/drivers/tc/tc.o
                0x00400504                tc_init
 .text.tc_start
                0x0040051e        0x8 src/ASF/sam/drivers/tc/tc.o
                0x0040051e                tc_start
 .text.tc_write_rc
                0x00400526        0x8 src/ASF/sam/drivers/tc/tc.o
                0x00400526                tc_write_rc
 .text.tc_enable_interrupt
                0x0040052e        0x8 src/ASF/sam/drivers/tc/tc.o
                0x0040052e                tc_enable_interrupt
 .text.tc_get_status
                0x00400536        0x8 src/ASF/sam/drivers/tc/tc.o
                0x00400536                tc_get_status
 .text.tc_find_mck_divisor
                0x0040053e       0x70 src/ASF/sam/drivers/tc/tc.o
                0x0040053e                tc_find_mck_divisor
 *fill*         0x004005ae        0x2 
 .text.mxt_init_device
                0x004005b0      0x298 src/ASF/common/components/touch/mxt/mxt_device_1.o
                0x004005b0                mxt_init_device
 .text.mxt_get_object_address
                0x00400848       0x40 src/ASF/common/components/touch/mxt/mxt_device_1.o
                0x00400848                mxt_get_object_address
 .text.mxt_write_config_object
                0x00400888       0x78 src/ASF/common/components/touch/mxt/mxt_device_1.o
                0x00400888                mxt_write_config_object
 .text.mxt_write_config_reg
                0x00400900       0x48 src/ASF/common/components/touch/mxt/mxt_device_1.o
                0x00400900                mxt_write_config_reg
 .text.mxt_is_message_pending
                0x00400948       0x24 src/ASF/common/components/touch/mxt/mxt_device_1.o
                0x00400948                mxt_is_message_pending
 .text.mxt_read_message
                0x0040096c       0x4c src/ASF/common/components/touch/mxt/mxt_device_1.o
                0x0040096c                mxt_read_message
 .text.mxt_read_touch_event
                0x004009b8       0x70 src/ASF/common/components/touch/mxt/mxt_device_1.o
                0x004009b8                mxt_read_touch_event
 .text.sysclk_init
                0x00400a28       0x74 src/ASF/common/services/clock/same70/sysclk.o
                0x00400a28                sysclk_init
 .text.usart_serial_write_packet
                0x00400a9c       0xd8 src/ASF/common/services/serial/usart_serial.o
                0x00400a9c                usart_serial_write_packet
 .text.spi_master_init
                0x00400b74       0x54 src/ASF/common/services/spi/sam_spi/spi_master.o
                0x00400b74                spi_master_init
 .text.spi_master_setup_device
                0x00400bc8       0x80 src/ASF/common/services/spi/sam_spi/spi_master.o
                0x00400bc8                spi_master_setup_device
 .text.spi_select_device
                0x00400c48       0x30 src/ASF/common/services/spi/sam_spi/spi_master.o
                0x00400c48                spi_select_device
 .text.spi_write_packet
                0x00400c78       0x36 src/ASF/common/services/spi/sam_spi/spi_master.o
                0x00400c78                spi_write_packet
 .text.spi_read_packet
                0x00400cae       0x54 src/ASF/common/services/spi/sam_spi/spi_master.o
                0x00400cae                spi_read_packet
 *fill*         0x00400d02        0x2 
 .text._read    0x00400d04       0x3c src/ASF/common/utils/stdio/read.o
                0x00400d04                _read
 .text._write   0x00400d40       0x50 src/ASF/common/utils/stdio/write.o
                0x00400d40                _write
 .text.board_init
                0x00400d90      0x2bc src/ASF/sam/boards/same70_xplained/init.o
                0x00400d90                board_init
 .text.ili9488_check_box_coordinates
                0x0040104c       0x56 src/ASF/sam/components/display/ili9488/ili9488.o
 *fill*         0x004010a2        0x2 
 .text.ili9488_write_ram_prepare
                0x004010a4       0x3c src/ASF/sam/components/display/ili9488/ili9488.o
 .text.ili9488_write_ram
                0x004010e0       0x24 src/ASF/sam/components/display/ili9488/ili9488.o
 .text.ili9488_write_register
                0x00401104       0x74 src/ASF/sam/components/display/ili9488/ili9488.o
 .text.ili9488_write_ram_buffer
                0x00401178       0x40 src/ASF/sam/components/display/ili9488/ili9488.o
 .text.ili9488_delay
                0x004011b8       0x1c src/ASF/sam/components/display/ili9488/ili9488.o
                0x004011b8                ili9488_delay
 .text.ili9488_set_display_direction
                0x004011d4       0x2c src/ASF/sam/components/display/ili9488/ili9488.o
                0x004011d4                ili9488_set_display_direction
 .text.ili9488_set_window
                0x00401200       0x80 src/ASF/sam/components/display/ili9488/ili9488.o
                0x00401200                ili9488_set_window
 .text.ili9488_display_on
                0x00401280       0x14 src/ASF/sam/components/display/ili9488/ili9488.o
                0x00401280                ili9488_display_on
 .text.ili9488_set_foreground_color
                0x00401294       0x28 src/ASF/sam/components/display/ili9488/ili9488.o
                0x00401294                ili9488_set_foreground_color
 .text.ili9488_set_cursor_position
                0x004012bc       0x64 src/ASF/sam/components/display/ili9488/ili9488.o
                0x004012bc                ili9488_set_cursor_position
 .text.ili9488_init
                0x00401320      0x1c4 src/ASF/sam/components/display/ili9488/ili9488.o
                0x00401320                ili9488_init
 .text.ili9488_fill
                0x004014e4       0x2c src/ASF/sam/components/display/ili9488/ili9488.o
                0x004014e4                ili9488_fill
 .text.ili9488_draw_pixel
                0x00401510       0x3c src/ASF/sam/components/display/ili9488/ili9488.o
                0x00401510                ili9488_draw_pixel
 .text.ili9488_draw_filled_rectangle
                0x0040154c       0xbc src/ASF/sam/components/display/ili9488/ili9488.o
                0x0040154c                ili9488_draw_filled_rectangle
 .text.ili9488_draw_rectangle
                0x00401608       0x54 src/ASF/sam/components/display/ili9488/ili9488.o
                0x00401608                ili9488_draw_rectangle
 .text.ili9488_draw_string
                0x0040165c       0xb0 src/ASF/sam/components/display/ili9488/ili9488.o
                0x0040165c                ili9488_draw_string
 .text.ili9488_draw_pixmap
                0x0040170c       0x78 src/ASF/sam/components/display/ili9488/ili9488.o
                0x0040170c                ili9488_draw_pixmap
 .text.pio_set  0x00401784        0x4 src/ASF/sam/drivers/pio/pio.o
                0x00401784                pio_set
 .text.pio_clear
                0x00401788        0x4 src/ASF/sam/drivers/pio/pio.o
                0x00401788                pio_clear
 .text.pio_set_peripheral
                0x0040178c       0x92 src/ASF/sam/drivers/pio/pio.o
                0x0040178c                pio_set_peripheral
 .text.pio_set_input
                0x0040181e       0x36 src/ASF/sam/drivers/pio/pio.o
                0x0040181e                pio_set_input
 .text.pio_set_output
                0x00401854       0x28 src/ASF/sam/drivers/pio/pio.o
                0x00401854                pio_set_output
 .text.pio_configure
                0x0040187c       0x90 src/ASF/sam/drivers/pio/pio.o
                0x0040187c                pio_configure
 .text.pio_get_output_data_status
                0x0040190c        0xc src/ASF/sam/drivers/pio/pio.o
                0x0040190c                pio_get_output_data_status
 .text.pio_configure_interrupt
                0x00401918       0x32 src/ASF/sam/drivers/pio/pio.o
                0x00401918                pio_configure_interrupt
 .text.pio_enable_interrupt
                0x0040194a        0x4 src/ASF/sam/drivers/pio/pio.o
                0x0040194a                pio_enable_interrupt
 .text.pio_get_interrupt_status
                0x0040194e        0x4 src/ASF/sam/drivers/pio/pio.o
                0x0040194e                pio_get_interrupt_status
 .text.pio_get_interrupt_mask
                0x00401952        0x4 src/ASF/sam/drivers/pio/pio.o
                0x00401952                pio_get_interrupt_mask
 *fill*         0x00401956        0x2 
 .text.pio_set_pin_high
                0x00401958       0x1c src/ASF/sam/drivers/pio/pio.o
                0x00401958                pio_set_pin_high
 .text.pio_set_pin_low
                0x00401974       0x1c src/ASF/sam/drivers/pio/pio.o
                0x00401974                pio_set_pin_low
 .text.pio_configure_pin
                0x00401990      0x130 src/ASF/sam/drivers/pio/pio.o
                0x00401990                pio_configure_pin
 .text.pio_handler_process
                0x00401ac0       0x50 src/ASF/sam/drivers/pio/pio_handler.o
                0x00401ac0                pio_handler_process
 .text.pio_handler_set
                0x00401b10       0x70 src/ASF/sam/drivers/pio/pio_handler.o
                0x00401b10                pio_handler_set
 .text.PIOA_Handler
                0x00401b80       0x14 src/ASF/sam/drivers/pio/pio_handler.o
                0x00401b80                PIOA_Handler
 .text.PIOB_Handler
                0x00401b94       0x14 src/ASF/sam/drivers/pio/pio_handler.o
                0x00401b94                PIOB_Handler
 .text.PIOC_Handler
                0x00401ba8       0x14 src/ASF/sam/drivers/pio/pio_handler.o
                0x00401ba8                PIOC_Handler
 .text.PIOD_Handler
                0x00401bbc       0x14 src/ASF/sam/drivers/pio/pio_handler.o
                0x00401bbc                PIOD_Handler
 .text.PIOE_Handler
                0x00401bd0       0x14 src/ASF/sam/drivers/pio/pio_handler.o
                0x00401bd0                PIOE_Handler
 .text.pmc_mck_set_division
                0x00401be4       0x38 src/ASF/sam/drivers/pmc/pmc.o
                0x00401be4                pmc_mck_set_division
 .text.pmc_switch_mck_to_pllack
                0x00401c1c       0x64 src/ASF/sam/drivers/pmc/pmc.o
                0x00401c1c                pmc_switch_mck_to_pllack
 .text.pmc_switch_mainck_to_xtal
                0x00401c80       0x54 src/ASF/sam/drivers/pmc/pmc.o
                0x00401c80                pmc_switch_mainck_to_xtal
 .text.pmc_osc_is_ready_mainck
                0x00401cd4       0x10 src/ASF/sam/drivers/pmc/pmc.o
                0x00401cd4                pmc_osc_is_ready_mainck
 .text.pmc_disable_pllack
                0x00401ce4       0x10 src/ASF/sam/drivers/pmc/pmc.o
                0x00401ce4                pmc_disable_pllack
 .text.pmc_is_locked_pllack
                0x00401cf4       0x10 src/ASF/sam/drivers/pmc/pmc.o
                0x00401cf4                pmc_is_locked_pllack
 .text.pmc_enable_periph_clk
                0x00401d04       0x20 src/ASF/sam/drivers/pmc/pmc.o
                0x00401d04                pmc_enable_periph_clk
 .text.pmc_disable_periph_clk
                0x00401d24       0x20 src/ASF/sam/drivers/pmc/pmc.o
                0x00401d24                pmc_disable_periph_clk
 .text.spi_enable_clock
                0x00401d44       0x2c src/ASF/sam/drivers/spi/spi.o
                0x00401d44                spi_enable_clock
 .text.spi_set_peripheral_chip_select_value
                0x00401d70       0x16 src/ASF/sam/drivers/spi/spi.o
                0x00401d70                spi_set_peripheral_chip_select_value
 .text.spi_set_delay_between_chip_select
                0x00401d86       0x12 src/ASF/sam/drivers/spi/spi.o
                0x00401d86                spi_set_delay_between_chip_select
 .text.spi_write
                0x00401d98       0x34 src/ASF/sam/drivers/spi/spi.o
                0x00401d98                spi_write
 .text.spi_set_clock_polarity
                0x00401dcc       0x1e src/ASF/sam/drivers/spi/spi.o
                0x00401dcc                spi_set_clock_polarity
 .text.spi_set_clock_phase
                0x00401dea       0x1e src/ASF/sam/drivers/spi/spi.o
                0x00401dea                spi_set_clock_phase
 .text.spi_configure_cs_behavior
                0x00401e08       0x46 src/ASF/sam/drivers/spi/spi.o
                0x00401e08                spi_configure_cs_behavior
 .text.spi_set_bits_per_transfer
                0x00401e4e       0x14 src/ASF/sam/drivers/spi/spi.o
                0x00401e4e                spi_set_bits_per_transfer
 .text.spi_calc_baudrate_div
                0x00401e62       0x16 src/ASF/sam/drivers/spi/spi.o
                0x00401e62                spi_calc_baudrate_div
 .text.spi_set_baudrate_div
                0x00401e78       0x28 src/ASF/sam/drivers/spi/spi.o
                0x00401e78                spi_set_baudrate_div
 .text.spi_set_transfer_delay
                0x00401ea0       0x1e src/ASF/sam/drivers/spi/spi.o
                0x00401ea0                spi_set_transfer_delay
 *fill*         0x00401ebe        0x2 
 .text.twihs_set_speed
                0x00401ec0       0xb0 src/ASF/sam/drivers/twihs/twihs.o
                0x00401ec0                twihs_set_speed
 .text.twihs_master_init
                0x00401f70       0x34 src/ASF/sam/drivers/twihs/twihs.o
                0x00401f70                twihs_master_init
 .text.twihs_master_read
                0x00401fa4       0xac src/ASF/sam/drivers/twihs/twihs.o
                0x00401fa4                twihs_master_read
 .text.twihs_master_write
                0x00402050       0xa0 src/ASF/sam/drivers/twihs/twihs.o
                0x00402050                twihs_master_write
 .text.uart_write
                0x004020f0       0x12 src/ASF/sam/drivers/uart/uart.o
                0x004020f0                uart_write
 .text.uart_read
                0x00402102       0x14 src/ASF/sam/drivers/uart/uart.o
                0x00402102                uart_read
 .text.usart_set_async_baudrate
                0x00402116       0x5a src/ASF/sam/drivers/usart/usart.o
                0x00402116                usart_set_async_baudrate
 .text.usart_reset
                0x00402170       0x28 src/ASF/sam/drivers/usart/usart.o
                0x00402170                usart_reset
 .text.usart_init_rs232
                0x00402198       0x54 src/ASF/sam/drivers/usart/usart.o
                0x00402198                usart_init_rs232
 .text.usart_enable_tx
                0x004021ec        0x6 src/ASF/sam/drivers/usart/usart.o
                0x004021ec                usart_enable_tx
 .text.usart_enable_rx
                0x004021f2        0x6 src/ASF/sam/drivers/usart/usart.o
                0x004021f2                usart_enable_rx
 .text.usart_write
                0x004021f8       0x16 src/ASF/sam/drivers/usart/usart.o
                0x004021f8                usart_write
 .text.usart_read
                0x0040220e       0x18 src/ASF/sam/drivers/usart/usart.o
                0x0040220e                usart_read
 .text.Dummy_Handler
                0x00402226        0x2 src/ASF/sam/utils/cmsis/same70/source/templates/gcc/startup_same70.o
                0x00402226                DACC_Handler
                0x00402226                DebugMon_Handler
                0x00402226                UART3_Handler
                0x00402226                UART2_Handler
                0x00402226                TRNG_Handler
                0x00402226                HardFault_Handler
                0x00402226                TC2_Handler
                0x00402226                SysTick_Handler
                0x00402226                AFEC1_Handler
                0x00402226                PendSV_Handler
                0x00402226                NMI_Handler
                0x00402226                TC7_Handler
                0x00402226                QSPI_Handler
                0x00402226                ISI_Handler
                0x00402226                MCAN0_INT0_Handler
                0x00402226                TC9_Handler
                0x00402226                RSWDT_Handler
                0x00402226                USART0_Handler
                0x00402226                RTT_Handler
                0x00402226                USBHS_Handler
                0x00402226                IXC_Handler
                0x00402226                CCF_Handler
                0x00402226                UsageFault_Handler
                0x00402226                TC6_Handler
                0x00402226                WDT_Handler
                0x00402226                MCAN1_INT1_Handler
                0x00402226                HSMCI_Handler
                0x00402226                UART1_Handler
                0x00402226                TC3_Handler
                0x00402226                Dummy_Handler
                0x00402226                TWIHS1_Handler
                0x00402226                XDMAC_Handler
                0x00402226                UART4_Handler
                0x00402226                PWM1_Handler
                0x00402226                USART1_Handler
                0x00402226                PWM0_Handler
                0x00402226                AFEC0_Handler
                0x00402226                CCW_Handler
                0x00402226                SSC_Handler
                0x00402226                TC11_Handler
                0x00402226                ACC_Handler
                0x00402226                PMC_Handler
                0x00402226                GMAC_Handler
                0x00402226                MCAN0_INT1_Handler
                0x00402226                GMAC_Q5_Handler
                0x00402226                MemManage_Handler
                0x00402226                SUPC_Handler
                0x00402226                SVC_Handler
                0x00402226                TC8_Handler
                0x00402226                MCAN1_INT0_Handler
                0x00402226                EFC_Handler
                0x00402226                GMAC_Q1_Handler
                0x00402226                USART2_Handler
                0x00402226                SDRAMC_Handler
                0x00402226                GMAC_Q2_Handler
                0x00402226                SPI1_Handler
                0x00402226                TC10_Handler
                0x00402226                GMAC_Q3_Handler
                0x00402226                TWIHS2_Handler
                0x00402226                I2SC0_Handler
                0x00402226                UART0_Handler
                0x00402226                I2SC1_Handler
                0x00402226                GMAC_Q4_Handler
                0x00402226                FPU_Handler
                0x00402226                BusFault_Handler
                0x00402226                RSTC_Handler
                0x00402226                TC0_Handler
                0x00402226                TC5_Handler
                0x00402226                ICM_Handler
                0x00402226                AES_Handler
                0x00402226                TWIHS0_Handler
                0x00402226                SPI0_Handler
 .text.Reset_Handler
                0x00402228       0xc8 src/ASF/sam/utils/cmsis/same70/source/templates/gcc/startup_same70.o
                0x00402228                Reset_Handler
 .text.SystemCoreClockUpdate
                0x004022f0      0x10c src/ASF/sam/utils/cmsis/same70/source/templates/system_same70.o
                0x004022f0                SystemCoreClockUpdate
 .text.system_init_flash
                0x004023fc       0x8c src/ASF/sam/utils/cmsis/same70/source/templates/system_same70.o
                0x004023fc                system_init_flash
 .text._sbrk    0x00402488       0x38 src/ASF/sam/utils/syscalls/gcc/syscalls.o
                0x00402488                _sbrk
 .text._close   0x004024c0        0x6 src/ASF/sam/utils/syscalls/gcc/syscalls.o
                0x004024c0                _close
 .text._fstat   0x004024c6        0xa src/ASF/sam/utils/syscalls/gcc/syscalls.o
                0x004024c6                _fstat
 .text._isatty  0x004024d0        0x4 src/ASF/sam/utils/syscalls/gcc/syscalls.o
                0x004024d0                _isatty
 .text._lseek   0x004024d4        0x4 src/ASF/sam/utils/syscalls/gcc/syscalls.o
                0x004024d4                _lseek
 .text.Button2_Handler
                0x004024d8       0x24 src/main.o
 .text.Button1_Handler
                0x004024fc       0x6c src/main.o
 .text.usart_serial_getchar
                0x00402568       0xdc src/main.o
 .text.usart_serial_putchar
                0x00402644       0xd4 src/main.o
 .text.pin_toggle
                0x00402718       0x2c src/main.o
                0x00402718                pin_toggle
 .text.TC1_Handler
                0x00402744       0x34 src/main.o
                0x00402744                TC1_Handler
 .text.TC4_Handler
                0x00402778       0x30 src/main.o
                0x00402778                TC4_Handler
 .text.draw_text
                0x004027a8       0x8c src/main.o
                0x004027a8                draw_text
 .text.draw_button
                0x00402834      0x208 src/main.o
                0x00402834                draw_button
 .text.TC_init  0x00402a3c       0x94 src/main.o
                0x00402a3c                TC_init
 .text.RTC_Handler
                0x00402ad0       0x68 src/main.o
                0x00402ad0                RTC_Handler
 .text.BUT_init
                0x00402b38       0xa0 src/main.o
                0x00402b38                BUT_init
 .text.LED_init
                0x00402bd8       0x80 src/main.o
                0x00402bd8                LED_init
 .text.RTC_init
                0x00402c58       0x70 src/main.o
                0x00402c58                RTC_init
 .text.draw_screen
                0x00402cc8       0x30 src/main.o
                0x00402cc8                draw_screen
 .text.update_screen
                0x00402cf8      0x254 src/main.o
                0x00402cf8                update_screen
 .text.mxt_handler
                0x00402f4c       0xd4 src/main.o
                0x00402f4c                mxt_handler
 .text.preset_init
                0x00403020       0x44 src/main.o
                0x00403020                preset_init
 .text.main     0x00403064      0x620 src/main.o
                0x00403064                main
 .text.__libc_init_array
                0x00403684       0x50 c:/program files (x86)/atmel/studio/7.0/toolchain/arm/arm-gnu-toolchain/bin/../lib/gcc/arm-none-eabi/6.3.1/../../../../arm-none-eabi/lib/thumb/v7e-m\libc.a(lib_a-init.o)
                0x00403684                __libc_init_array
 .text.iprintf  0x004036d4       0x28 c:/program files (x86)/atmel/studio/7.0/toolchain/arm/arm-gnu-toolchain/bin/../lib/gcc/arm-none-eabi/6.3.1/../../../../arm-none-eabi/lib/thumb/v7e-m\libc.a(lib_a-iprintf.o)
                0x004036d4                iprintf
 .text.malloc   0x004036fc       0x10 c:/program files (x86)/atmel/studio/7.0/toolchain/arm/arm-gnu-toolchain/bin/../lib/gcc/arm-none-eabi/6.3.1/../../../../arm-none-eabi/lib/thumb/v7e-m\libc.a(lib_a-malloc.o)
                0x004036fc                malloc
 .text._malloc_r
                0x0040370c      0x560 c:/program files (x86)/atmel/studio/7.0/toolchain/arm/arm-gnu-toolchain/bin/../lib/gcc/arm-none-eabi/6.3.1/../../../../arm-none-eabi/lib/thumb/v7e-m\libc.a(lib_a-mallocr.o)
                0x0040370c                _malloc_r
 .text.memset   0x00403c6c       0x9c c:/program files (x86)/atmel/studio/7.0/toolchain/arm/arm-gnu-toolchain/bin/../lib/gcc/arm-none-eabi/6.3.1/../../../../arm-none-eabi/lib/thumb/v7e-m\libc.a(lib_a-memset.o)
                0x00403c6c                memset
 .text.__malloc_lock
                0x00403d08        0xc c:/program files (x86)/atmel/studio/7.0/toolchain/arm/arm-gnu-toolchain/bin/../lib/gcc/arm-none-eabi/6.3.1/../../../../arm-none-eabi/lib/thumb/v7e-m\libc.a(lib_a-mlock.o)
                0x00403d08                __malloc_lock
 .text.__malloc_unlock
                0x00403d14        0xc c:/program files (x86)/atmel/studio/7.0/toolchain/arm/arm-gnu-toolchain/bin/../lib/gcc/arm-none-eabi/6.3.1/../../../../arm-none-eabi/lib/thumb/v7e-m\libc.a(lib_a-mlock.o)
                0x00403d14                __malloc_unlock
 .text._sbrk_r  0x00403d20       0x24 c:/program files (x86)/atmel/studio/7.0/toolchain/arm/arm-gnu-toolchain/bin/../lib/gcc/arm-none-eabi/6.3.1/../../../../arm-none-eabi/lib/thumb/v7e-m\libc.a(lib_a-sbrkr.o)
                0x00403d20                _sbrk_r
 .text.setbuf   0x00403d44       0x10 c:/program files (x86)/atmel/studio/7.0/toolchain/arm/arm-gnu-toolchain/bin/../lib/gcc/arm-none-eabi/6.3.1/../../../../arm-none-eabi/lib/thumb/v7e-m\libc.a(lib_a-setbuf.o)
                0x00403d44                setbuf
 .text.setvbuf  0x00403d54      0x190 c:/program files (x86)/atmel/studio/7.0/toolchain/arm/arm-gnu-toolchain/bin/../lib/gcc/arm-none-eabi/6.3.1/../../../../arm-none-eabi/lib/thumb/v7e-m\libc.a(lib_a-setvbuf.o)
                0x00403d54                setvbuf
 .text.sprintf  0x00403ee4       0x4c c:/program files (x86)/atmel/studio/7.0/toolchain/arm/arm-gnu-toolchain/bin/../lib/gcc/arm-none-eabi/6.3.1/../../../../arm-none-eabi/lib/thumb/v7e-m\libc.a(lib_a-sprintf.o)
                0x00403ee4                sprintf
 .text.strcat   0x00403f30       0x40 c:/program files (x86)/atmel/studio/7.0/toolchain/arm/arm-gnu-toolchain/bin/../lib/gcc/arm-none-eabi/6.3.1/../../../../arm-none-eabi/lib/thumb/v7e-m\libc.a(lib_a-strcat.o)
                0x00403f30                strcat
 .text.strcpy   0x00403f70       0xbc c:/program files (x86)/atmel/studio/7.0/toolchain/arm/arm-gnu-toolchain/bin/../lib/gcc/arm-none-eabi/6.3.1/../../../../arm-none-eabi/lib/thumb/v7e-m\libc.a(lib_a-strcpy.o)
                0x00403f70                strcpy
 *fill*         0x0040402c       0x14 
 .text          0x00404040       0xdc c:/program files (x86)/atmel/studio/7.0/toolchain/arm/arm-gnu-toolchain/bin/../lib/gcc/arm-none-eabi/6.3.1/../../../../arm-none-eabi/lib/thumb/v7e-m\libc.a(lib_a-strlen.o)
                0x00404040                strlen
 .text._svfprintf_r
                0x0040411c     0x145c c:/program files (x86)/atmel/studio/7.0/toolchain/arm/arm-gnu-toolchain/bin/../lib/gcc/arm-none-eabi/6.3.1/../../../../arm-none-eabi/lib/thumb/v7e-m\libc.a(lib_a-svfprintf.o)
                0x0040411c                _svfprintf_r
 .text.__sprint_r.part.0
                0x00405578       0x80 c:/program files (x86)/atmel/studio/7.0/toolchain/arm/arm-gnu-toolchain/bin/../lib/gcc/arm-none-eabi/6.3.1/../../../../arm-none-eabi/lib/thumb/v7e-m\libc.a(lib_a-vfiprintf.o)
 .text._vfiprintf_r
                0x004055f8      0xc90 c:/program files (x86)/atmel/studio/7.0/toolchain/arm/arm-gnu-toolchain/bin/../lib/gcc/arm-none-eabi/6.3.1/../../../../arm-none-eabi/lib/thumb/v7e-m\libc.a(lib_a-vfiprintf.o)
                0x004055f8                _vfiprintf_r
 .text.__sbprintf
                0x00406288       0x84 c:/program files (x86)/atmel/studio/7.0/toolchain/arm/arm-gnu-toolchain/bin/../lib/gcc/arm-none-eabi/6.3.1/../../../../arm-none-eabi/lib/thumb/v7e-m\libc.a(lib_a-vfiprintf.o)
 .text.__swsetup_r
                0x0040630c       0xc8 c:/program files (x86)/atmel/studio/7.0/toolchain/arm/arm-gnu-toolchain/bin/../lib/gcc/arm-none-eabi/6.3.1/../../../../arm-none-eabi/lib/thumb/v7e-m\libc.a(lib_a-wsetup.o)
                0x0040630c                __swsetup_r
 .text.startup.register_fini
                0x004063d4       0x14 c:/program files (x86)/atmel/studio/7.0/toolchain/arm/arm-gnu-toolchain/bin/../lib/gcc/arm-none-eabi/6.3.1/../../../../arm-none-eabi/lib/thumb/v7e-m\libc.a(lib_a-__call_atexit.o)
 .text.atexit   0x004063e8        0xc c:/program files (x86)/atmel/studio/7.0/toolchain/arm/arm-gnu-toolchain/bin/../lib/gcc/arm-none-eabi/6.3.1/../../../../arm-none-eabi/lib/thumb/v7e-m\libc.a(lib_a-atexit.o)
                0x004063e8                atexit
 .text.quorem   0x004063f4      0x128 c:/program files (x86)/atmel/studio/7.0/toolchain/arm/arm-gnu-toolchain/bin/../lib/gcc/arm-none-eabi/6.3.1/../../../../arm-none-eabi/lib/thumb/v7e-m\libc.a(lib_a-dtoa.o)
 *fill*         0x0040651c        0x4 
 .text._dtoa_r  0x00406520      0xe54 c:/program files (x86)/atmel/studio/7.0/toolchain/arm/arm-gnu-toolchain/bin/../lib/gcc/arm-none-eabi/6.3.1/../../../../arm-none-eabi/lib/thumb/v7e-m\libc.a(lib_a-dtoa.o)
                0x00406520                _dtoa_r
 .text.__sflush_r
                0x00407374      0x140 c:/program files (x86)/atmel/studio/7.0/toolchain/arm/arm-gnu-toolchain/bin/../lib/gcc/arm-none-eabi/6.3.1/../../../../arm-none-eabi/lib/thumb/v7e-m\libc.a(lib_a-fflush.o)
                0x00407374                __sflush_r
 .text._fflush_r
                0x004074b4       0x54 c:/program files (x86)/atmel/studio/7.0/toolchain/arm/arm-gnu-toolchain/bin/../lib/gcc/arm-none-eabi/6.3.1/../../../../arm-none-eabi/lib/thumb/v7e-m\libc.a(lib_a-fflush.o)
                0x004074b4                _fflush_r
 .text._cleanup_r
                0x00407508        0xc c:/program files (x86)/atmel/studio/7.0/toolchain/arm/arm-gnu-toolchain/bin/../lib/gcc/arm-none-eabi/6.3.1/../../../../arm-none-eabi/lib/thumb/v7e-m\libc.a(lib_a-findfp.o)
                0x00407508                _cleanup_r
 .text.std.isra.0
                0x00407514       0x50 c:/program files (x86)/atmel/studio/7.0/toolchain/arm/arm-gnu-toolchain/bin/../lib/gcc/arm-none-eabi/6.3.1/../../../../arm-none-eabi/lib/thumb/v7e-m\libc.a(lib_a-findfp.o)
 .text.__sinit  0x00407564       0x58 c:/program files (x86)/atmel/studio/7.0/toolchain/arm/arm-gnu-toolchain/bin/../lib/gcc/arm-none-eabi/6.3.1/../../../../arm-none-eabi/lib/thumb/v7e-m\libc.a(lib_a-findfp.o)
                0x00407564                __sinit
 .text.__sfp_lock_acquire
                0x004075bc        0xc c:/program files (x86)/atmel/studio/7.0/toolchain/arm/arm-gnu-toolchain/bin/../lib/gcc/arm-none-eabi/6.3.1/../../../../arm-none-eabi/lib/thumb/v7e-m\libc.a(lib_a-findfp.o)
                0x004075bc                __sfp_lock_acquire
 .text.__sfp_lock_release
                0x004075c8        0xc c:/program files (x86)/atmel/studio/7.0/toolchain/arm/arm-gnu-toolchain/bin/../lib/gcc/arm-none-eabi/6.3.1/../../../../arm-none-eabi/lib/thumb/v7e-m\libc.a(lib_a-findfp.o)
                0x004075c8                __sfp_lock_release
 .text.__libc_fini_array
                0x004075d4       0x34 c:/program files (x86)/atmel/studio/7.0/toolchain/arm/arm-gnu-toolchain/bin/../lib/gcc/arm-none-eabi/6.3.1/../../../../arm-none-eabi/lib/thumb/v7e-m\libc.a(lib_a-fini.o)
                0x004075d4                __libc_fini_array
 .text.__fputwc
                0x00407608       0xa0 c:/program files (x86)/atmel/studio/7.0/toolchain/arm/arm-gnu-toolchain/bin/../lib/gcc/arm-none-eabi/6.3.1/../../../../arm-none-eabi/lib/thumb/v7e-m\libc.a(lib_a-fputwc.o)
                0x00407608                __fputwc
 .text._fputwc_r
                0x004076a8       0x68 c:/program files (x86)/atmel/studio/7.0/toolchain/arm/arm-gnu-toolchain/bin/../lib/gcc/arm-none-eabi/6.3.1/../../../../arm-none-eabi/lib/thumb/v7e-m\libc.a(lib_a-fputwc.o)
                0x004076a8                _fputwc_r
 .text._malloc_trim_r
                0x00407710       0xa0 c:/program files (x86)/atmel/studio/7.0/toolchain/arm/arm-gnu-toolchain/bin/../lib/gcc/arm-none-eabi/6.3.1/../../../../arm-none-eabi/lib/thumb/v7e-m\libc.a(lib_a-freer.o)
                0x00407710                _malloc_trim_r
 .text._free_r  0x004077b0      0x1cc c:/program files (x86)/atmel/studio/7.0/toolchain/arm/arm-gnu-toolchain/bin/../lib/gcc/arm-none-eabi/6.3.1/../../../../arm-none-eabi/lib/thumb/v7e-m\libc.a(lib_a-freer.o)
                0x004077b0                _free_r
 .text.__sfvwrite_r
                0x0040797c      0x2f0 c:/program files (x86)/atmel/studio/7.0/toolchain/arm/arm-gnu-toolchain/bin/../lib/gcc/arm-none-eabi/6.3.1/../../../../arm-none-eabi/lib/thumb/v7e-m\libc.a(lib_a-fvwrite.o)
                0x0040797c                __sfvwrite_r
 .text._fwalk_reent
                0x00407c6c       0x54 c:/program files (x86)/atmel/studio/7.0/toolchain/arm/arm-gnu-toolchain/bin/../lib/gcc/arm-none-eabi/6.3.1/../../../../arm-none-eabi/lib/thumb/v7e-m\libc.a(lib_a-fwalk.o)
                0x00407c6c                _fwalk_reent
 .text.__locale_mb_cur_max
                0x00407cc0       0x1c c:/program files (x86)/atmel/studio/7.0/toolchain/arm/arm-gnu-toolchain/bin/../lib/gcc/arm-none-eabi/6.3.1/../../../../arm-none-eabi/lib/thumb/v7e-m\libc.a(lib_a-locale.o)
                0x00407cc0                __locale_mb_cur_max
 .text._localeconv_r
                0x00407cdc       0x1c c:/program files (x86)/atmel/studio/7.0/toolchain/arm/arm-gnu-toolchain/bin/../lib/gcc/arm-none-eabi/6.3.1/../../../../arm-none-eabi/lib/thumb/v7e-m\libc.a(lib_a-localeconv.o)
                0x00407cdc                _localeconv_r
 .text.__retarget_lock_init_recursive
                0x00407cf8        0x4 c:/program files (x86)/atmel/studio/7.0/toolchain/arm/arm-gnu-toolchain/bin/../lib/gcc/arm-none-eabi/6.3.1/../../../../arm-none-eabi/lib/thumb/v7e-m\libc.a(lib_a-lock.o)
                0x00407cf8                __retarget_lock_init_recursive
 .text.__retarget_lock_close_recursive
                0x00407cfc        0x4 c:/program files (x86)/atmel/studio/7.0/toolchain/arm/arm-gnu-toolchain/bin/../lib/gcc/arm-none-eabi/6.3.1/../../../../arm-none-eabi/lib/thumb/v7e-m\libc.a(lib_a-lock.o)
                0x00407cfc                __retarget_lock_close_recursive
 .text.__retarget_lock_acquire_recursive
                0x00407d00        0x4 c:/program files (x86)/atmel/studio/7.0/toolchain/arm/arm-gnu-toolchain/bin/../lib/gcc/arm-none-eabi/6.3.1/../../../../arm-none-eabi/lib/thumb/v7e-m\libc.a(lib_a-lock.o)
                0x00407d00                __retarget_lock_acquire_recursive
 .text.__retarget_lock_release_recursive
                0x00407d04        0x4 c:/program files (x86)/atmel/studio/7.0/toolchain/arm/arm-gnu-toolchain/bin/../lib/gcc/arm-none-eabi/6.3.1/../../../../arm-none-eabi/lib/thumb/v7e-m\libc.a(lib_a-lock.o)
                0x00407d04                __retarget_lock_release_recursive
 .text.__swhatbuf_r
                0x00407d08       0x5c c:/program files (x86)/atmel/studio/7.0/toolchain/arm/arm-gnu-toolchain/bin/../lib/gcc/arm-none-eabi/6.3.1/../../../../arm-none-eabi/lib/thumb/v7e-m\libc.a(lib_a-makebuf.o)
                0x00407d08                __swhatbuf_r
 .text.__smakebuf_r
                0x00407d64       0x94 c:/program files (x86)/atmel/studio/7.0/toolchain/arm/arm-gnu-toolchain/bin/../lib/gcc/arm-none-eabi/6.3.1/../../../../arm-none-eabi/lib/thumb/v7e-m\libc.a(lib_a-makebuf.o)
                0x00407d64                __smakebuf_r
 .text.__ascii_mbtowc
                0x00407df8       0x2c c:/program files (x86)/atmel/studio/7.0/toolchain/arm/arm-gnu-toolchain/bin/../lib/gcc/arm-none-eabi/6.3.1/../../../../arm-none-eabi/lib/thumb/v7e-m\libc.a(lib_a-mbtowc_r.o)
                0x00407df8                __ascii_mbtowc
 *fill*         0x00407e24        0xc 
 .text          0x00407e30       0xa0 c:/program files (x86)/atmel/studio/7.0/toolchain/arm/arm-gnu-toolchain/bin/../lib/gcc/arm-none-eabi/6.3.1/../../../../arm-none-eabi/lib/thumb/v7e-m\libc.a(lib_a-memchr.o)
                0x00407e30                memchr
 .text          0x00407ed0      0x134 c:/program files (x86)/atmel/studio/7.0/toolchain/arm/arm-gnu-toolchain/bin/../lib/gcc/arm-none-eabi/6.3.1/../../../../arm-none-eabi/lib/thumb/v7e-m\libc.a(lib_a-memcpy.o)
                0x00407ed0                memcpy
 .text.memmove  0x00408004       0xc8 c:/program files (x86)/atmel/studio/7.0/toolchain/arm/arm-gnu-toolchain/bin/../lib/gcc/arm-none-eabi/6.3.1/../../../../arm-none-eabi/lib/thumb/v7e-m\libc.a(lib_a-memmove.o)
                0x00408004                memmove
 .text._Balloc  0x004080cc       0x4c c:/program files (x86)/atmel/studio/7.0/toolchain/arm/arm-gnu-toolchain/bin/../lib/gcc/arm-none-eabi/6.3.1/../../../../arm-none-eabi/lib/thumb/v7e-m\libc.a(lib_a-mprec.o)
                0x004080cc                _Balloc
 .text._Bfree   0x00408118       0x14 c:/program files (x86)/atmel/studio/7.0/toolchain/arm/arm-gnu-toolchain/bin/../lib/gcc/arm-none-eabi/6.3.1/../../../../arm-none-eabi/lib/thumb/v7e-m\libc.a(lib_a-mprec.o)
                0x00408118                _Bfree
 .text.__multadd
                0x0040812c       0x80 c:/program files (x86)/atmel/studio/7.0/toolchain/arm/arm-gnu-toolchain/bin/../lib/gcc/arm-none-eabi/6.3.1/../../../../arm-none-eabi/lib/thumb/v7e-m\libc.a(lib_a-mprec.o)
                0x0040812c                __multadd
 .text.__hi0bits
                0x004081ac       0x40 c:/program files (x86)/atmel/studio/7.0/toolchain/arm/arm-gnu-toolchain/bin/../lib/gcc/arm-none-eabi/6.3.1/../../../../arm-none-eabi/lib/thumb/v7e-m\libc.a(lib_a-mprec.o)
                0x004081ac                __hi0bits
 .text.__lo0bits
                0x004081ec       0x60 c:/program files (x86)/atmel/studio/7.0/toolchain/arm/arm-gnu-toolchain/bin/../lib/gcc/arm-none-eabi/6.3.1/../../../../arm-none-eabi/lib/thumb/v7e-m\libc.a(lib_a-mprec.o)
                0x004081ec                __lo0bits
 .text.__i2b    0x0040824c       0x14 c:/program files (x86)/atmel/studio/7.0/toolchain/arm/arm-gnu-toolchain/bin/../lib/gcc/arm-none-eabi/6.3.1/../../../../arm-none-eabi/lib/thumb/v7e-m\libc.a(lib_a-mprec.o)
                0x0040824c                __i2b
 .text.__multiply
                0x00408260      0x124 c:/program files (x86)/atmel/studio/7.0/toolchain/arm/arm-gnu-toolchain/bin/../lib/gcc/arm-none-eabi/6.3.1/../../../../arm-none-eabi/lib/thumb/v7e-m\libc.a(lib_a-mprec.o)
                0x00408260                __multiply
 .text.__pow5mult
                0x00408384       0xa0 c:/program files (x86)/atmel/studio/7.0/toolchain/arm/arm-gnu-toolchain/bin/../lib/gcc/arm-none-eabi/6.3.1/../../../../arm-none-eabi/lib/thumb/v7e-m\libc.a(lib_a-mprec.o)
                0x00408384                __pow5mult
 .text.__lshift
                0x00408424       0xa4 c:/program files (x86)/atmel/studio/7.0/toolchain/arm/arm-gnu-toolchain/bin/../lib/gcc/arm-none-eabi/6.3.1/../../../../arm-none-eabi/lib/thumb/v7e-m\libc.a(lib_a-mprec.o)
                0x00408424                __lshift
 .text.__mcmp   0x004084c8       0x38 c:/program files (x86)/atmel/studio/7.0/toolchain/arm/arm-gnu-toolchain/bin/../lib/gcc/arm-none-eabi/6.3.1/../../../../arm-none-eabi/lib/thumb/v7e-m\libc.a(lib_a-mprec.o)
                0x004084c8                __mcmp
 .text.__mdiff  0x00408500      0x108 c:/program files (x86)/atmel/studio/7.0/toolchain/arm/arm-gnu-toolchain/bin/../lib/gcc/arm-none-eabi/6.3.1/../../../../arm-none-eabi/lib/thumb/v7e-m\libc.a(lib_a-mprec.o)
                0x00408500                __mdiff
 .text.__d2b    0x00408608       0xb8 c:/program files (x86)/atmel/studio/7.0/toolchain/arm/arm-gnu-toolchain/bin/../lib/gcc/arm-none-eabi/6.3.1/../../../../arm-none-eabi/lib/thumb/v7e-m\libc.a(lib_a-mprec.o)
                0x00408608                __d2b
 .text._realloc_r
                0x004086c0      0x34c c:/program files (x86)/atmel/studio/7.0/toolchain/arm/arm-gnu-toolchain/bin/../lib/gcc/arm-none-eabi/6.3.1/../../../../arm-none-eabi/lib/thumb/v7e-m\libc.a(lib_a-reallocr.o)
                0x004086c0                _realloc_r
 .text.__sread  0x00408a0c       0x24 c:/program files (x86)/atmel/studio/7.0/toolchain/arm/arm-gnu-toolchain/bin/../lib/gcc/arm-none-eabi/6.3.1/../../../../arm-none-eabi/lib/thumb/v7e-m\libc.a(lib_a-stdio.o)
                0x00408a0c                __sread
 .text.__swrite
                0x00408a30       0x3c c:/program files (x86)/atmel/studio/7.0/toolchain/arm/arm-gnu-toolchain/bin/../lib/gcc/arm-none-eabi/6.3.1/../../../../arm-none-eabi/lib/thumb/v7e-m\libc.a(lib_a-stdio.o)
                0x00408a30                __swrite
 .text.__sseek  0x00408a6c       0x20 c:/program files (x86)/atmel/studio/7.0/toolchain/arm/arm-gnu-toolchain/bin/../lib/gcc/arm-none-eabi/6.3.1/../../../../arm-none-eabi/lib/thumb/v7e-m\libc.a(lib_a-stdio.o)
                0x00408a6c                __sseek
 .text.__sclose
                0x00408a8c        0x8 c:/program files (x86)/atmel/studio/7.0/toolchain/arm/arm-gnu-toolchain/bin/../lib/gcc/arm-none-eabi/6.3.1/../../../../arm-none-eabi/lib/thumb/v7e-m\libc.a(lib_a-stdio.o)
                0x00408a8c                __sclose
 .text.__ssprint_r
                0x00408a94       0xfc c:/program files (x86)/atmel/studio/7.0/toolchain/arm/arm-gnu-toolchain/bin/../lib/gcc/arm-none-eabi/6.3.1/../../../../arm-none-eabi/lib/thumb/v7e-m\libc.a(lib_a-svfiprintf.o)
                0x00408a94                __ssprint_r
 .text.__swbuf_r
                0x00408b90       0xb0 c:/program files (x86)/atmel/studio/7.0/toolchain/arm/arm-gnu-toolchain/bin/../lib/gcc/arm-none-eabi/6.3.1/../../../../arm-none-eabi/lib/thumb/v7e-m\libc.a(lib_a-wbuf.o)
                0x00408b90                __swbuf_r
 .text._wcrtomb_r
                0x00408c40       0x54 c:/program files (x86)/atmel/studio/7.0/toolchain/arm/arm-gnu-toolchain/bin/../lib/gcc/arm-none-eabi/6.3.1/../../../../arm-none-eabi/lib/thumb/v7e-m\libc.a(lib_a-wcrtomb.o)
                0x00408c40                _wcrtomb_r
 .text.__ascii_wctomb
                0x00408c94       0x1c c:/program files (x86)/atmel/studio/7.0/toolchain/arm/arm-gnu-toolchain/bin/../lib/gcc/arm-none-eabi/6.3.1/../../../../arm-none-eabi/lib/thumb/v7e-m\libc.a(lib_a-wctomb_r.o)
                0x00408c94                __ascii_wctomb
 .text._write_r
                0x00408cb0       0x2c c:/program files (x86)/atmel/studio/7.0/toolchain/arm/arm-gnu-toolchain/bin/../lib/gcc/arm-none-eabi/6.3.1/../../../../arm-none-eabi/lib/thumb/v7e-m\libc.a(lib_a-writer.o)
                0x00408cb0                _write_r
 .text.__register_exitproc
                0x00408cdc       0xc4 c:/program files (x86)/atmel/studio/7.0/toolchain/arm/arm-gnu-toolchain/bin/../lib/gcc/arm-none-eabi/6.3.1/../../../../arm-none-eabi/lib/thumb/v7e-m\libc.a(lib_a-__atexit.o)
                0x00408cdc                __register_exitproc
 .text._calloc_r
                0x00408da0       0x60 c:/program files (x86)/atmel/studio/7.0/toolchain/arm/arm-gnu-toolchain/bin/../lib/gcc/arm-none-eabi/6.3.1/../../../../arm-none-eabi/lib/thumb/v7e-m\libc.a(lib_a-callocr.o)
                0x00408da0                _calloc_r
 .text._close_r
                0x00408e00       0x24 c:/program files (x86)/atmel/studio/7.0/toolchain/arm/arm-gnu-toolchain/bin/../lib/gcc/arm-none-eabi/6.3.1/../../../../arm-none-eabi/lib/thumb/v7e-m\libc.a(lib_a-closer.o)
                0x00408e00                _close_r
 .text._fclose_r
                0x00408e24       0xc4 c:/program files (x86)/atmel/studio/7.0/toolchain/arm/arm-gnu-toolchain/bin/../lib/gcc/arm-none-eabi/6.3.1/../../../../arm-none-eabi/lib/thumb/v7e-m\libc.a(lib_a-fclose.o)
                0x00408e24                _fclose_r
 .text._fstat_r
                0x00408ee8       0x28 c:/program files (x86)/atmel/studio/7.0/toolchain/arm/arm-gnu-toolchain/bin/../lib/gcc/arm-none-eabi/6.3.1/../../../../arm-none-eabi/lib/thumb/v7e-m\libc.a(lib_a-fstatr.o)
                0x00408ee8                _fstat_r
 .text._isatty_r
                0x00408f10       0x24 c:/program files (x86)/atmel/studio/7.0/toolchain/arm/arm-gnu-toolchain/bin/../lib/gcc/arm-none-eabi/6.3.1/../../../../arm-none-eabi/lib/thumb/v7e-m\libc.a(lib_a-isattyr.o)
                0x00408f10                _isatty_r
 .text._lseek_r
                0x00408f34       0x2c c:/program files (x86)/atmel/studio/7.0/toolchain/arm/arm-gnu-toolchain/bin/../lib/gcc/arm-none-eabi/6.3.1/../../../../arm-none-eabi/lib/thumb/v7e-m\libc.a(lib_a-lseekr.o)
                0x00408f34                _lseek_r
 .text._read_r  0x00408f60       0x2c c:/program files (x86)/atmel/studio/7.0/toolchain/arm/arm-gnu-toolchain/bin/../lib/gcc/arm-none-eabi/6.3.1/../../../../arm-none-eabi/lib/thumb/v7e-m\libc.a(lib_a-readr.o)
                0x00408f60                _read_r
 .text          0x00408f8c      0x370 c:/program files (x86)/atmel/studio/7.0/toolchain/arm/arm-gnu-toolchain/bin/../lib/gcc/arm-none-eabi/6.3.1/thumb/v7e-m\libgcc.a(_arm_addsubdf3.o)
                0x00408f8c                __aeabi_drsub
                0x00408f94                __aeabi_dsub
                0x00408f94                __subdf3
                0x00408f98                __aeabi_dadd
                0x00408f98                __adddf3
                0x00409210                __floatunsidf
                0x00409210                __aeabi_ui2d
                0x00409230                __floatsidf
                0x00409230                __aeabi_i2d
                0x00409254                __aeabi_f2d
                0x00409254                __extendsfdf2
                0x00409290                __floatundidf
                0x00409290                __aeabi_ul2d
                0x004092a0                __floatdidf
                0x004092a0                __aeabi_l2d
 .text          0x004092fc      0x424 c:/program files (x86)/atmel/studio/7.0/toolchain/arm/arm-gnu-toolchain/bin/../lib/gcc/arm-none-eabi/6.3.1/thumb/v7e-m\libgcc.a(_arm_muldivdf3.o)
                0x004092fc                __aeabi_dmul
                0x004092fc                __muldf3
                0x00409550                __divdf3
                0x00409550                __aeabi_ddiv
 .text          0x00409720      0x110 c:/program files (x86)/atmel/studio/7.0/toolchain/arm/arm-gnu-toolchain/bin/../lib/gcc/arm-none-eabi/6.3.1/thumb/v7e-m\libgcc.a(_arm_cmpdf2.o)
                0x00409720                __gtdf2
                0x00409720                __gedf2
                0x00409728                __ltdf2
                0x00409728                __ledf2
                0x00409730                __nedf2
                0x00409730                __eqdf2
                0x00409730                __cmpdf2
                0x004097ac                __aeabi_cdrcmple
                0x004097bc                __aeabi_cdcmpeq
                0x004097bc                __aeabi_cdcmple
                0x004097cc                __aeabi_dcmpeq
                0x004097e0                __aeabi_dcmplt
                0x004097f4                __aeabi_dcmple
                0x00409808                __aeabi_dcmpge
                0x0040981c                __aeabi_dcmpgt
 .text          0x00409830       0x2c c:/program files (x86)/atmel/studio/7.0/toolchain/arm/arm-gnu-toolchain/bin/../lib/gcc/arm-none-eabi/6.3.1/thumb/v7e-m\libgcc.a(_arm_unorddf2.o)
                0x00409830                __unorddf2
                0x00409830                __aeabi_dcmpun
 .text          0x0040985c       0x50 c:/program files (x86)/atmel/studio/7.0/toolchain/arm/arm-gnu-toolchain/bin/../lib/gcc/arm-none-eabi/6.3.1/thumb/v7e-m\libgcc.a(_arm_fixdfsi.o)
                0x0040985c                __aeabi_d2iz
                0x0040985c                __fixdfsi
 .text          0x004098ac       0x30 c:/program files (x86)/atmel/studio/7.0/toolchain/arm/arm-gnu-toolchain/bin/../lib/gcc/arm-none-eabi/6.3.1/thumb/v7e-m\libgcc.a(_aeabi_uldivmod.o)
                0x004098ac                __aeabi_uldivmod
 .text          0x004098dc      0x2dc c:/program files (x86)/atmel/studio/7.0/toolchain/arm/arm-gnu-toolchain/bin/../lib/gcc/arm-none-eabi/6.3.1/thumb/v7e-m\libgcc.a(_udivmoddi4.o)
                0x004098dc                __udivmoddi4
 .text          0x00409bb8        0x4 c:/program files (x86)/atmel/studio/7.0/toolchain/arm/arm-gnu-toolchain/bin/../lib/gcc/arm-none-eabi/6.3.1/thumb/v7e-m\libgcc.a(_dvmd_tls.o)
                0x00409bb8                __aeabi_idiv0
                0x00409bb8                __aeabi_ldiv0
 *(.glue_7t)
 .glue_7t       0x00409bbc        0x0 linker stubs
 *(.glue_7)
 .glue_7        0x00409bbc        0x0 linker stubs
 *(.rodata .rodata* .gnu.linkonce.r.*)
 .rodata.p_uc_charset10x14
                0x00409bbc      0x780 src/ASF/sam/components/display/ili9488/ili9488.o
                0x00409bbc                p_uc_charset10x14
 .rodata        0x0040a33c       0x5d src/main.o
 *fill*         0x0040a399        0x3 
 .rodata.draw_button.str1.4
                0x0040a39c       0x34 src/main.o
 .rodata.draw_text.str1.4
                0x0040a3d0        0x8 src/main.o
 .rodata.image_data_Mast
                0x0040a3d8    0x70800 src/main.o
 .rodata.image_data_blankText
                0x0047abd8     0x2db4 src/main.o
 .rodata.image_data_padlock
                0x0047d98c     0xa8c0 src/main.o
 .rodata.image_data_padlocked
                0x0048824c     0xa8c0 src/main.o
 .rodata.image_data_pause
                0x00492b0c     0xa8c0 src/main.o
 .rodata.image_data_play
                0x0049d3cc     0xa8c0 src/main.o
 .rodata.main.str1.4
                0x004a7c8c       0x24 src/main.o
 .rodata.mxt_handler.str1.4
                0x004a7cb0       0x37 src/main.o
 *fill*         0x004a7ce7        0x1 
 .rodata._global_impure_ptr
                0x004a7ce8        0x4 c:/program files (x86)/atmel/studio/7.0/toolchain/arm/arm-gnu-toolchain/bin/../lib/gcc/arm-none-eabi/6.3.1/../../../../arm-none-eabi/lib/thumb/v7e-m\libc.a(lib_a-impure.o)
                0x004a7ce8                _global_impure_ptr
 .rodata._svfprintf_r.str1.4
                0x004a7cec       0x42 c:/program files (x86)/atmel/studio/7.0/toolchain/arm/arm-gnu-toolchain/bin/../lib/gcc/arm-none-eabi/6.3.1/../../../../arm-none-eabi/lib/thumb/v7e-m\libc.a(lib_a-svfprintf.o)
 *fill*         0x004a7d2e        0x2 
 .rodata.blanks.7223
                0x004a7d30       0x10 c:/program files (x86)/atmel/studio/7.0/toolchain/arm/arm-gnu-toolchain/bin/../lib/gcc/arm-none-eabi/6.3.1/../../../../arm-none-eabi/lib/thumb/v7e-m\libc.a(lib_a-svfprintf.o)
 .rodata.zeroes.7224
                0x004a7d40       0x10 c:/program files (x86)/atmel/studio/7.0/toolchain/arm/arm-gnu-toolchain/bin/../lib/gcc/arm-none-eabi/6.3.1/../../../../arm-none-eabi/lib/thumb/v7e-m\libc.a(lib_a-svfprintf.o)
 .rodata._vfiprintf_r.str1.4
                0x004a7d50       0x2f c:/program files (x86)/atmel/studio/7.0/toolchain/arm/arm-gnu-toolchain/bin/../lib/gcc/arm-none-eabi/6.3.1/../../../../arm-none-eabi/lib/thumb/v7e-m\libc.a(lib_a-vfiprintf.o)
 .rodata.blanks.7217
                0x004a7d50       0x10 c:/program files (x86)/atmel/studio/7.0/toolchain/arm/arm-gnu-toolchain/bin/../lib/gcc/arm-none-eabi/6.3.1/../../../../arm-none-eabi/lib/thumb/v7e-m\libc.a(lib_a-vfiprintf.o)
 .rodata.zeroes.7218
                0x004a7d60       0x10 c:/program files (x86)/atmel/studio/7.0/toolchain/arm/arm-gnu-toolchain/bin/../lib/gcc/arm-none-eabi/6.3.1/../../../../arm-none-eabi/lib/thumb/v7e-m\libc.a(lib_a-vfiprintf.o)
 .rodata._dtoa_r.str1.4
                0x004a7d70       0x10 c:/program files (x86)/atmel/studio/7.0/toolchain/arm/arm-gnu-toolchain/bin/../lib/gcc/arm-none-eabi/6.3.1/../../../../arm-none-eabi/lib/thumb/v7e-m\libc.a(lib_a-dtoa.o)
                                 0x12 (size before relaxing)
 .rodata._setlocale_r.str1.4
                0x004a7d80        0xa c:/program files (x86)/atmel/studio/7.0/toolchain/arm/arm-gnu-toolchain/bin/../lib/gcc/arm-none-eabi/6.3.1/../../../../arm-none-eabi/lib/thumb/v7e-m\libc.a(lib_a-locale.o)
                                  0xd (size before relaxing)
 *fill*         0x004a7d8a        0x2 
 .rodata.str1.4
                0x004a7d8c        0x4 c:/program files (x86)/atmel/studio/7.0/toolchain/arm/arm-gnu-toolchain/bin/../lib/gcc/arm-none-eabi/6.3.1/../../../../arm-none-eabi/lib/thumb/v7e-m\libc.a(lib_a-locale.o)
                                  0x2 (size before relaxing)
 .rodata.__mprec_bigtens
                0x004a7d90       0x28 c:/program files (x86)/atmel/studio/7.0/toolchain/arm/arm-gnu-toolchain/bin/../lib/gcc/arm-none-eabi/6.3.1/../../../../arm-none-eabi/lib/thumb/v7e-m\libc.a(lib_a-mprec.o)
                0x004a7d90                __mprec_bigtens
 .rodata.__mprec_tens
                0x004a7db8       0xc8 c:/program files (x86)/atmel/studio/7.0/toolchain/arm/arm-gnu-toolchain/bin/../lib/gcc/arm-none-eabi/6.3.1/../../../../arm-none-eabi/lib/thumb/v7e-m\libc.a(lib_a-mprec.o)
                0x004a7db8                __mprec_tens
 .rodata.p05.6055
                0x004a7e80        0xc c:/program files (x86)/atmel/studio/7.0/toolchain/arm/arm-gnu-toolchain/bin/../lib/gcc/arm-none-eabi/6.3.1/../../../../arm-none-eabi/lib/thumb/v7e-m\libc.a(lib_a-mprec.o)
 .rodata._ctype_
                0x004a7e8c      0x101 c:/program files (x86)/atmel/studio/7.0/toolchain/arm/arm-gnu-toolchain/bin/../lib/gcc/arm-none-eabi/6.3.1/../../../../arm-none-eabi/lib/thumb/v7e-m\libc.a(lib_a-ctype_.o)
                0x004a7e8c                _ctype_
 *(.ARM.extab* .gnu.linkonce.armextab.*)
                0x004a7f90                . = ALIGN (0x4)
 *fill*         0x004a7f8d        0x3 
 *(.init)
 .init          0x004a7f90        0x4 c:/program files (x86)/atmel/studio/7.0/toolchain/arm/arm-gnu-toolchain/bin/../lib/gcc/arm-none-eabi/6.3.1/thumb/v7e-m/crti.o
                0x004a7f90                _init
 .init          0x004a7f94        0x8 c:/program files (x86)/atmel/studio/7.0/toolchain/arm/arm-gnu-toolchain/bin/../lib/gcc/arm-none-eabi/6.3.1/thumb/v7e-m/crtn.o
                0x004a7f9c                . = ALIGN (0x4)
                0x004a7f9c                __preinit_array_start = .
 *(.preinit_array)
                0x004a7f9c                __preinit_array_end = .
                0x004a7f9c                . = ALIGN (0x4)
                0x004a7f9c                __init_array_start = .
 *(SORT(.init_array.*))
 .init_array.00000
                0x004a7f9c        0x4 c:/program files (x86)/atmel/studio/7.0/toolchain/arm/arm-gnu-toolchain/bin/../lib/gcc/arm-none-eabi/6.3.1/../../../../arm-none-eabi/lib/thumb/v7e-m\libc.a(lib_a-__call_atexit.o)
 *(.init_array)
 .init_array    0x004a7fa0        0x4 c:/program files (x86)/atmel/studio/7.0/toolchain/arm/arm-gnu-toolchain/bin/../lib/gcc/arm-none-eabi/6.3.1/thumb/v7e-m/crtbegin.o
                0x004a7fa4                __init_array_end = .
                0x004a7fa4                . = ALIGN (0x4)
 *crtbegin.o(.ctors)
 *(EXCLUDE_FILE(*crtend.o) .ctors)
 *(SORT(.ctors.*))
 *crtend.o(.ctors)
                0x004a7fa4                . = ALIGN (0x4)
 *(.fini)
 .fini          0x004a7fa4        0x4 c:/program files (x86)/atmel/studio/7.0/toolchain/arm/arm-gnu-toolchain/bin/../lib/gcc/arm-none-eabi/6.3.1/thumb/v7e-m/crti.o
                0x004a7fa4                _fini
 .fini          0x004a7fa8        0x8 c:/program files (x86)/atmel/studio/7.0/toolchain/arm/arm-gnu-toolchain/bin/../lib/gcc/arm-none-eabi/6.3.1/thumb/v7e-m/crtn.o
                0x004a7fb0                . = ALIGN (0x4)
                0x004a7fb0                __fini_array_start = .
 *(.fini_array)
 .fini_array    0x004a7fb0        0x4 c:/program files (x86)/atmel/studio/7.0/toolchain/arm/arm-gnu-toolchain/bin/../lib/gcc/arm-none-eabi/6.3.1/thumb/v7e-m/crtbegin.o
 *(SORT(.fini_array.*))
                0x004a7fb4                __fini_array_end = .
 *crtbegin.o(.dtors)
 *(EXCLUDE_FILE(*crtend.o) .dtors)
 *(SORT(.dtors.*))
 *crtend.o(.dtors)
                0x004a7fb4                . = ALIGN (0x4)
                0x004a7fb4                _efixed = .
                [!provide]                PROVIDE (__exidx_start, .)

.vfp11_veneer   0x004a7fb4        0x0
 .vfp11_veneer  0x004a7fb4        0x0 linker stubs

.v4_bx          0x004a7fb4        0x0
 .v4_bx         0x004a7fb4        0x0 linker stubs

.iplt           0x004a7fb4        0x0
 .iplt          0x004a7fb4        0x0 c:/program files (x86)/atmel/studio/7.0/toolchain/arm/arm-gnu-toolchain/bin/../lib/gcc/arm-none-eabi/6.3.1/thumb/v7e-m/crtbegin.o

.ARM.exidx      0x004a7fb4        0x8
 *(.ARM.exidx* .gnu.linkonce.armexidx.*)
 .ARM.exidx     0x004a7fb4        0x8 c:/program files (x86)/atmel/studio/7.0/toolchain/arm/arm-gnu-toolchain/bin/../lib/gcc/arm-none-eabi/6.3.1/thumb/v7e-m\libgcc.a(_udivmoddi4.o)
                [!provide]                PROVIDE (__exidx_end, .)

.eh_frame       0x004a7fbc        0x0
 .eh_frame      0x004a7fbc        0x0 c:/program files (x86)/atmel/studio/7.0/toolchain/arm/arm-gnu-toolchain/bin/../lib/gcc/arm-none-eabi/6.3.1/thumb/v7e-m/crtbegin.o

.rel.dyn        0x004a7fbc        0x0
 .rel.iplt      0x004a7fbc        0x0 c:/program files (x86)/atmel/studio/7.0/toolchain/arm/arm-gnu-toolchain/bin/../lib/gcc/arm-none-eabi/6.3.1/thumb/v7e-m/crtbegin.o

.jcr            0x004a7fbc        0x0
 .jcr           0x004a7fbc        0x0 c:/program files (x86)/atmel/studio/7.0/toolchain/arm/arm-gnu-toolchain/bin/../lib/gcc/arm-none-eabi/6.3.1/thumb/v7e-m/crtbegin.o

.igot.plt       0x004a7fbc        0x0
 .igot.plt      0x004a7fbc        0x0 c:/program files (x86)/atmel/studio/7.0/toolchain/arm/arm-gnu-toolchain/bin/../lib/gcc/arm-none-eabi/6.3.1/thumb/v7e-m/crtbegin.o
                0x004a7fbc                . = ALIGN (0x4)
                0x004a7fbc                _etext = .

.relocate       0x20400000      0xb28 load address 0x004a7fbc
                0x20400000                . = ALIGN (0x4)
                0x20400000                _srelocate = .
 *(.ramfunc .ramfunc.*)
 .ramfunc       0x20400000        0xa src/ASF/common/services/delay/sam/cycle_counter.o
                0x20400000                portable_delay_cycles
 *(.data .data.*)
 .data.g_interrupt_enabled
                0x2040000a        0x1 src/ASF/common/utils/interrupt/interrupt_sam_nvic.o
                0x2040000a                g_interrupt_enabled
 *fill*         0x2040000b        0x1 
 .data.SystemCoreClock
                0x2040000c        0x4 src/ASF/sam/utils/cmsis/same70/source/templates/system_same70.o
                0x2040000c                SystemCoreClock
 .data.c_centrifuga
                0x20400010       0x3c src/main.o
                0x20400010                c_centrifuga
 .data.c_diario
                0x2040004c       0x3c src/main.o
                0x2040004c                c_diario
 .data.c_enxague
                0x20400088       0x3c src/main.o
                0x20400088                c_enxague
 .data.c_pesado
                0x204000c4       0x3c src/main.o
                0x204000c4                c_pesado
 .data.c_rapido
                0x20400100       0x3c src/main.o
                0x20400100                c_rapido
 .data.c_teste  0x2040013c       0x3c src/main.o
                0x2040013c                c_teste
 .data.now_using
                0x20400178        0x4 src/main.o
                0x20400178                now_using
 .data._impure_ptr
                0x2040017c        0x4 c:/program files (x86)/atmel/studio/7.0/toolchain/arm/arm-gnu-toolchain/bin/../lib/gcc/arm-none-eabi/6.3.1/../../../../arm-none-eabi/lib/thumb/v7e-m\libc.a(lib_a-impure.o)
                0x2040017c                _impure_ptr
 .data.impure_data
                0x20400180      0x428 c:/program files (x86)/atmel/studio/7.0/toolchain/arm/arm-gnu-toolchain/bin/../lib/gcc/arm-none-eabi/6.3.1/../../../../arm-none-eabi/lib/thumb/v7e-m\libc.a(lib_a-impure.o)
 .data.__malloc_av_
                0x204005a8      0x408 c:/program files (x86)/atmel/studio/7.0/toolchain/arm/arm-gnu-toolchain/bin/../lib/gcc/arm-none-eabi/6.3.1/../../../../arm-none-eabi/lib/thumb/v7e-m\libc.a(lib_a-mallocr.o)
                0x204005a8                __malloc_av_
 .data.__malloc_sbrk_base
                0x204009b0        0x4 c:/program files (x86)/atmel/studio/7.0/toolchain/arm/arm-gnu-toolchain/bin/../lib/gcc/arm-none-eabi/6.3.1/../../../../arm-none-eabi/lib/thumb/v7e-m\libc.a(lib_a-mallocr.o)
                0x204009b0                __malloc_sbrk_base
 .data.__malloc_trim_threshold
                0x204009b4        0x4 c:/program files (x86)/atmel/studio/7.0/toolchain/arm/arm-gnu-toolchain/bin/../lib/gcc/arm-none-eabi/6.3.1/../../../../arm-none-eabi/lib/thumb/v7e-m\libc.a(lib_a-mallocr.o)
                0x204009b4                __malloc_trim_threshold
 .data.__atexit_recursive_mutex
                0x204009b8        0x4 c:/program files (x86)/atmel/studio/7.0/toolchain/arm/arm-gnu-toolchain/bin/../lib/gcc/arm-none-eabi/6.3.1/../../../../arm-none-eabi/lib/thumb/v7e-m\libc.a(lib_a-__call_atexit.o)
                0x204009b8                __atexit_recursive_mutex
 .data.__global_locale
                0x204009bc      0x16c c:/program files (x86)/atmel/studio/7.0/toolchain/arm/arm-gnu-toolchain/bin/../lib/gcc/arm-none-eabi/6.3.1/../../../../arm-none-eabi/lib/thumb/v7e-m\libc.a(lib_a-locale.o)
                0x204009bc                __global_locale
                0x20400b28                . = ALIGN (0x4)
                0x20400b28                _erelocate = .

.bss            0x20400b28      0x70c load address 0x004a8ae4
                0x20400b28                . = ALIGN (0x4)
                0x20400b28                _sbss = .
                0x20400b28                _szero = .
 *(.bss .bss.*)
 .bss           0x20400b28       0x1c c:/program files (x86)/atmel/studio/7.0/toolchain/arm/arm-gnu-toolchain/bin/../lib/gcc/arm-none-eabi/6.3.1/thumb/v7e-m/crtbegin.o
 .bss.g_ul_pixel_cache
                0x20400b44      0x5a0 src/ASF/sam/components/display/ili9488/ili9488.o
 .bss.gs_interrupt_sources
                0x204010e4       0x70 src/ASF/sam/drivers/pio/pio_handler.o
 .bss.gs_ul_nb_sources
                0x20401154        0x4 src/ASF/sam/drivers/pio/pio_handler.o
 .bss.ul_reg_val.9451
                0x20401158        0x4 src/ASF/sam/drivers/usart/usart.o
 .bss.heap.6420
                0x2040115c        0x4 src/ASF/sam/utils/syscalls/gcc/syscalls.o
 .bss.enx_q     0x20401160        0x4 src/main.o
                0x20401160                enx_q
 .bss.enx_time_30
                0x20401164        0x4 src/main.o
                0x20401164                enx_time_30
 .bss.has_centrifug
                0x20401168        0x4 src/main.o
                0x20401168                has_centrifug
 .bss.locked    0x2040116c        0x1 src/main.o
                0x2040116c                locked
 .bss.lockings  0x2040116d        0x1 src/main.o
                0x2040116d                lockings
 .bss.open_door
                0x2040116e        0x1 src/main.o
                0x2040116e                open_door
 .bss.playing   0x2040116f        0x1 src/main.o
                0x2040116f                playing
 .bss.rtc_happen
                0x20401170        0x1 src/main.o
                0x20401170                rtc_happen
 .bss.rtc_sec_happen
                0x20401171        0x1 src/main.o
                0x20401171                rtc_sec_happen
 .bss.stop_from_door
                0x20401172        0x1 src/main.o
                0x20401172                stop_from_door
 .bss.touched   0x20401173        0x1 src/main.o
                0x20401173                touched
 .bss.valvula_on
                0x20401174        0x4 src/main.o
                0x20401174                valvula_on
 .bss.__malloc_current_mallinfo
                0x20401178       0x28 c:/program files (x86)/atmel/studio/7.0/toolchain/arm/arm-gnu-toolchain/bin/../lib/gcc/arm-none-eabi/6.3.1/../../../../arm-none-eabi/lib/thumb/v7e-m\libc.a(lib_a-mallocr.o)
                0x20401178                __malloc_current_mallinfo
 .bss.__malloc_max_sbrked_mem
                0x204011a0        0x4 c:/program files (x86)/atmel/studio/7.0/toolchain/arm/arm-gnu-toolchain/bin/../lib/gcc/arm-none-eabi/6.3.1/../../../../arm-none-eabi/lib/thumb/v7e-m\libc.a(lib_a-mallocr.o)
                0x204011a0                __malloc_max_sbrked_mem
 .bss.__malloc_max_total_mem
                0x204011a4        0x4 c:/program files (x86)/atmel/studio/7.0/toolchain/arm/arm-gnu-toolchain/bin/../lib/gcc/arm-none-eabi/6.3.1/../../../../arm-none-eabi/lib/thumb/v7e-m\libc.a(lib_a-mallocr.o)
                0x204011a4                __malloc_max_total_mem
 .bss.__malloc_top_pad
                0x204011a8        0x4 c:/program files (x86)/atmel/studio/7.0/toolchain/arm/arm-gnu-toolchain/bin/../lib/gcc/arm-none-eabi/6.3.1/../../../../arm-none-eabi/lib/thumb/v7e-m\libc.a(lib_a-mallocr.o)
                0x204011a8                __malloc_top_pad
 *(COMMON)
 COMMON         0x204011ac        0x4 src/ASF/common/utils/stdio/read.o
                0x204011ac                ptr_get
 COMMON         0x204011b0        0x8 src/ASF/common/utils/stdio/write.o
                0x204011b0                ptr_put
                0x204011b4                stdio_base
 COMMON         0x204011b8       0x54 src/main.o
                0x204011b8                DAY2
                0x204011bc                MINUTE2
                0x204011c0                total_time
                0x204011e0                YEAR2
                0x204011e4                seconds_to_finish
                0x204011e8                HOUR2
                0x204011ec                SECOND2
                0x204011f0                MONTH2
                0x204011f4                minutes_to_finish
                0x204011f8                g_ili9488_display_opt
                0x20401208                WEEK2
 COMMON         0x2040120c       0x21 c:/program files (x86)/atmel/studio/7.0/toolchain/arm/arm-gnu-toolchain/bin/../lib/gcc/arm-none-eabi/6.3.1/../../../../arm-none-eabi/lib/thumb/v7e-m\libc.a(lib_a-lock.o)
                0x2040120c                __lock___atexit_recursive_mutex
                0x20401210                __lock___arc4random_mutex
                0x20401214                __lock___env_recursive_mutex
                0x20401218                __lock___sinit_recursive_mutex
                0x2040121c                __lock___malloc_recursive_mutex
                0x20401220                __lock___at_quick_exit_mutex
                0x20401224                __lock___dd_hash_mutex
                0x20401228                __lock___tz_mutex
                0x2040122c                __lock___sfp_recursive_mutex
 *fill*         0x2040122d        0x3 
 COMMON         0x20401230        0x4 c:/program files (x86)/atmel/studio/7.0/toolchain/arm/arm-gnu-toolchain/bin/../lib/gcc/arm-none-eabi/6.3.1/../../../../arm-none-eabi/lib/thumb/v7e-m\libc.a(lib_a-reent.o)
                0x20401230                errno
                0x20401234                . = ALIGN (0x4)
                0x20401234                _ebss = .
                0x20401234                _ezero = .

.stack          0x20401234     0x2004 load address 0x004a91f0
                0x20401238                . = ALIGN (0x8)
 *fill*         0x20401234        0x4 
                0x20401238                _sstack = .
                0x20403238                . = (. + STACK_SIZE)
 *fill*         0x20401238     0x2000 
                0x20403238                . = ALIGN (0x8)
                0x20403238                _estack = .

.heap           0x20403238      0x200 load address 0x004ab1f4
                0x20403238                . = ALIGN (0x8)
                0x20403238                _sheap = .
                0x20403438                . = (. + HEAP_SIZE)
 *fill*         0x20403238      0x200 
                0x20403438                . = ALIGN (0x8)
                0x20403438                _eheap = .
                0x20403438                . = ALIGN (0x4)
                0x20403438                _end = .
                0x2045ffff                _ram_end_ = ((ORIGIN (ram) + LENGTH (ram)) - 0x1)
OUTPUT(MXT_EXAMPLE_USART1.elf elf32-littlearm)

.ARM.attributes
                0x00000000       0x2e
 .ARM.attributes
                0x00000000       0x1e c:/program files (x86)/atmel/studio/7.0/toolchain/arm/arm-gnu-toolchain/bin/../lib/gcc/arm-none-eabi/6.3.1/thumb/v7e-m/crti.o
 .ARM.attributes
                0x0000001e       0x2e c:/program files (x86)/atmel/studio/7.0/toolchain/arm/arm-gnu-toolchain/bin/../lib/gcc/arm-none-eabi/6.3.1/thumb/v7e-m/crtbegin.o
 .ARM.attributes
                0x0000004c       0x37 src/ASF/sam/drivers/rtc/rtc.o
 .ARM.attributes
                0x00000083       0x37 src/ASF/sam/drivers/tc/tc.o
 .ARM.attributes
                0x000000ba       0x37 src/ASF/common/components/touch/mxt/mxt_device_1.o
 .ARM.attributes
                0x000000f1       0x37 src/ASF/common/services/clock/same70/sysclk.o
 .ARM.attributes
                0x00000128       0x37 src/ASF/common/services/delay/sam/cycle_counter.o
 .ARM.attributes
                0x0000015f       0x37 src/ASF/common/services/serial/usart_serial.o
 .ARM.attributes
                0x00000196       0x37 src/ASF/common/services/spi/sam_spi/spi_master.o
 .ARM.attributes
                0x000001cd       0x37 src/ASF/common/utils/interrupt/interrupt_sam_nvic.o
 .ARM.attributes
                0x00000204       0x37 src/ASF/common/utils/stdio/read.o
 .ARM.attributes
                0x0000023b       0x37 src/ASF/common/utils/stdio/write.o
 .ARM.attributes
                0x00000272       0x37 src/ASF/sam/boards/same70_xplained/init.o
 .ARM.attributes
                0x000002a9       0x37 src/ASF/sam/components/display/ili9488/ili9488.o
 .ARM.attributes
                0x000002e0       0x37 src/ASF/sam/drivers/pio/pio.o
 .ARM.attributes
                0x00000317       0x37 src/ASF/sam/drivers/pio/pio_handler.o
 .ARM.attributes
                0x0000034e       0x37 src/ASF/sam/drivers/pmc/pmc.o
 .ARM.attributes
                0x00000385       0x37 src/ASF/sam/drivers/spi/spi.o
 .ARM.attributes
                0x000003bc       0x37 src/ASF/sam/drivers/twihs/twihs.o
 .ARM.attributes
                0x000003f3       0x37 src/ASF/sam/drivers/uart/uart.o
 .ARM.attributes
                0x0000042a       0x37 src/ASF/sam/drivers/usart/usart.o
 .ARM.attributes
                0x00000461       0x37 src/ASF/sam/utils/cmsis/same70/source/templates/gcc/startup_same70.o
 .ARM.attributes
                0x00000498       0x37 src/ASF/sam/utils/cmsis/same70/source/templates/system_same70.o
 .ARM.attributes
                0x000004cf       0x37 src/ASF/sam/utils/syscalls/gcc/syscalls.o
 .ARM.attributes
                0x00000506       0x37 src/main.o
 .ARM.attributes
                0x0000053d       0x2e c:/program files (x86)/atmel/studio/7.0/toolchain/arm/arm-gnu-toolchain/bin/../lib/gcc/arm-none-eabi/6.3.1/../../../../arm-none-eabi/lib/thumb/v7e-m\libc.a(lib_a-impure.o)
 .ARM.attributes
                0x0000056b       0x2e c:/program files (x86)/atmel/studio/7.0/toolchain/arm/arm-gnu-toolchain/bin/../lib/gcc/arm-none-eabi/6.3.1/../../../../arm-none-eabi/lib/thumb/v7e-m\libc.a(lib_a-init.o)
 .ARM.attributes
                0x00000599       0x2e c:/program files (x86)/atmel/studio/7.0/toolchain/arm/arm-gnu-toolchain/bin/../lib/gcc/arm-none-eabi/6.3.1/../../../../arm-none-eabi/lib/thumb/v7e-m\libc.a(lib_a-iprintf.o)
 .ARM.attributes
                0x000005c7       0x2e c:/program files (x86)/atmel/studio/7.0/toolchain/arm/arm-gnu-toolchain/bin/../lib/gcc/arm-none-eabi/6.3.1/../../../../arm-none-eabi/lib/thumb/v7e-m\libc.a(lib_a-malloc.o)
 .ARM.attributes
                0x000005f5       0x2e c:/program files (x86)/atmel/studio/7.0/toolchain/arm/arm-gnu-toolchain/bin/../lib/gcc/arm-none-eabi/6.3.1/../../../../arm-none-eabi/lib/thumb/v7e-m\libc.a(lib_a-mallocr.o)
 .ARM.attributes
                0x00000623       0x2e c:/program files (x86)/atmel/studio/7.0/toolchain/arm/arm-gnu-toolchain/bin/../lib/gcc/arm-none-eabi/6.3.1/../../../../arm-none-eabi/lib/thumb/v7e-m\libc.a(lib_a-memset.o)
 .ARM.attributes
                0x00000651       0x2e c:/program files (x86)/atmel/studio/7.0/toolchain/arm/arm-gnu-toolchain/bin/../lib/gcc/arm-none-eabi/6.3.1/../../../../arm-none-eabi/lib/thumb/v7e-m\libc.a(lib_a-mlock.o)
 .ARM.attributes
                0x0000067f       0x2e c:/program files (x86)/atmel/studio/7.0/toolchain/arm/arm-gnu-toolchain/bin/../lib/gcc/arm-none-eabi/6.3.1/../../../../arm-none-eabi/lib/thumb/v7e-m\libc.a(lib_a-sbrkr.o)
 .ARM.attributes
                0x000006ad       0x2e c:/program files (x86)/atmel/studio/7.0/toolchain/arm/arm-gnu-toolchain/bin/../lib/gcc/arm-none-eabi/6.3.1/../../../../arm-none-eabi/lib/thumb/v7e-m\libc.a(lib_a-setbuf.o)
 .ARM.attributes
                0x000006db       0x2e c:/program files (x86)/atmel/studio/7.0/toolchain/arm/arm-gnu-toolchain/bin/../lib/gcc/arm-none-eabi/6.3.1/../../../../arm-none-eabi/lib/thumb/v7e-m\libc.a(lib_a-setvbuf.o)
 .ARM.attributes
                0x00000709       0x2e c:/program files (x86)/atmel/studio/7.0/toolchain/arm/arm-gnu-toolchain/bin/../lib/gcc/arm-none-eabi/6.3.1/../../../../arm-none-eabi/lib/thumb/v7e-m\libc.a(lib_a-sprintf.o)
 .ARM.attributes
                0x00000737       0x2e c:/program files (x86)/atmel/studio/7.0/toolchain/arm/arm-gnu-toolchain/bin/../lib/gcc/arm-none-eabi/6.3.1/../../../../arm-none-eabi/lib/thumb/v7e-m\libc.a(lib_a-strcat.o)
 .ARM.attributes
                0x00000765       0x2e c:/program files (x86)/atmel/studio/7.0/toolchain/arm/arm-gnu-toolchain/bin/../lib/gcc/arm-none-eabi/6.3.1/../../../../arm-none-eabi/lib/thumb/v7e-m\libc.a(lib_a-strcpy.o)
 .ARM.attributes
                0x00000793       0x1c c:/program files (x86)/atmel/studio/7.0/toolchain/arm/arm-gnu-toolchain/bin/../lib/gcc/arm-none-eabi/6.3.1/../../../../arm-none-eabi/lib/thumb/v7e-m\libc.a(lib_a-strlen.o)
 .ARM.attributes
                0x000007af       0x2e c:/program files (x86)/atmel/studio/7.0/toolchain/arm/arm-gnu-toolchain/bin/../lib/gcc/arm-none-eabi/6.3.1/../../../../arm-none-eabi/lib/thumb/v7e-m\libc.a(lib_a-svfprintf.o)
 .ARM.attributes
                0x000007dd       0x2e c:/program files (x86)/atmel/studio/7.0/toolchain/arm/arm-gnu-toolchain/bin/../lib/gcc/arm-none-eabi/6.3.1/../../../../arm-none-eabi/lib/thumb/v7e-m\libc.a(lib_a-vfiprintf.o)
 .ARM.attributes
                0x0000080b       0x2e c:/program files (x86)/atmel/studio/7.0/toolchain/arm/arm-gnu-toolchain/bin/../lib/gcc/arm-none-eabi/6.3.1/../../../../arm-none-eabi/lib/thumb/v7e-m\libc.a(lib_a-wsetup.o)
 .ARM.attributes
                0x00000839       0x2e c:/program files (x86)/atmel/studio/7.0/toolchain/arm/arm-gnu-toolchain/bin/../lib/gcc/arm-none-eabi/6.3.1/../../../../arm-none-eabi/lib/thumb/v7e-m\libc.a(lib_a-__call_atexit.o)
 .ARM.attributes
                0x00000867       0x2e c:/program files (x86)/atmel/studio/7.0/toolchain/arm/arm-gnu-toolchain/bin/../lib/gcc/arm-none-eabi/6.3.1/../../../../arm-none-eabi/lib/thumb/v7e-m\libc.a(lib_a-atexit.o)
 .ARM.attributes
                0x00000895       0x2e c:/program files (x86)/atmel/studio/7.0/toolchain/arm/arm-gnu-toolchain/bin/../lib/gcc/arm-none-eabi/6.3.1/../../../../arm-none-eabi/lib/thumb/v7e-m\libc.a(lib_a-dtoa.o)
 .ARM.attributes
                0x000008c3       0x2e c:/program files (x86)/atmel/studio/7.0/toolchain/arm/arm-gnu-toolchain/bin/../lib/gcc/arm-none-eabi/6.3.1/../../../../arm-none-eabi/lib/thumb/v7e-m\libc.a(lib_a-fflush.o)
 .ARM.attributes
                0x000008f1       0x2e c:/program files (x86)/atmel/studio/7.0/toolchain/arm/arm-gnu-toolchain/bin/../lib/gcc/arm-none-eabi/6.3.1/../../../../arm-none-eabi/lib/thumb/v7e-m\libc.a(lib_a-findfp.o)
 .ARM.attributes
                0x0000091f       0x2e c:/program files (x86)/atmel/studio/7.0/toolchain/arm/arm-gnu-toolchain/bin/../lib/gcc/arm-none-eabi/6.3.1/../../../../arm-none-eabi/lib/thumb/v7e-m\libc.a(lib_a-fini.o)
 .ARM.attributes
                0x0000094d       0x2e c:/program files (x86)/atmel/studio/7.0/toolchain/arm/arm-gnu-toolchain/bin/../lib/gcc/arm-none-eabi/6.3.1/../../../../arm-none-eabi/lib/thumb/v7e-m\libc.a(lib_a-fputwc.o)
 .ARM.attributes
                0x0000097b       0x2e c:/program files (x86)/atmel/studio/7.0/toolchain/arm/arm-gnu-toolchain/bin/../lib/gcc/arm-none-eabi/6.3.1/../../../../arm-none-eabi/lib/thumb/v7e-m\libc.a(lib_a-freer.o)
 .ARM.attributes
                0x000009a9       0x2e c:/program files (x86)/atmel/studio/7.0/toolchain/arm/arm-gnu-toolchain/bin/../lib/gcc/arm-none-eabi/6.3.1/../../../../arm-none-eabi/lib/thumb/v7e-m\libc.a(lib_a-fvwrite.o)
 .ARM.attributes
                0x000009d7       0x2e c:/program files (x86)/atmel/studio/7.0/toolchain/arm/arm-gnu-toolchain/bin/../lib/gcc/arm-none-eabi/6.3.1/../../../../arm-none-eabi/lib/thumb/v7e-m\libc.a(lib_a-fwalk.o)
 .ARM.attributes
                0x00000a05       0x2e c:/program files (x86)/atmel/studio/7.0/toolchain/arm/arm-gnu-toolchain/bin/../lib/gcc/arm-none-eabi/6.3.1/../../../../arm-none-eabi/lib/thumb/v7e-m\libc.a(lib_a-locale.o)
 .ARM.attributes
                0x00000a33       0x2e c:/program files (x86)/atmel/studio/7.0/toolchain/arm/arm-gnu-toolchain/bin/../lib/gcc/arm-none-eabi/6.3.1/../../../../arm-none-eabi/lib/thumb/v7e-m\libc.a(lib_a-localeconv.o)
 .ARM.attributes
                0x00000a61       0x2e c:/program files (x86)/atmel/studio/7.0/toolchain/arm/arm-gnu-toolchain/bin/../lib/gcc/arm-none-eabi/6.3.1/../../../../arm-none-eabi/lib/thumb/v7e-m\libc.a(lib_a-lock.o)
 .ARM.attributes
                0x00000a8f       0x2e c:/program files (x86)/atmel/studio/7.0/toolchain/arm/arm-gnu-toolchain/bin/../lib/gcc/arm-none-eabi/6.3.1/../../../../arm-none-eabi/lib/thumb/v7e-m\libc.a(lib_a-makebuf.o)
 .ARM.attributes
                0x00000abd       0x2e c:/program files (x86)/atmel/studio/7.0/toolchain/arm/arm-gnu-toolchain/bin/../lib/gcc/arm-none-eabi/6.3.1/../../../../arm-none-eabi/lib/thumb/v7e-m\libc.a(lib_a-mbtowc_r.o)
 .ARM.attributes
                0x00000aeb       0x1c c:/program files (x86)/atmel/studio/7.0/toolchain/arm/arm-gnu-toolchain/bin/../lib/gcc/arm-none-eabi/6.3.1/../../../../arm-none-eabi/lib/thumb/v7e-m\libc.a(lib_a-memchr.o)
 .ARM.attributes
                0x00000b07       0x1c c:/program files (x86)/atmel/studio/7.0/toolchain/arm/arm-gnu-toolchain/bin/../lib/gcc/arm-none-eabi/6.3.1/../../../../arm-none-eabi/lib/thumb/v7e-m\libc.a(lib_a-memcpy.o)
 .ARM.attributes
                0x00000b23       0x2e c:/program files (x86)/atmel/studio/7.0/toolchain/arm/arm-gnu-toolchain/bin/../lib/gcc/arm-none-eabi/6.3.1/../../../../arm-none-eabi/lib/thumb/v7e-m\libc.a(lib_a-memmove.o)
 .ARM.attributes
                0x00000b51       0x2e c:/program files (x86)/atmel/studio/7.0/toolchain/arm/arm-gnu-toolchain/bin/../lib/gcc/arm-none-eabi/6.3.1/../../../../arm-none-eabi/lib/thumb/v7e-m\libc.a(lib_a-mprec.o)
 .ARM.attributes
                0x00000b7f       0x2e c:/program files (x86)/atmel/studio/7.0/toolchain/arm/arm-gnu-toolchain/bin/../lib/gcc/arm-none-eabi/6.3.1/../../../../arm-none-eabi/lib/thumb/v7e-m\libc.a(lib_a-reallocr.o)
 .ARM.attributes
                0x00000bad       0x2e c:/program files (x86)/atmel/studio/7.0/toolchain/arm/arm-gnu-toolchain/bin/../lib/gcc/arm-none-eabi/6.3.1/../../../../arm-none-eabi/lib/thumb/v7e-m\libc.a(lib_a-reent.o)
 .ARM.attributes
                0x00000bdb       0x2e c:/program files (x86)/atmel/studio/7.0/toolchain/arm/arm-gnu-toolchain/bin/../lib/gcc/arm-none-eabi/6.3.1/../../../../arm-none-eabi/lib/thumb/v7e-m\libc.a(lib_a-stdio.o)
 .ARM.attributes
                0x00000c09       0x2e c:/program files (x86)/atmel/studio/7.0/toolchain/arm/arm-gnu-toolchain/bin/../lib/gcc/arm-none-eabi/6.3.1/../../../../arm-none-eabi/lib/thumb/v7e-m\libc.a(lib_a-svfiprintf.o)
 .ARM.attributes
                0x00000c37       0x2e c:/program files (x86)/atmel/studio/7.0/toolchain/arm/arm-gnu-toolchain/bin/../lib/gcc/arm-none-eabi/6.3.1/../../../../arm-none-eabi/lib/thumb/v7e-m\libc.a(lib_a-wbuf.o)
 .ARM.attributes
                0x00000c65       0x2e c:/program files (x86)/atmel/studio/7.0/toolchain/arm/arm-gnu-toolchain/bin/../lib/gcc/arm-none-eabi/6.3.1/../../../../arm-none-eabi/lib/thumb/v7e-m\libc.a(lib_a-wcrtomb.o)
 .ARM.attributes
                0x00000c93       0x2e c:/program files (x86)/atmel/studio/7.0/toolchain/arm/arm-gnu-toolchain/bin/../lib/gcc/arm-none-eabi/6.3.1/../../../../arm-none-eabi/lib/thumb/v7e-m\libc.a(lib_a-wctomb_r.o)
 .ARM.attributes
                0x00000cc1       0x2e c:/program files (x86)/atmel/studio/7.0/toolchain/arm/arm-gnu-toolchain/bin/../lib/gcc/arm-none-eabi/6.3.1/../../../../arm-none-eabi/lib/thumb/v7e-m\libc.a(lib_a-writer.o)
 .ARM.attributes
                0x00000cef       0x2e c:/program files (x86)/atmel/studio/7.0/toolchain/arm/arm-gnu-toolchain/bin/../lib/gcc/arm-none-eabi/6.3.1/../../../../arm-none-eabi/lib/thumb/v7e-m\libc.a(lib_a-__atexit.o)
 .ARM.attributes
                0x00000d1d       0x2e c:/program files (x86)/atmel/studio/7.0/toolchain/arm/arm-gnu-toolchain/bin/../lib/gcc/arm-none-eabi/6.3.1/../../../../arm-none-eabi/lib/thumb/v7e-m\libc.a(lib_a-callocr.o)
 .ARM.attributes
                0x00000d4b       0x2e c:/program files (x86)/atmel/studio/7.0/toolchain/arm/arm-gnu-toolchain/bin/../lib/gcc/arm-none-eabi/6.3.1/../../../../arm-none-eabi/lib/thumb/v7e-m\libc.a(lib_a-closer.o)
 .ARM.attributes
                0x00000d79       0x2e c:/program files (x86)/atmel/studio/7.0/toolchain/arm/arm-gnu-toolchain/bin/../lib/gcc/arm-none-eabi/6.3.1/../../../../arm-none-eabi/lib/thumb/v7e-m\libc.a(lib_a-ctype_.o)
 .ARM.attributes
                0x00000da7       0x2e c:/program files (x86)/atmel/studio/7.0/toolchain/arm/arm-gnu-toolchain/bin/../lib/gcc/arm-none-eabi/6.3.1/../../../../arm-none-eabi/lib/thumb/v7e-m\libc.a(lib_a-fclose.o)
 .ARM.attributes
                0x00000dd5       0x2e c:/program files (x86)/atmel/studio/7.0/toolchain/arm/arm-gnu-toolchain/bin/../lib/gcc/arm-none-eabi/6.3.1/../../../../arm-none-eabi/lib/thumb/v7e-m\libc.a(lib_a-fstatr.o)
 .ARM.attributes
                0x00000e03       0x2e c:/program files (x86)/atmel/studio/7.0/toolchain/arm/arm-gnu-toolchain/bin/../lib/gcc/arm-none-eabi/6.3.1/../../../../arm-none-eabi/lib/thumb/v7e-m\libc.a(lib_a-isattyr.o)
 .ARM.attributes
                0x00000e31       0x2e c:/program files (x86)/atmel/studio/7.0/toolchain/arm/arm-gnu-toolchain/bin/../lib/gcc/arm-none-eabi/6.3.1/../../../../arm-none-eabi/lib/thumb/v7e-m\libc.a(lib_a-lseekr.o)
 .ARM.attributes
                0x00000e5f       0x2e c:/program files (x86)/atmel/studio/7.0/toolchain/arm/arm-gnu-toolchain/bin/../lib/gcc/arm-none-eabi/6.3.1/../../../../arm-none-eabi/lib/thumb/v7e-m\libc.a(lib_a-readr.o)
 .ARM.attributes
                0x00000e8d       0x1e c:/program files (x86)/atmel/studio/7.0/toolchain/arm/arm-gnu-toolchain/bin/../lib/gcc/arm-none-eabi/6.3.1/thumb/v7e-m\libgcc.a(_arm_addsubdf3.o)
 .ARM.attributes
                0x00000eab       0x1e c:/program files (x86)/atmel/studio/7.0/toolchain/arm/arm-gnu-toolchain/bin/../lib/gcc/arm-none-eabi/6.3.1/thumb/v7e-m\libgcc.a(_arm_muldivdf3.o)
 .ARM.attributes
                0x00000ec9       0x1e c:/program files (x86)/atmel/studio/7.0/toolchain/arm/arm-gnu-toolchain/bin/../lib/gcc/arm-none-eabi/6.3.1/thumb/v7e-m\libgcc.a(_arm_cmpdf2.o)
 .ARM.attributes
                0x00000ee7       0x1e c:/program files (x86)/atmel/studio/7.0/toolchain/arm/arm-gnu-toolchain/bin/../lib/gcc/arm-none-eabi/6.3.1/thumb/v7e-m\libgcc.a(_arm_unorddf2.o)
 .ARM.attributes
                0x00000f05       0x1e c:/program files (x86)/atmel/studio/7.0/toolchain/arm/arm-gnu-toolchain/bin/../lib/gcc/arm-none-eabi/6.3.1/thumb/v7e-m\libgcc.a(_arm_fixdfsi.o)
 .ARM.attributes
                0x00000f23       0x1e c:/program files (x86)/atmel/studio/7.0/toolchain/arm/arm-gnu-toolchain/bin/../lib/gcc/arm-none-eabi/6.3.1/thumb/v7e-m\libgcc.a(_aeabi_uldivmod.o)
 .ARM.attributes
                0x00000f41       0x2e c:/program files (x86)/atmel/studio/7.0/toolchain/arm/arm-gnu-toolchain/bin/../lib/gcc/arm-none-eabi/6.3.1/thumb/v7e-m\libgcc.a(_udivmoddi4.o)
 .ARM.attributes
                0x00000f6f       0x1e c:/program files (x86)/atmel/studio/7.0/toolchain/arm/arm-gnu-toolchain/bin/../lib/gcc/arm-none-eabi/6.3.1/thumb/v7e-m\libgcc.a(_dvmd_tls.o)
 .ARM.attributes
                0x00000f8d       0x1e c:/program files (x86)/atmel/studio/7.0/toolchain/arm/arm-gnu-toolchain/bin/../lib/gcc/arm-none-eabi/6.3.1/thumb/v7e-m/crtn.o

.comment        0x00000000       0x59
 .comment       0x00000000       0x59 src/ASF/sam/drivers/rtc/rtc.o
                                 0x5a (size before relaxing)
 .comment       0x00000059       0x5a src/ASF/sam/drivers/tc/tc.o
 .comment       0x00000059       0x5a src/ASF/common/components/touch/mxt/mxt_device_1.o
 .comment       0x00000059       0x5a src/ASF/common/services/clock/same70/sysclk.o
 .comment       0x00000059       0x5a src/ASF/common/services/delay/sam/cycle_counter.o
 .comment       0x00000059       0x5a src/ASF/common/services/serial/usart_serial.o
 .comment       0x00000059       0x5a src/ASF/common/services/spi/sam_spi/spi_master.o
 .comment       0x00000059       0x5a src/ASF/common/utils/interrupt/interrupt_sam_nvic.o
 .comment       0x00000059       0x5a src/ASF/common/utils/stdio/read.o
 .comment       0x00000059       0x5a src/ASF/common/utils/stdio/write.o
 .comment       0x00000059       0x5a src/ASF/sam/boards/same70_xplained/init.o
 .comment       0x00000059       0x5a src/ASF/sam/components/display/ili9488/ili9488.o
 .comment       0x00000059       0x5a src/ASF/sam/drivers/pio/pio.o
 .comment       0x00000059       0x5a src/ASF/sam/drivers/pio/pio_handler.o
 .comment       0x00000059       0x5a src/ASF/sam/drivers/pmc/pmc.o
 .comment       0x00000059       0x5a src/ASF/sam/drivers/spi/spi.o
 .comment       0x00000059       0x5a src/ASF/sam/drivers/twihs/twihs.o
 .comment       0x00000059       0x5a src/ASF/sam/drivers/uart/uart.o
 .comment       0x00000059       0x5a src/ASF/sam/drivers/usart/usart.o
 .comment       0x00000059       0x5a src/ASF/sam/utils/cmsis/same70/source/templates/gcc/startup_same70.o
 .comment       0x00000059       0x5a src/ASF/sam/utils/cmsis/same70/source/templates/system_same70.o
 .comment       0x00000059       0x5a src/ASF/sam/utils/syscalls/gcc/syscalls.o
 .comment       0x00000059       0x5a src/main.o

.debug_info     0x00000000    0x22638
 .debug_info    0x00000000     0x1167 src/ASF/sam/drivers/rtc/rtc.o
 .debug_info    0x00001167     0x1269 src/ASF/sam/drivers/tc/tc.o
 .debug_info    0x000023d0     0x240d src/ASF/common/components/touch/mxt/mxt_device_1.o
 .debug_info    0x000047dd     0x12a4 src/ASF/common/services/clock/same70/sysclk.o
 .debug_info    0x00005a81      0xa45 src/ASF/common/services/delay/sam/cycle_counter.o
 .debug_info    0x000064c6     0x1174 src/ASF/common/services/serial/usart_serial.o
 .debug_info    0x0000763a     0x15fe src/ASF/common/services/spi/sam_spi/spi_master.o
 .debug_info    0x00008c38      0xb01 src/ASF/common/utils/interrupt/interrupt_sam_nvic.o
 .debug_info    0x00009739      0xac9 src/ASF/common/utils/stdio/read.o
 .debug_info    0x0000a202      0xac6 src/ASF/common/utils/stdio/write.o
 .debug_info    0x0000acc8     0x24e7 src/ASF/sam/boards/same70_xplained/init.o
 .debug_info    0x0000d1af     0x28a5 src/ASF/sam/components/display/ili9488/ili9488.o
 .debug_info    0x0000fa54     0x2174 src/ASF/sam/drivers/pio/pio.o
 .debug_info    0x00011bc8     0x1b7e src/ASF/sam/drivers/pio/pio_handler.o
 .debug_info    0x00013746     0x1f12 src/ASF/sam/drivers/pmc/pmc.o
 .debug_info    0x00015658     0x1181 src/ASF/sam/drivers/spi/spi.o
 .debug_info    0x000167d9     0x1599 src/ASF/sam/drivers/twihs/twihs.o
 .debug_info    0x00017d72     0x1072 src/ASF/sam/drivers/uart/uart.o
 .debug_info    0x00018de4     0x23ac src/ASF/sam/drivers/usart/usart.o
 .debug_info    0x0001b190     0x1600 src/ASF/sam/utils/cmsis/same70/source/templates/gcc/startup_same70.o
 .debug_info    0x0001c790      0x5d0 src/ASF/sam/utils/cmsis/same70/source/templates/system_same70.o
 .debug_info    0x0001cd60      0xdb0 src/ASF/sam/utils/syscalls/gcc/syscalls.o
 .debug_info    0x0001db10     0x4b28 src/main.o

.debug_abbrev   0x00000000     0x46b7
 .debug_abbrev  0x00000000      0x2f0 src/ASF/sam/drivers/rtc/rtc.o
 .debug_abbrev  0x000002f0      0x2a0 src/ASF/sam/drivers/tc/tc.o
 .debug_abbrev  0x00000590      0x44d src/ASF/common/components/touch/mxt/mxt_device_1.o
 .debug_abbrev  0x000009dd      0x31f src/ASF/common/services/clock/same70/sysclk.o
 .debug_abbrev  0x00000cfc      0x1b3 src/ASF/common/services/delay/sam/cycle_counter.o
 .debug_abbrev  0x00000eaf      0x2b1 src/ASF/common/services/serial/usart_serial.o
 .debug_abbrev  0x00001160      0x3c1 src/ASF/common/services/spi/sam_spi/spi_master.o
 .debug_abbrev  0x00001521      0x212 src/ASF/common/utils/interrupt/interrupt_sam_nvic.o
 .debug_abbrev  0x00001733      0x1fe src/ASF/common/utils/stdio/read.o
 .debug_abbrev  0x00001931      0x1e9 src/ASF/common/utils/stdio/write.o
 .debug_abbrev  0x00001b1a      0x37e src/ASF/sam/boards/same70_xplained/init.o
 .debug_abbrev  0x00001e98      0x41d src/ASF/sam/components/display/ili9488/ili9488.o
 .debug_abbrev  0x000022b5      0x410 src/ASF/sam/drivers/pio/pio.o
 .debug_abbrev  0x000026c5      0x32f src/ASF/sam/drivers/pio/pio_handler.o
 .debug_abbrev  0x000029f4      0x398 src/ASF/sam/drivers/pmc/pmc.o
 .debug_abbrev  0x00002d8c      0x3b2 src/ASF/sam/drivers/spi/spi.o
 .debug_abbrev  0x0000313e      0x39f src/ASF/sam/drivers/twihs/twihs.o
 .debug_abbrev  0x000034dd      0x27b src/ASF/sam/drivers/uart/uart.o
 .debug_abbrev  0x00003758      0x3ca src/ASF/sam/drivers/usart/usart.o
 .debug_abbrev  0x00003b22      0x2e4 src/ASF/sam/utils/cmsis/same70/source/templates/gcc/startup_same70.o
 .debug_abbrev  0x00003e06      0x102 src/ASF/sam/utils/cmsis/same70/source/templates/system_same70.o
 .debug_abbrev  0x00003f08      0x264 src/ASF/sam/utils/syscalls/gcc/syscalls.o
 .debug_abbrev  0x0000416c      0x54b src/main.o
